Component: ARM Compiler 5.06 update 6 (build 750) Tool: armlink [4d35ed]

==============================================================================

Section Cross References

    main.o(i.main) refers to switch_interput.o(i.portF_init) for portF_init
    main.o(i.main) refers to dio_intpin.o(i.Dio_init) for Dio_init
    main.o(i.main) refers to console.o(i.InitConsole) for InitConsole
    main.o(i.main) refers to can_rx.o(i.CAN_Int) for CAN_Int
    main.o(i.main) refers to can_rx.o(i.can_ID) for can_ID
    main.o(i.main) refers to tasks.o(i.xTaskCreate) for xTaskCreate
    main.o(i.main) refers to tasks.o(i.vTaskStartScheduler) for vTaskStartScheduler
    main.o(i.main) refers to main.o(.data) for mytask_handle
    main.o(i.main) refers to my_task.o(i.Task3) for Task3
    main.o(i.main) refers to my_task.o(i.Read_UART) for Read_UART
    can_rx.o(i.CAN0_Handler) refers to can.o(i.CANIntStatus) for CANIntStatus
    can_rx.o(i.CAN0_Handler) refers to can.o(i.CANStatusGet) for CANStatusGet
    can_rx.o(i.CAN0_Handler) refers to can.o(i.CANIntClear) for CANIntClear
    can_rx.o(i.CAN0_Handler) refers to my_task.o(.data) for g_bErrFlag
    can_rx.o(i.CAN_Int) refers to sysctl.o(i.SysCtlClockSet) for SysCtlClockSet
    can_rx.o(i.CAN_Int) refers to sysctl.o(i.SysCtlPeripheralEnable) for SysCtlPeripheralEnable
    can_rx.o(i.CAN_Int) refers to gpio.o(i.GPIOPinConfigure) for GPIOPinConfigure
    can_rx.o(i.CAN_Int) refers to gpio.o(i.GPIOPinTypeCAN) for GPIOPinTypeCAN
    can_rx.o(i.CAN_Int) refers to can.o(i.CANInit) for CANInit
    can_rx.o(i.CAN_Int) refers to sysctl.o(i.SysCtlClockGet) for SysCtlClockGet
    can_rx.o(i.CAN_Int) refers to can.o(i.CANBitRateSet) for CANBitRateSet
    can_rx.o(i.CAN_Int) refers to can.o(i.CANIntEnable) for CANIntEnable
    can_rx.o(i.CAN_Int) refers to interrupt.o(i.IntEnable) for IntEnable
    can_rx.o(i.CAN_Int) refers to can.o(i.CANEnable) for CANEnable
    can_rx.o(i.CAN_Int) refers to my_task.o(.data) for ui32MsgData_TX
    can_rx.o(i.can_ID) refers to can.o(i.CANMessageSet) for CANMessageSet
    can_rx.o(i.can_ID) refers to my_task.o(.bss) for sCANMessage_TX
    can_rx.o(i.can_ID) refers to my_task.o(.data) for pui8MsgData_TX
    console.o(i.InitConsole) refers to sysctl.o(i.SysCtlPeripheralEnable) for SysCtlPeripheralEnable
    console.o(i.InitConsole) refers to gpio.o(i.GPIOPinConfigure) for GPIOPinConfigure
    console.o(i.InitConsole) refers to uart.o(i.UARTClockSourceSet) for UARTClockSourceSet
    console.o(i.InitConsole) refers to gpio.o(i.GPIOPinTypeUART) for GPIOPinTypeUART
    console.o(i.InitConsole) refers to uartstdio.o(i.UARTStdioConfig) for UARTStdioConfig
    lighting.o(i.lighting_Green) refers to lamp.o(i.LAMP) for LAMP
    lighting.o(i.lighting_blue) refers to lamp.o(i.LAMP) for LAMP
    lighting.o(i.lighting_off) refers to lamp.o(i.LAMP) for LAMP
    lighting.o(i.lighting_red) refers to lamp.o(i.LAMP) for LAMP
    lighting.o(i.lighting_white) refers to lamp.o(i.LAMP) for LAMP
    state_receiver.o(i.state) refers to can.o(i.CANMessageGet) for CANMessageGet
    state_receiver.o(i.state) refers to lamp.o(i.LAMP) for LAMP
    state_receiver.o(i.state) refers to lighting.o(i.lighting_white) for lighting_white
    state_receiver.o(i.state) refers to sysctl.o(.emb_text) for SysCtlDelay
    state_receiver.o(i.state) refers to lighting.o(i.lighting_red) for lighting_red
    state_receiver.o(i.state) refers to can.o(i.CANMessageSet) for CANMessageSet
    state_receiver.o(i.state) refers to lighting.o(i.lighting_blue) for lighting_blue
    state_receiver.o(i.state) refers to lighting.o(i.lighting_Green) for lighting_Green
    state_receiver.o(i.state) refers to my_task.o(.data) for g_bRXFlag
    state_receiver.o(i.state) refers to my_task.o(.bss) for sCANMessage
    state_receiver.o(i.state) refers to sensor_reading.o(.data) for Global
    switch_interput.o(i.GPIOF_Handler) refers to gpio.o(i.GPIOIntStatus) for GPIOIntStatus
    switch_interput.o(i.GPIOF_Handler) refers to gpio.o(i.GPIOIntClear) for GPIOIntClear
    switch_interput.o(i.GPIOF_Handler) refers to gpio.o(i.GPIOPinRead) for GPIOPinRead
    switch_interput.o(i.GPIOF_Handler) refers to lighting.o(i.lighting_white) for lighting_white
    switch_interput.o(i.GPIOF_Handler) refers to sysctl.o(.emb_text) for SysCtlDelay
    switch_interput.o(i.GPIOF_Handler) refers to lamp.o(i.LAMP) for LAMP
    switch_interput.o(i.GPIOF_Handler) refers to can.o(i.CANMessageSet) for CANMessageSet
    switch_interput.o(i.GPIOF_Handler) refers to lighting.o(i.lighting_blue) for lighting_blue
    switch_interput.o(i.GPIOF_Handler) refers to lighting.o(i.lighting_red) for lighting_red
    switch_interput.o(i.GPIOF_Handler) refers to my_task.o(.data) for pui8MsgData
    switch_interput.o(i.GPIOF_Handler) refers to my_task.o(.bss) for sCANMessage_TX
    switch_interput.o(i.portF_init) refers to sysctl.o(i.SysCtlClockSet) for SysCtlClockSet
[...]
    Removing queue.o(i.xQueueCreateMutex), (34 bytes).
    Removing queue.o(i.xQueueCreateSet), (20 bytes).
    Removing queue.o(i.xQueueGetMutexHolder), (28 bytes).
    Removing queue.o(i.xQueueGetMutexHolderFromISR), (38 bytes).
    Removing queue.o(i.xQueueGiveFromISR), (244 bytes).
    Removing queue.o(i.xQueueGiveMutexRecursive), (72 bytes).
    Removing queue.o(i.xQueueIsQueueEmptyFromISR), (42 bytes).
    Removing queue.o(i.xQueueIsQueueFullFromISR), (46 bytes).
    Removing queue.o(i.xQueuePeek), (368 bytes).
    Removing queue.o(i.xQueuePeekFromISR), (176 bytes).
    Removing queue.o(i.xQueueReceiveFromISR), (202 bytes).
    Removing queue.o(i.xQueueRemoveFromSet), (48 bytes).
    Removing queue.o(i.xQueueSelectFromSet), (24 bytes).
    Removing queue.o(i.xQueueSelectFromSetFromISR), (22 bytes).
    Removing queue.o(i.xQueueSemaphoreTake), (440 bytes).
    Removing queue.o(i.xQueueTakeMutexRecursive), (78 bytes).
    Removing tasks.o(i.eTaskGetState), (148 bytes).
    Removing tasks.o(i.pcTaskGetName), (48 bytes).
    Removing tasks.o(i.prvListTasksWithinSingleList), (106 bytes).
    Removing tasks.o(i.prvSearchForNameWithinSingleList), (176 bytes).
    Removing tasks.o(i.prvTaskCheckFreeStackSpace), (22 bytes).
    Removing tasks.o(i.prvTaskIsTaskSuspended), (88 bytes).
    Removing tasks.o(i.pvTaskIncrementMutexHeldCount), (32 bytes).
    Removing tasks.o(i.ulTaskNotifyTake), (116 bytes).
    Removing tasks.o(i.ulTaskNotifyValueClear), (52 bytes).
    Removing tasks.o(i.uxTaskGetNumberOfTasks), (12 bytes).
    Removing tasks.o(i.uxTaskGetStackHighWaterMark), (40 bytes).
    Removing tasks.o(i.uxTaskGetStackHighWaterMark2), (40 bytes).
    Removing tasks.o(i.uxTaskGetSystemState), (176 bytes).
    Removing tasks.o(i.uxTaskGetTaskNumber), (14 bytes).
    Removing tasks.o(i.uxTaskPriorityGet), (36 bytes).
    Removing tasks.o(i.uxTaskPriorityGetFromISR), (68 bytes).
    Removing tasks.o(i.uxTaskResetEventItemValue), (28 bytes).
    Removing tasks.o(i.vTaskDelayUntil), (212 bytes).
    Removing tasks.o(i.vTaskDelete), (244 bytes).
    Removing tasks.o(i.vTaskEndScheduler), (36 bytes).
    Removing tasks.o(i.vTaskGetInfo), (132 bytes).
    Removing tasks.o(i.vTaskNotifyGiveFromISR), (240 bytes).
    Removing tasks.o(i.vTaskPlaceOnUnorderedEventList), (108 bytes).
    Removing tasks.o(i.vTaskPriorityDisinheritAfterTimeout), (228 bytes).
    Removing tasks.o(i.vTaskPrioritySet), (276 bytes).
    Removing tasks.o(i.vTaskRemoveFromUnorderedEventList), (168 bytes).
    Removing tasks.o(i.vTaskResume), (144 bytes).
    Removing tasks.o(i.vTaskSetTaskNumber), (8 bytes).
    Removing tasks.o(i.vTaskSetTimeOutState), (60 bytes).
    Removing tasks.o(i.vTaskSuspend), (244 bytes).
    Removing tasks.o(i.xTaskAbortDelay), (160 bytes).
    Removing tasks.o(i.xTaskCatchUpTicks), (76 bytes).
    Removing tasks.o(i.xTaskGenericNotify), (300 bytes).
    Removing tasks.o(i.xTaskGenericNotifyFromISR), (360 bytes).
    Removing tasks.o(i.xTaskGetCurrentTaskHandle), (12 bytes).
    Removing tasks.o(i.xTaskGetHandle), (164 bytes).
    Removing tasks.o(i.xTaskGetIdleTaskHandle), (48 bytes).
    Removing tasks.o(i.xTaskGetTickCountFromISR), (20 bytes).
    Removing tasks.o(i.xTaskNotifyStateClear), (52 bytes).
    Removing tasks.o(i.xTaskNotifyWait), (160 bytes).
    Removing tasks.o(i.xTaskPriorityInherit), (184 bytes).
    Removing tasks.o(i.xTaskResumeFromISR), (180 bytes).
    Removing timers.o(i.pcTimerGetName), (32 bytes).
    Removing timers.o(i.prvInitialiseNewTimer), (90 bytes).
    Removing timers.o(i.pvTimerGetTimerID), (44 bytes).
    Removing timers.o(i.uxTimerGetReloadMode), (58 bytes).
    Removing timers.o(i.uxTimerGetTimerNumber), (6 bytes).
    Removing timers.o(i.vTimerSetReloadMode), (70 bytes).
    Removing timers.o(i.vTimerSetTimerID), (44 bytes).
    Removing timers.o(i.vTimerSetTimerNumber), (4 bytes).
    Removing timers.o(i.xTimerCreate), (54 bytes).
    Removing timers.o(i.xTimerGetExpiryTime), (34 bytes).
    Removing timers.o(i.xTimerGetPeriod), (32 bytes).
    Removing timers.o(i.xTimerGetTimerDaemonTaskHandle), (48 bytes).
    Removing timers.o(i.xTimerIsTimerActive), (58 bytes).
    Removing timers.o(i.xTimerPendFunctionCall), (80 bytes).
    Removing timers.o(i.xTimerPendFunctionCallFromISR), (52 bytes).
    Removing can.o(i.CANBitTimingGet), (42 bytes).
    Removing can.o(i.CANBitTimingSet), (106 bytes).
    Removing can.o(i.CANDisable), (10 bytes).
    Removing can.o(i.CANErrCntrGet), (22 bytes).
    Removing can.o(i.CANIntDisable), (10 bytes).
    Removing can.o(i.CANIntRegister), (108 bytes).
    Removing can.o(i.CANIntUnregister), (108 bytes).
    Removing can.o(i.CANMessageClear), (26 bytes).
    Removing can.o(i.CANRetryGet), (14 bytes).
    Removing can.o(i.CANRetrySet), (18 bytes).
    Removing gpio.o(i.GPIOADCTriggerDisable), (14 bytes).
    Removing gpio.o(i.GPIOADCTriggerEnable), (12 bytes).
    Removing gpio.o(i.GPIODMATriggerDisable), (14 bytes).
    Removing gpio.o(i.GPIODMATriggerEnable), (12 bytes).
    Removing gpio.o(i.GPIODirModeGet), (34 bytes).
    Removing gpio.o(i.GPIOIntDisable), (14 bytes).
    Removing gpio.o(i.GPIOIntRegisterPin), (30 bytes).
    Removing gpio.o(i.GPIOIntTypeGet), (68 bytes).
    Removing gpio.o(i.GPIOIntUnregister), (22 bytes).
    Removing gpio.o(i.GPIOIntUnregisterPin), (26 bytes).
    Removing gpio.o(i.GPIOPadConfigGet), (204 bytes).
    Removing gpio.o(i.GPIOPinTypeADC), (28 bytes).
    Removing gpio.o(i.GPIOPinTypeComparator), (28 bytes).
    Removing gpio.o(i.GPIOPinTypeComparatorOutput), (28 bytes).
    Removing gpio.o(i.GPIOPinTypeDIVSCLK), (28 bytes).
    Removing gpio.o(i.GPIOPinTypeEPI), (28 bytes).
    Removing gpio.o(i.GPIOPinTypeEthernetLED), (28 bytes).
    Removing gpio.o(i.GPIOPinTypeEthernetMII), (28 bytes).
    Removing gpio.o(i.GPIOPinTypeGPIOOutput), (28 bytes).
    Removing gpio.o(i.GPIOPinTypeGPIOOutputOD), (28 bytes).
    Removing gpio.o(i.GPIOPinTypeHibernateRTCCLK), (28 bytes).
    Removing gpio.o(i.GPIOPinTypeI2C), (28 bytes).
    Removing gpio.o(i.GPIOPinTypeI2CSCL), (28 bytes).
    Removing gpio.o(i.GPIOPinTypeLCD), (28 bytes).
    Removing gpio.o(i.GPIOPinTypeOneWire), (28 bytes).
    Removing gpio.o(i.GPIOPinTypePWM), (28 bytes).
    Removing gpio.o(i.GPIOPinTypeQEI), (28 bytes).
    Removing gpio.o(i.GPIOPinTypeSSI), (28 bytes).
    Removing gpio.o(i.GPIOPinTypeTimer), (28 bytes).
    Removing gpio.o(i.GPIOPinTypeTrace), (28 bytes).
    Removing gpio.o(i.GPIOPinTypeUSBAnalog), (28 bytes).
    Removing gpio.o(i.GPIOPinTypeUSBDigital), (28 bytes).
    Removing gpio.o(i.GPIOPinTypeWakeHigh), (30 bytes).
    Removing gpio.o(i.GPIOPinTypeWakeLow), (30 bytes).
    Removing gpio.o(i.GPIOPinWakeStatus), (6 bytes).
    Removing gpio.o(i.GPIOPinWrite), (6 bytes).
    Removing interrupt.o(i.IntDisable), (100 bytes).
    Removing interrupt.o(i.IntIsEnabled), (96 bytes).
    Removing interrupt.o(i.IntMasterDisable), (14 bytes).
    Removing interrupt.o(i.IntMasterEnable), (14 bytes).
    Removing interrupt.o(i.IntPendClear), (68 bytes).
    Removing interrupt.o(i.IntPendSet), (84 bytes).
    Removing interrupt.o(i.IntPriorityGet), (28 bytes).
    Removing interrupt.o(i.IntPriorityGroupingGet), (36 bytes).
    Removing interrupt.o(i.IntPriorityGroupingSet), (28 bytes).
    Removing interrupt.o(i.IntPriorityMaskGet), (4 bytes).
    Removing interrupt.o(i.IntPriorityMaskSet), (4 bytes).
    Removing interrupt.o(i.IntPrioritySet), (40 bytes).
    Removing interrupt.o(i.IntTrigger), (12 bytes).
    Removing interrupt.o(i.IntUnregister), (20 bytes).
    Removing interrupt.o(i._IntDefaultHandler), (2 bytes).
    Removing sysctl.o(i.SysCtlAltClkConfig), (12 bytes).
    Removing sysctl.o(i.SysCtlClockFreqSet), (740 bytes).
    Removing sysctl.o(i.SysCtlClockOutConfig), (20 bytes).
    Removing sysctl.o(i.SysCtlDeepSleep), (32 bytes).
    Removing sysctl.o(i.SysCtlDeepSleepClockConfigSet), (112 bytes).
    Removing sysctl.o(i.SysCtlDeepSleepClockSet), (12 bytes).
    Removing sysctl.o(i.SysCtlDeepSleepPowerSet), (12 bytes).
    Removing sysctl.o(i.SysCtlFlashSectorSizeGet), (56 bytes).
    Removing sysctl.o(i.SysCtlFlashSizeGet), (56 bytes).
    Removing sysctl.o(i.SysCtlGPIOAHBDisable), (28 bytes).
    Removing sysctl.o(i.SysCtlGPIOAHBEnable), (24 bytes).
    Removing sysctl.o(i.SysCtlIntClear), (12 bytes).
    Removing sysctl.o(i.SysCtlIntDisable), (16 bytes).
    Removing sysctl.o(i.SysCtlIntEnable), (16 bytes).
    Removing sysctl.o(i.SysCtlIntRegister), (20 bytes).
    Removing sysctl.o(i.SysCtlIntStatus), (16 bytes).
    Removing sysctl.o(i.SysCtlIntUnregister), (18 bytes).
    Removing sysctl.o(i.SysCtlLDODeepSleepGet), (12 bytes).
    Removing sysctl.o(i.SysCtlLDODeepSleepSet), (12 bytes).
    Removing sysctl.o(i.SysCtlLDOSleepGet), (12 bytes).
    Removing sysctl.o(i.SysCtlLDOSleepSet), (12 bytes).
    Removing sysctl.o(i.SysCtlMOSCConfigSet), (12 bytes).
    Removing sysctl.o(i.SysCtlNMIClear), (16 bytes).
    Removing sysctl.o(i.SysCtlNMIStatus), (12 bytes).
    Removing sysctl.o(i.SysCtlPIOSCCalibrate), (76 bytes).
    Removing sysctl.o(i.SysCtlPWMClockGet), (24 bytes).
    Removing sysctl.o(i.SysCtlPWMClockSet), (20 bytes).
    Removing sysctl.o(i.SysCtlPeripheralClockGating), (68 bytes).
    Removing sysctl.o(i.SysCtlPeripheralDeepSleepDisable), (40 bytes).
    Removing sysctl.o(i.SysCtlPeripheralDeepSleepEnable), (40 bytes).
    Removing sysctl.o(i.SysCtlPeripheralDisable), (40 bytes).
    Removing sysctl.o(i.SysCtlPeripheralPowerOff), (40 bytes).
    Removing sysctl.o(i.SysCtlPeripheralPowerOn), (40 bytes).
    Removing sysctl.o(i.SysCtlPeripheralReset), (60 bytes).
    Removing sysctl.o(i.SysCtlPeripheralSleepDisable), (40 bytes).
    Removing sysctl.o(i.SysCtlPeripheralSleepEnable), (40 bytes).
    Removing sysctl.o(i.SysCtlReset), (16 bytes).
    Removing sysctl.o(i.SysCtlResetBehaviorGet), (12 bytes).
    Removing sysctl.o(i.SysCtlResetBehaviorSet), (12 bytes).
    Removing sysctl.o(i.SysCtlResetCauseClear), (16 bytes).
    Removing sysctl.o(i.SysCtlResetCauseGet), (12 bytes).
    Removing sysctl.o(i.SysCtlSRAMSizeGet), (16 bytes).
    Removing sysctl.o(i.SysCtlSleep), (4 bytes).
    Removing sysctl.o(i.SysCtlSleepPowerSet), (12 bytes).
    Removing sysctl.o(i.SysCtlUSBPLLDisable), (16 bytes).
    Removing sysctl.o(i.SysCtlUSBPLLEnable), (16 bytes).
    Removing sysctl.o(i.SysCtlVCOGet), (120 bytes).
    Removing sysctl.o(i.SysCtlVoltageEventClear), (16 bytes).
    Removing sysctl.o(i.SysCtlVoltageEventConfig), (12 bytes).
    Removing sysctl.o(i.SysCtlVoltageEventStatus), (12 bytes).
    Removing uart.o(i.UART9BitAddrSend), (38 bytes).
    Removing uart.o(i.UART9BitAddrSet), (10 bytes).
    Removing uart.o(i.UART9BitDisable), (14 bytes).
    Removing uart.o(i.UART9BitEnable), (14 bytes).
    Removing uart.o(i.UARTBreakCtl), (18 bytes).
    Removing uart.o(i.UARTBusy), (8 bytes).
    Removing uart.o(i.UARTCharGet), (12 bytes).
    Removing uart.o(i.UARTCharGetNonBlocking), (16 bytes).
    Removing uart.o(i.UARTCharPutNonBlocking), (16 bytes).
    Removing uart.o(i.UARTCharsAvail), (10 bytes).
    Removing uart.o(i.UARTClockSourceGet), (6 bytes).
    Removing uart.o(i.UARTConfigGetExpClk), (46 bytes).
    Removing uart.o(i.UARTDMADisable), (10 bytes).
    Removing uart.o(i.UARTDMAEnable), (8 bytes).
    Removing uart.o(i.UARTDisable), (30 bytes).
    Removing uart.o(i.UARTDisableSIR), (10 bytes).
    Removing uart.o(i.UARTEnableSIR), (18 bytes).
    Removing uart.o(i.UARTFIFODisable), (10 bytes).
    Removing uart.o(i.UARTFIFOEnable), (10 bytes).
    Removing uart.o(i.UARTFIFOLevelGet), (16 bytes).
    Removing uart.o(i.UARTFIFOLevelSet), (6 bytes).
    Removing uart.o(i.UARTFlowControlGet), (8 bytes).
    Removing uart.o(i.UARTFlowControlSet), (12 bytes).
    Removing uart.o(i.UARTIntClear), (4 bytes).
    Removing uart.o(i.UARTIntDisable), (10 bytes).
    Removing uart.o(i.UARTIntEnable), (8 bytes).
    Removing uart.o(i.UARTIntRegister), (88 bytes).
    Removing uart.o(i.UARTIntStatus), (10 bytes).
    Removing uart.o(i.UARTIntUnregister), (88 bytes).
    Removing uart.o(i.UARTLoopbackEnable), (10 bytes).
    Removing uart.o(i.UARTModemControlClear), (14 bytes).
    Removing uart.o(i.UARTModemControlGet), (8 bytes).
    Removing uart.o(i.UARTModemControlSet), (12 bytes).
    Removing uart.o(i.UARTModemStatusGet), (10 bytes).
    Removing uart.o(i.UARTParityModeGet), (8 bytes).
    Removing uart.o(i.UARTParityModeSet), (12 bytes).
    Removing uart.o(i.UARTRxErrorClear), (6 bytes).
    Removing uart.o(i.UARTRxErrorGet), (8 bytes).
    Removing uart.o(i.UARTSmartCardDisable), (10 bytes).
    Removing uart.o(i.UARTSmartCardEnable), (22 bytes).
    Removing uart.o(i.UARTSpaceAvail), (10 bytes).
    Removing uart.o(i.UARTTxIntModeGet), (8 bytes).
    Removing uart.o(i.UARTTxIntModeSet), (12 bytes).
    Removing uart.o(.constdata), (128 bytes).
    Removing cpu.o(.emb_text), (38 bytes).

253 unused section(s) (total 13780 bytes) removed from the image.

==============================================================================

Image Symbol Table

    Local Symbols

    Symbol Name                              Value     Ov Type        Size  Object(Section)

    RESET                                    0x00000000   Section      620  startup_tm4c123.o(RESET)
    ../clib/../cmprslib/zerorunl2.c          0x00000000   Number         0  __dczerorl2.o ABSOLUTE
    ../clib/microlib/init/entry.s            0x00000000   Number         0  entry8b.o ABSOLUTE
    ../clib/microlib/init/entry.s            0x00000000   Number         0  entry10a.o ABSOLUTE
    ../clib/microlib/init/entry.s            0x00000000   Number         0  entry11b.o ABSOLUTE
    ../clib/microlib/init/entry.s            0x00000000   Number         0  entry11a.o ABSOLUTE
    ../clib/microlib/init/entry.s            0x00000000   Number         0  entry9b.o ABSOLUTE
    ../clib/microlib/init/entry.s            0x00000000   Number         0  entry2.o ABSOLUTE
    ../clib/microlib/init/entry.s            0x00000000   Number         0  entry8a.o ABSOLUTE
    ../clib/microlib/init/entry.s            0x00000000   Number         0  entry7b.o ABSOLUTE
    ../clib/microlib/init/entry.s            0x00000000   Number         0  entry9a.o ABSOLUTE
    ../clib/microlib/init/entry.s            0x00000000   Number         0  entry7a.o ABSOLUTE
    ../clib/microlib/init/entry.s            0x00000000   Number         0  entry10b.o ABSOLUTE
    ../clib/microlib/init/entry.s            0x00000000   Number         0  entry.o ABSOLUTE
    ../clib/microlib/init/entry.s            0x00000000   Number         0  entry5.o ABSOLUTE
    ../clib/microlib/string/memcpy.c         0x00000000   Number         0  memcpyb.o ABSOLUTE
    ../clib/microlib/string/memcpy.c         0x00000000   Number         0  memcpya.o ABSOLUTE
    ../clib/microlib/string/memset.c         0x00000000   Number         0  memseta.o ABSOLUTE
    ../clib/microlib/string/strlen.c         0x00000000   Number         0  strlen.o ABSOLUTE
    C:\Users\mm\AppData\Local\Arm\Packs\ARM\CMSIS-FreeRTOS\10.3.1\CMSIS\RTOS2\FreeRTOS\Source\freertos_evr.c 0x00000000   Number         0  freertos_evr.o ABSOLUTE
    C:\Users\mm\AppData\Local\Arm\Packs\ARM\CMSIS-FreeRTOS\10.3.1\Source\list.c 0x00000000   Number         0  list.o ABSOLUTE
    C:\Users\mm\AppData\Local\Arm\Packs\ARM\CMSIS-FreeRTOS\10.3.1\Source\portable\MemMang\heap_1.c 0x00000000   Number         0  heap_1.o ABSOLUTE
    C:\Users\mm\AppData\Local\Arm\Packs\ARM\CMSIS-FreeRTOS\10.3.1\Source\portable\RVDS\ARM_CM4F\port.c 0x00000000   Number         0  port.o ABSOLUTE
    C:\Users\mm\AppData\Local\Arm\Packs\ARM\CMSIS-FreeRTOS\10.3.1\Source\queue.c 0x00000000   Number         0  queue.o ABSOLUTE
    C:\Users\mm\AppData\Local\Arm\Packs\ARM\CMSIS-FreeRTOS\10.3.1\Source\tasks.c 0x00000000   Number         0  tasks.o ABSOLUTE
    C:\Users\mm\AppData\Local\Arm\Packs\ARM\CMSIS-FreeRTOS\10.3.1\Source\timers.c 0x00000000   Number         0  timers.o ABSOLUTE
    C:\Users\mm\Videos\midterm\ECU_3\ECU_3\Dio_IntPin.c 0x00000000   Number         0  dio_intpin.o ABSOLUTE
    C:\Users\mm\Videos\midterm\ECU_3\ECU_3\can_rx.c 0x00000000   Number         0  can_rx.o ABSOLUTE
    C:\Users\mm\Videos\midterm\ECU_3\ECU_3\console.c 0x00000000   Number         0  console.o ABSOLUTE
    C:\Users\mm\Videos\midterm\ECU_3\ECU_3\lamp.c 0x00000000   Number         0  lamp.o ABSOLUTE
    C:\Users\mm\Videos\midterm\ECU_3\ECU_3\lighting.c 0x00000000   Number         0  lighting.o ABSOLUTE
    C:\Users\mm\Videos\midterm\ECU_3\ECU_3\state_receiver.c 0x00000000   Number         0  state_receiver.o ABSOLUTE
    C:\Users\mm\Videos\midterm\ECU_3\ECU_3\switch_interput.c 0x00000000   Number         0  switch_interput.o ABSOLUTE
    C:\\Users\\mm\\AppData\\Local\\Arm\\Packs\\ARM\\CMSIS-FreeRTOS\\10.3.1\\Source\\portable\\RVDS\\ARM_CM4F\\port.c 0x00000000   Number         0  port.o ABSOLUTE
    D:\tivaware\utils\uartstdio.c            0x00000000   Number         0  uartstdio.o ABSOLUTE
    My_Task.c                                0x00000000   Number         0  my_task.o ABSOLUTE
    RTE\Device\TM4C123GH6PM\startup_TM4C123.s 0x00000000   Number         0  startup_tm4c123.o ABSOLUTE
    RTE\Device\TM4C123GH6PM\system_TM4C123.c 0x00000000   Number         0  system_tm4c123.o ABSOLUTE
    RTE\\Device\\TM4C123GH6PM\\system_TM4C123.c 0x00000000   Number         0  system_tm4c123.o ABSOLUTE
    can.c                                    0x00000000   Number         0  can.o ABSOLUTE
    cpu.c                                    0x00000000   Number         0  cpu.o ABSOLUTE
    cpu.c                                    0x00000000   Number         0  cpu.o ABSOLUTE
    dc.s                                     0x00000000   Number         0  dc.o ABSOLUTE
    gpio.c                                   0x00000000   Number         0  gpio.o ABSOLUTE
    handlers.s                               0x00000000   Number         0  handlers.o ABSOLUTE
    init.s                                   0x00000000   Number         0  init.o ABSOLUTE
    interrupt.c                              0x00000000   Number         0  interrupt.o ABSOLUTE
    main.c                                   0x00000000   Number         0  main.o ABSOLUTE
    sensor_reading.c                         0x00000000   Number         0  sensor_reading.o ABSOLUTE
    sysctl.c                                 0x00000000   Number         0  sysctl.o ABSOLUTE
    sysctl.c                                 0x00000000   Number         0  sysctl.o ABSOLUTE
    uart.c                                   0x00000000   Number         0  uart.o ABSOLUTE
    .ARM.Collect$$$$00000000                 0x0000026c   Section        0  entry.o(.ARM.Collect$$$$00000000)
    .ARM.Collect$$$$00000001                 0x0000026c   Section        4  entry2.o(.ARM.Collect$$$$00000001)
    .ARM.Collect$$$$00000004                 0x00000270   Section        4  entry5.o(.ARM.Collect$$$$00000004)
    .ARM.Collect$$$$00000008                 0x00000274   Section        0  entry7b.o(.ARM.Collect$$$$00000008)
    .ARM.Collect$$$$0000000A                 0x00000274   Section        0  entry8b.o(.ARM.Collect$$$$0000000A)
    .ARM.Collect$$$$0000000B                 0x00000274   Section        8  entry9a.o(.ARM.Collect$$$$0000000B)
    .ARM.Collect$$$$0000000D                 0x0000027c   Section        0  entry10a.o(.ARM.Collect$$$$0000000D)
    .ARM.Collect$$$$0000000F                 0x0000027c   Section        0  entry11a.o(.ARM.Collect$$$$0000000F)
    .ARM.Collect$$$$00002712                 0x0000027c   Section        4  entry2.o(.ARM.Collect$$$$00002712)
    __lit__00000000                          0x0000027c   Data           4  entry2.o(.ARM.Collect$$$$00002712)
    .emb_text                                0x00000280   Section      190  port.o(.emb_text)
    $v0                                      0x00000280   Number         0  port.o(.emb_text)
    .emb_text                                0x00000340   Section        6  sysctl.o(.emb_text)
    $v0                                      0x00000340   Number         0  sysctl.o(.emb_text)
    .text                                    0x00000348   Section      252  startup_tm4c123.o(.text)
    $v0                                      0x00000348   Number         0  startup_tm4c123.o(.text)
    .text                                    0x00000444   Section        0  memcpya.o(.text)
    .text                                    0x00000468   Section        0  memseta.o(.text)
    .text                                    0x0000048c   Section       36  init.o(.text)
    .text                                    0x000004b0   Section        0  __dczerorl2.o(.text)
    i.CAN0_Handler                           0x00000508   Section        0  can_rx.o(i.CAN0_Handler)
    i.CANBitRateSet                          0x00000560   Section        0  can.o(i.CANBitRateSet)
    i.CANEnable                              0x000005d0   Section        0  can.o(i.CANEnable)
    i.CANInit                                0x000005da   Section        0  can.o(i.CANInit)
    i.CANIntClear                            0x0000061c   Section        0  can.o(i.CANIntClear)
    i.CANIntEnable                           0x00000642   Section        0  can.o(i.CANIntEnable)
    i.CANIntStatus                           0x0000064a   Section        0  can.o(i.CANIntStatus)
    i.CANMessageGet                          0x0000066a   Section        0  can.o(i.CANMessageGet)
    i.CANMessageSet                          0x000007e4   Section        0  can.o(i.CANMessageSet)
    i.CANStatusGet                           0x0000094a   Section        0  can.o(i.CANStatusGet)
    i.CAN_Int                                0x00000990   Section        0  can_rx.o(i.CAN_Int)
    i.Dio_init                               0x00000a18   Section        0  dio_intpin.o(i.Dio_init)
    i.GPIODirModeSet                         0x00002840   Section        0  gpio.o(i.GPIODirModeSet)
    i.GPIOF_Handler                          0x00002868   Section        0  switch_interput.o(i.GPIOF_Handler)
    i.GPIOIntClear                           0x000029b8   Section        0  gpio.o(i.GPIOIntClear)
    i.GPIOIntEnable                          0x000029be   Section        0  gpio.o(i.GPIOIntEnable)
    i.GPIOIntRegister                        0x000029ca   Section        0  gpio.o(i.GPIOIntRegister)
    i.GPIOIntStatus                          0x000029e4   Section        0  gpio.o(i.GPIOIntStatus)
    i.GPIOIntTypeSet                         0x000029f2   Section        0  gpio.o(i.GPIOIntTypeSet)
    i.GPIOPadConfigSet                       0x00002a42   Section        0  gpio.o(i.GPIOPadConfigSet)
    i.GPIOPinConfigure                       0x00002b7c   Section        0  gpio.o(i.GPIOPinConfigure)
    i.GPIOPinRead                            0x00002bc0   Section        0  gpio.o(i.GPIOPinRead)
    i.GPIOPinTypeCAN                         0x00002bc6   Section        0  gpio.o(i.GPIOPinTypeCAN)
    i.GPIOPinTypeGPIOInput                   0x00002be2   Section        0  gpio.o(i.GPIOPinTypeGPIOInput)
    i.GPIOPinTypeUART                        0x00002bfe   Section        0  gpio.o(i.GPIOPinTypeUART)
    i.InitConsole                            0x00002c1c   Section        0  console.o(i.InitConsole)
    i.IntEnable                              0x00002c68   Section        0  interrupt.o(i.IntEnable)
    i.IntRegister                            0x00002ccc   Section        0  interrupt.o(i.IntRegister)
    i.LAMP                                   0x00002d00   Section        0  lamp.o(i.LAMP)
    i.Read_UART                              0x00002d38   Section        0  my_task.o(i.Read_UART)
    i.SysCtlClockGet                         0x00002d48   Section        0  sysctl.o(i.SysCtlClockGet)
    i.SysCtlClockSet                         0x00002e9c   Section        0  sysctl.o(i.SysCtlClockSet)
    i.SysCtlPeripheralEnable                 0x00002fbc   Section        0  sysctl.o(i.SysCtlPeripheralEnable)
    i.SysCtlPeripheralPresent                0x00002fe4   Section        0  sysctl.o(i.SysCtlPeripheralPresent)
    i.SysCtlPeripheralReady                  0x00003010   Section        0  sysctl.o(i.SysCtlPeripheralReady)
    i.SysTick_Handler                        0x0000303c   Section        0  port.o(i.SysTick_Handler)
    i.SystemInit                             0x00003070   Section        0  system_tm4c123.o(i.SystemInit)
    i.Task3                                  0x00003108   Section        0  my_task.o(i.Task3)
    i.UARTCharPut                            0x00003116   Section        0  uart.o(i.UARTCharPut)
    i.UARTClockSourceSet                     0x00003122   Section        0  uart.o(i.UARTClockSourceSet)
    i.UARTConfigSetExpClk                    0x00003128   Section        0  uart.o(i.UARTConfigSetExpClk)
    i.UARTEnable                             0x00003196   Section        0  uart.o(i.UARTEnable)
    i.UARTStdioConfig                        0x000031ac   Section        0  uartstdio.o(i.UARTStdioConfig)
    i.UARTprintf                             0x000031fc   Section        0  uartstdio.o(i.UARTprintf)
    i.UARTvprintf                            0x00003218   Section        0  uartstdio.o(i.UARTvprintf)
    i.UARTwrite                              0x00003468   Section        0  uartstdio.o(i.UARTwrite)
    i._GPIOIntNumberGet                      0x0000349c   Section        0  gpio.o(i._GPIOIntNumberGet)
    _GPIOIntNumberGet                        0x0000349d   Thumb Code    62  gpio.o(i._GPIOIntNumberGet)
    i.__scatterload_copy                     0x000034ec   Section       14  handlers.o(i.__scatterload_copy)
    i.__scatterload_null                     0x000034fa   Section        2  handlers.o(i.__scatterload_null)
    i.__scatterload_zeroinit                 0x000034fc   Section       14  handlers.o(i.__scatterload_zeroinit)
    i.can_ID                                 0x0000350c   Section        0  can_rx.o(i.can_ID)
    i.eTaskConfirmSleepModeStatus            0x00003560   Section        0  tasks.o(i.eTaskConfirmSleepModeStatus)
    i.lighting_Green                         0x0000359c   Section        0  lighting.o(i.lighting_Green)
    i.lighting_blue                          0x000035aa   Section        0  lighting.o(i.lighting_blue)
    i.lighting_red                           0x000035b8   Section        0  lighting.o(i.lighting_red)
    i.lighting_white                         0x000035c6   Section        0  lighting.o(i.lighting_white)
    i.main                                   0x000035d4   Section        0  main.o(i.main)
    i.portF_init                             0x00003668   Section        0  switch_interput.o(i.portF_init)
    i.prvAddCurrentTaskToDelayedList         0x00003710   Section        0  tasks.o(i.prvAddCurrentTaskToDelayedList)
    prvAddCurrentTaskToDelayedList           0x00003711   Thumb Code   134  tasks.o(i.prvAddCurrentTaskToDelayedList)
    i.prvAddNewTaskToReadyList               0x000037b4   Section        0  tasks.o(i.prvAddNewTaskToReadyList)
    prvAddNewTaskToReadyList                 0x000037b5   Thumb Code   156  tasks.o(i.prvAddNewTaskToReadyList)
    i.prvCheckForValidListAndQueue           0x0000386c   Section        0  timers.o(i.prvCheckForValidListAndQueue)
    prvCheckForValidListAndQueue             0x0000386d   Thumb Code    56  timers.o(i.prvCheckForValidListAndQueue)
    i.prvCheckTasksWaitingTermination        0x000038b8   Section        0  tasks.o(i.prvCheckTasksWaitingTermination)
    prvCheckTasksWaitingTermination          0x000038b9   Thumb Code    60  tasks.o(i.prvCheckTasksWaitingTermination)
    i.prvCopyDataFromQueue                   0x00003900   Section        0  queue.o(i.prvCopyDataFromQueue)
    prvCopyDataFromQueue                     0x00003901   Thumb Code    42  queue.o(i.prvCopyDataFromQueue)
    i.prvCopyDataToQueue                     0x0000392a   Section        0  queue.o(i.prvCopyDataToQueue)
    prvCopyDataToQueue                       0x0000392b   Thumb Code   126  queue.o(i.prvCopyDataToQueue)
    i.prvDeleteTCB                           0x000039a8   Section        0  tasks.o(i.prvDeleteTCB)
    prvDeleteTCB                             0x000039a9   Thumb Code    18  tasks.o(i.prvDeleteTCB)
    i.prvGetExpectedIdleTime                 0x000039bc   Section        0  tasks.o(i.prvGetExpectedIdleTime)
    prvGetExpectedIdleTime                   0x000039bd   Thumb Code    56  tasks.o(i.prvGetExpectedIdleTime)
    i.prvGetNextExpireTime                   0x00003a08   Section        0  timers.o(i.prvGetNextExpireTime)
    prvGetNextExpireTime                     0x00003a09   Thumb Code    36  timers.o(i.prvGetNextExpireTime)
    i.prvIdleTask                            0x00003a30   Section        0  tasks.o(i.prvIdleTask)
    prvIdleTask                              0x00003a31   Thumb Code   108  tasks.o(i.prvIdleTask)
    i.prvInitialiseNewQueue                  0x00003aac   Section        0  queue.o(i.prvInitialiseNewQueue)
    prvInitialiseNewQueue                    0x00003aad   Thumb Code    46  queue.o(i.prvInitialiseNewQueue)
    i.prvInitialiseNewTask                   0x00003ada   Section        0  tasks.o(i.prvInitialiseNewTask)
    prvInitialiseNewTask                     0x00003adb   Thumb Code   194  tasks.o(i.prvInitialiseNewTask)
    i.prvInitialiseTaskLists                 0x00003b9c   Section        0  tasks.o(i.prvInitialiseTaskLists)
    prvInitialiseTaskLists                   0x00003b9d   Thumb Code    70  tasks.o(i.prvInitialiseTaskLists)
    i.prvInsertTimerInActiveList             0x00003c04   Section        0  timers.o(i.prvInsertTimerInActiveList)
    prvInsertTimerInActiveList               0x00003c05   Thumb Code    80  timers.o(i.prvInsertTimerInActiveList)
    i.prvIsQueueEmpty                        0x00003c5c   Section        0  queue.o(i.prvIsQueueEmpty)
    prvIsQueueEmpty                          0x00003c5d   Thumb Code    26  queue.o(i.prvIsQueueEmpty)
    i.prvIsQueueFull                         0x00003c76   Section        0  queue.o(i.prvIsQueueFull)
    prvIsQueueFull                           0x00003c77   Thumb Code    30  queue.o(i.prvIsQueueFull)
    i.prvNotifyQueueSetContainer             0x00003c94   Section        0  queue.o(i.prvNotifyQueueSetContainer)
    prvNotifyQueueSetContainer               0x00003c95   Thumb Code   138  queue.o(i.prvNotifyQueueSetContainer)
    i.prvProcessExpiredTimer                 0x00003d20   Section        0  timers.o(i.prvProcessExpiredTimer)
    prvProcessExpiredTimer                   0x00003d21   Thumb Code   110  timers.o(i.prvProcessExpiredTimer)
    i.prvProcessReceivedCommands             0x00003d94   Section        0  timers.o(i.prvProcessReceivedCommands)
    prvProcessReceivedCommands               0x00003d95   Thumb Code   350  timers.o(i.prvProcessReceivedCommands)
    i.prvProcessTimerOrBlockTask             0x00003ef8   Section        0  timers.o(i.prvProcessTimerOrBlockTask)
    prvProcessTimerOrBlockTask               0x00003ef9   Thumb Code   102  timers.o(i.prvProcessTimerOrBlockTask)
    i.prvResetNextTaskUnblockTime            0x00003f6c   Section        0  tasks.o(i.prvResetNextTaskUnblockTime)
    prvResetNextTaskUnblockTime              0x00003f6d   Thumb Code    42  tasks.o(i.prvResetNextTaskUnblockTime)
    i.prvSampleTimeNow                       0x00003fa0   Section        0  timers.o(i.prvSampleTimeNow)
    prvSampleTimeNow                         0x00003fa1   Thumb Code    40  timers.o(i.prvSampleTimeNow)
    i.prvSwitchTimerLists                    0x00003fcc   Section        0  timers.o(i.prvSwitchTimerLists)
    prvSwitchTimerLists                      0x00003fcd   Thumb Code   154  timers.o(i.prvSwitchTimerLists)
    i.prvTaskExitError                       0x00004070   Section        0  port.o(i.prvTaskExitError)
    prvTaskExitError                         0x00004071   Thumb Code    60  port.o(i.prvTaskExitError)
    i.prvTimerTask                           0x000040b0   Section        0  timers.o(i.prvTimerTask)
    prvTimerTask                             0x000040b1   Thumb Code    26  timers.o(i.prvTimerTask)
    i.prvUnlockQueue                         0x000040ca   Section        0  queue.o(i.prvUnlockQueue)
    prvUnlockQueue                           0x000040cb   Thumb Code   144  queue.o(i.prvUnlockQueue)
    i.pvPortMalloc                           0x0000415c   Section        0  heap_1.o(i.pvPortMalloc)
    i.pxPortInitialiseStack                  0x000041cc   Section        0  port.o(i.pxPortInitialiseStack)
    i.sensor_UART                            0x000041f8   Section        0  sensor_reading.o(i.sensor_UART)
    i.state                                  0x000042b8   Section        0  state_receiver.o(i.state)
    i.uxListRemove                           0x000045bc   Section        0  list.o(i.uxListRemove)
    i.vListInitialise                        0x000045e4   Section        0  list.o(i.vListInitialise)
    i.vListInitialiseItem                    0x000045fe   Section        0  list.o(i.vListInitialiseItem)
    i.vListInsert                            0x00004604   Section        0  list.o(i.vListInsert)
    i.vListInsertEnd                         0x00004638   Section        0  list.o(i.vListInsertEnd)
    i.vPortEnterCritical                     0x00004650   Section        0  port.o(i.vPortEnterCritical)
    i.vPortExitCritical                      0x000046a4   Section        0  port.o(i.vPortExitCritical)
    i.vPortFree                              0x000046e0   Section        0  heap_1.o(i.vPortFree)
    i.vPortSetupTimerInterrupt               0x00004704   Section        0  port.o(i.vPortSetupTimerInterrupt)
    i.vPortSuppressTicksAndSleep             0x0000476c   Section        0  port.o(i.vPortSuppressTicksAndSleep)
    i.vPortValidateInterruptPriority         0x000048b8   Section        0  port.o(i.vPortValidateInterruptPriority)
    i.vQueueWaitForMessageRestricted         0x00004930   Section        0  queue.o(i.vQueueWaitForMessageRestricted)
    i.vTaskDelay                             0x0000497c   Section        0  tasks.o(i.vTaskDelay)
    i.vTaskInternalSetTimeOutState           0x000049d8   Section        0  tasks.o(i.vTaskInternalSetTimeOutState)
    i.vTaskMissedYield                       0x000049f0   Section        0  tasks.o(i.vTaskMissedYield)
    i.vTaskPlaceOnEventList                  0x000049fc   Section        0  tasks.o(i.vTaskPlaceOnEventList)
    i.vTaskPlaceOnEventListRestricted        0x00004a34   Section        0  tasks.o(i.vTaskPlaceOnEventListRestricted)
    i.vTaskStartScheduler                    0x00004a74   Section        0  tasks.o(i.vTaskStartScheduler)
    i.vTaskStepTick                          0x00004b08   Section        0  tasks.o(i.vTaskStepTick)
    i.vTaskSuspendAll                        0x00004b48   Section        0  tasks.o(i.vTaskSuspendAll)
    i.vTaskSwitchContext                     0x00004b58   Section        0  tasks.o(i.vTaskSwitchContext)
    i.xPortStartScheduler                    0x00004be4   Section        0  port.o(i.xPortStartScheduler)
    i.xQueueGenericCreate                    0x00004d4c   Section        0  queue.o(i.xQueueGenericCreate)
    i.xQueueGenericReset                     0x00004da0   Section        0  queue.o(i.xQueueGenericReset)
    i.xQueueGenericSend                      0x00004e38   Section        0  queue.o(i.xQueueGenericSend)
    i.xQueueGenericSendFromISR               0x00005010   Section        0  queue.o(i.xQueueGenericSendFromISR)
    i.xQueueReceive                          0x00005124   Section        0  queue.o(i.xQueueReceive)
    i.xTaskCheckForTimeOut                   0x0000528c   Section        0  tasks.o(i.xTaskCheckForTimeOut)
    i.xTaskCreate                            0x00005334   Section        0  tasks.o(i.xTaskCreate)
    i.xTaskGetSchedulerState                 0x00005394   Section        0  tasks.o(i.xTaskGetSchedulerState)
    i.xTaskGetTickCount                      0x000053b4   Section        0  tasks.o(i.xTaskGetTickCount)
    i.xTaskIncrementTick                     0x000053c0   Section        0  tasks.o(i.xTaskIncrementTick)
    i.xTaskPriorityDisinherit                0x00005508   Section        0  tasks.o(i.xTaskPriorityDisinherit)
    i.xTaskRemoveFromEventList               0x000055d0   Section        0  tasks.o(i.xTaskRemoveFromEventList)
    i.xTaskResumeAll                         0x0000566c   Section        0  tasks.o(i.xTaskResumeAll)
    i.xTimerCreateTimerTask                  0x00005770   Section        0  timers.o(i.xTimerCreateTimerTask)
    i.xTimerGenericCommand                   0x000057c4   Section        0  timers.o(i.xTimerGenericCommand)
    .constdata                               0x00005848   Section       28  uartstdio.o(.constdata)
    g_pcHex                                  0x00005848   Data           4  uartstdio.o(.constdata)
    g_ui32UARTBase                           0x0000584c   Data          12  uartstdio.o(.constdata)
    g_ui32UARTPeriph                         0x00005858   Data          12  uartstdio.o(.constdata)
    .constdata                               0x00005864   Section       32  can.o(.constdata)
    g_ui16CANBitValues                       0x00005864   Data          32  can.o(.constdata)
    .constdata                               0x00005884   Section      552  gpio.o(.constdata)
    g_ppui32GPIOIntMapBlizzard               0x00005884   Data         192  gpio.o(.constdata)
    g_ppui32GPIOIntMapSnowflake              0x00005944   Data         216  gpio.o(.constdata)
    g_pui32GPIOBaseAddrs                     0x00005a1c   Data         144  gpio.o(.constdata)
    .constdata                               0x00005aac   Section      268  interrupt.o(.constdata)
    g_pui32Priority                          0x00005aac   Data          32  interrupt.o(.constdata)
    g_pui32Regs                              0x00005acc   Data         156  interrupt.o(.constdata)
    g_pui32EnRegs                            0x00005b68   Data          20  interrupt.o(.constdata)
    g_pui32Dii16Regs                         0x00005b7c   Data          20  interrupt.o(.constdata)
    g_pui32PendRegs                          0x00005b90   Data          20  interrupt.o(.constdata)
    g_pui32UnpendRegs                        0x00005ba4   Data          20  interrupt.o(.constdata)
    .constdata                               0x00005bb8   Section      596  sysctl.o(.constdata)
    g_pui32VCOFrequencies                    0x00005bb8   Data           8  sysctl.o(.constdata)
    g_pui32Xtals                             0x00005bc0   Data         108  sysctl.o(.constdata)
    g_pppui32XTALtoVCO                       0x00005c2c   Data         432  sysctl.o(.constdata)
    g_sXTALtoMEMTIM                          0x00005ddc   Data          48  sysctl.o(.constdata)
    .conststring                             0x00005e0c   Section       17  uartstdio.o(.conststring)
    .data                                    0x20000000   Section        8  main.o(.data)
    .data                                    0x20000008   Section        4  sensor_reading.o(.data)
    .data                                    0x2000000c   Section       24  my_task.o(.data)
    .data                                    0x20000024   Section        5  uartstdio.o(.data)
    g_ui32Base                               0x20000024   Data           4  uartstdio.o(.data)
    bLastWasCR                               0x20000028   Data           1  uartstdio.o(.data)
    .data                                    0x2000002c   Section        4  system_tm4c123.o(.data)
    .data                                    0x20000030   Section        8  heap_1.o(.data)
    xNextFreeByte                            0x20000030   Data           4  heap_1.o(.data)
    pucAlignedHeap                           0x20000034   Data           4  heap_1.o(.data)
    .data                                    0x20000038   Section       24  port.o(.data)
    uxCriticalNesting                        0x20000038   Data           4  port.o(.data)
    ulTimerCountsForOneTick                  0x2000003c   Data           4  port.o(.data)
    xMaximumPossibleSuppressedTicks          0x20000040   Data           4  port.o(.data)
    ulStoppedTimerCompensation               0x20000044   Data           4  port.o(.data)
    ucMaxSysCallPriority                     0x20000048   Data           1  port.o(.data)
    ulMaxPRIGROUPValue                       0x2000004c   Data           4  port.o(.data)
    .data                                    0x20000050   Section       60  tasks.o(.data)
    pxDelayedTaskList                        0x20000054   Data           4  tasks.o(.data)
    pxOverflowDelayedTaskList                0x20000058   Data           4  tasks.o(.data)
    uxDeletedTasksWaitingCleanUp             0x2000005c   Data           4  tasks.o(.data)
    uxCurrentNumberOfTasks                   0x20000060   Data           4  tasks.o(.data)
    xTickCount                               0x20000064   Data           4  tasks.o(.data)
    uxTopReadyPriority                       0x20000068   Data           4  tasks.o(.data)
    xSchedulerRunning                        0x2000006c   Data           4  tasks.o(.data)
    xPendedTicks                             0x20000070   Data           4  tasks.o(.data)
    xYieldPending                            0x20000074   Data           4  tasks.o(.data)
    xNumOfOverflows                          0x20000078   Data           4  tasks.o(.data)
    uxTaskNumber                             0x2000007c   Data           4  tasks.o(.data)
    xNextTaskUnblockTime                     0x20000080   Data           4  tasks.o(.data)
    xIdleTaskHandle                          0x20000084   Data           4  tasks.o(.data)
    uxSchedulerSuspended                     0x20000088   Data           4  tasks.o(.data)
    .data                                    0x2000008c   Section       20  timers.o(.data)
    pxCurrentTimerList                       0x2000008c   Data           4  timers.o(.data)
    pxOverflowTimerList                      0x20000090   Data           4  timers.o(.data)
    xTimerQueue                              0x20000094   Data           4  timers.o(.data)
    xTimerTaskHandle                         0x20000098   Data           4  timers.o(.data)
    xLastTime                                0x2000009c   Data           4  timers.o(.data)
    vtable                                   0x20000400   Section      620  interrupt.o(vtable)
    g_pfnRAMVectors                          0x20000400   Data         620  interrupt.o(vtable)
    .bss                                     0x2000066c   Section       40  my_task.o(.bss)
    .bss                                     0x20000694   Section    10024  heap_1.o(.bss)
    ucHeap                                   0x20000694   Data       10024  heap_1.o(.bss)
    .bss                                     0x20002dbc   Section      200  tasks.o(.bss)
    pxReadyTasksLists                        0x20002dbc   Data         100  tasks.o(.bss)
    xDelayedTaskList1                        0x20002e20   Data          20  tasks.o(.bss)
    xDelayedTaskList2                        0x20002e34   Data          20  tasks.o(.bss)
    xPendingReadyList                        0x20002e48   Data          20  tasks.o(.bss)
    xTasksWaitingTermination                 0x20002e5c   Data          20  tasks.o(.bss)
    xSuspendedTaskList                       0x20002e70   Data          20  tasks.o(.bss)
    .bss                                     0x20002e84   Section       40  timers.o(.bss)
    xActiveTimerList1                        0x20002e84   Data          20  timers.o(.bss)
    xActiveTimerList2                        0x20002e98   Data          20  timers.o(.bss)
    STACK                                    0x20002eb0   Section      512  startup_tm4c123.o(STACK)

    Global Symbols

    Symbol Name                              Value     Ov Type        Size  Object(Section)

    BuildAttributes$$THM_ISAv4$E$P$D$K$B$S$7EM$VFPi3$EXTD16$VFPS$VFMA$PE$A:L22UL41UL21$X:L11$S22US41US21$IEEE1$IW$USESV6$~STKCKD$USESV7$~SHL$OTIME$EBA8$MICROLIB$REQ8$PRES8$EABIv2 0x00000000   Number         0  anon$$obj.o ABSOLUTE
    __ARM_use_no_argv                        0x00000000   Number         0  main.o ABSOLUTE
    __Vectors                                0x00000000   Data           4  startup_tm4c123.o(RESET)
    __cpp_initialize__aeabi_                  - Undefined Weak Reference
    __cxa_finalize                            - Undefined Weak Reference
    _clock_init                               - Undefined Weak Reference
    _microlib_exit                            - Undefined Weak Reference
    __Vectors_End                            0x0000026c   Data           0  startup_tm4c123.o(RESET)
    __Vectors_Size                           0x0000026c   Number         0  startup_tm4c123.o ABSOLUTE
    __main                                   0x0000026d   Thumb Code     0  entry.o(.ARM.Collect$$$$00000000)
    _main_stk                                0x0000026d   Thumb Code     0  entry2.o(.ARM.Collect$$$$00000001)
    _main_scatterload                        0x00000271   Thumb Code     0  entry5.o(.ARM.Collect$$$$00000004)
    __main_after_scatterload                 0x00000275   Thumb Code     0  entry5.o(.ARM.Collect$$$$00000004)
    _main_clock                              0x00000275   Thumb Code     0  entry7b.o(.ARM.Collect$$$$00000008)
    _main_cpp_init                           0x00000275   Thumb Code     0  entry8b.o(.ARM.Collect$$$$0000000A)
    _main_init                               0x00000275   Thumb Code     0  entry9a.o(.ARM.Collect$$$$0000000B)
    __rt_final_cpp                           0x0000027d   Thumb Code     0  entry10a.o(.ARM.Collect$$$$0000000D)
    __rt_final_exit                          0x0000027d   Thumb Code     0  entry11a.o(.ARM.Collect$$$$0000000F)
    SVC_Handler                              0x00000281   Thumb Code    28  port.o(.emb_text)
    __asm___6_port_c_39a90d8d__prvStartFirstTask 0x000002a1   Thumb Code    36  port.o(.emb_text)
    __asm___6_port_c_39a90d8d__prvEnableVFP  0x000002c9   Thumb Code    16  port.o(.emb_text)
    PendSV_Handler                           0x000002dd   Thumb Code    88  port.o(.emb_text)
    vPortGetIPSR                             0x00000339   Thumb Code     6  port.o(.emb_text)
    SysCtlDelay                              0x00000341   Thumb Code     6  sysctl.o(.emb_text)
    Reset_Handler                            0x00000349   Thumb Code     8  startup_tm4c123.o(.text)
    NMI_Handler                              0x00000351   Thumb Code     2  startup_tm4c123.o(.text)
    HardFault_Handler                        0x00000353   Thumb Code     2  startup_tm4c123.o(.text)
    MemManage_Handler                        0x00000355   Thumb Code     2  startup_tm4c123.o(.text)
    BusFault_Handler                         0x00000357   Thumb Code     2  startup_tm4c123.o(.text)
    UsageFault_Handler                       0x00000359   Thumb Code     2  startup_tm4c123.o(.text)
    DebugMon_Handler                         0x0000035d   Thumb Code     2  startup_tm4c123.o(.text)
    GPIOA_Handler                            0x00000363   Thumb Code     2  startup_tm4c123.o(.text)
    GPIOB_Handler                            0x00000365   Thumb Code     2  startup_tm4c123.o(.text)
    GPIOC_Handler                            0x00000367   Thumb Code     2  startup_tm4c123.o(.text)
    GPIOD_Handler                            0x00000369   Thumb Code     2  startup_tm4c123.o(.text)
    GPIOE_Handler                            0x0000036b   Thumb Code     2  startup_tm4c123.o(.text)
    UART0_Handler                            0x0000036d   Thumb Code     2  startup_tm4c123.o(.text)
    UART1_Handler                            0x0000036f   Thumb Code     2  startup_tm4c123.o(.text)
    SSI0_Handler                             0x00000371   Thumb Code     2  startup_tm4c123.o(.text)
    I2C0_Handler                             0x00000373   Thumb Code     2  startup_tm4c123.o(.text)
    PMW0_FAULT_Handler                       0x00000375   Thumb Code     2  startup_tm4c123.o(.text)
    PWM0_0_Handler                           0x00000377   Thumb Code     2  startup_tm4c123.o(.text)
    PWM0_1_Handler                           0x00000379   Thumb Code     2  startup_tm4c123.o(.text)
    PWM0_2_Handler                           0x0000037b   Thumb Code     2  startup_tm4c123.o(.text)
    QEI0_Handler                             0x0000037d   Thumb Code     2  startup_tm4c123.o(.text)
    ADC0SS0_Handler                          0x0000037f   Thumb Code     2  startup_tm4c123.o(.text)
    ADC0SS1_Handler                          0x00000381   Thumb Code     2  startup_tm4c123.o(.text)
    ADC0SS2_Handler                          0x00000383   Thumb Code     2  startup_tm4c123.o(.text)
    ADC0SS3_Handler                          0x00000385   Thumb Code     2  startup_tm4c123.o(.text)
    WDT0_Handler                             0x00000387   Thumb Code     2  startup_tm4c123.o(.text)
    TIMER0A_Handler                          0x00000389   Thumb Code     2  startup_tm4c123.o(.text)
    TIMER0B_Handler                          0x0000038b   Thumb Code     2  startup_tm4c123.o(.text)
    TIMER1A_Handler                          0x0000038d   Thumb Code     2  startup_tm4c123.o(.text)
    TIMER1B_Handler                          0x0000038f   Thumb Code     2  startup_tm4c123.o(.text)
    TIMER2A_Handler                          0x00000391   Thumb Code     2  startup_tm4c123.o(.text)
    TIMER2B_Handler                          0x00000393   Thumb Code     2  startup_tm4c123.o(.text)
    COMP0_Handler                            0x00000395   Thumb Code     2  startup_tm4c123.o(.text)
    COMP1_Handler                            0x00000397   Thumb Code     2  startup_tm4c123.o(.text)
    COMP2_Handler                            0x00000399   Thumb Code     2  startup_tm4c123.o(.text)
    SYSCTL_Handler                           0x0000039b   Thumb Code     2  startup_tm4c123.o(.text)
    FLASH_Handler                            0x0000039d   Thumb Code     2  startup_tm4c123.o(.text)
    GPIOG_Handler                            0x000003a1   Thumb Code     2  startup_tm4c123.o(.text)
    GPIOH_Handler                            0x000003a3   Thumb Code     2  startup_tm4c123.o(.text)
    UART2_Handler                            0x000003a5   Thumb Code     2  startup_tm4c123.o(.text)
    SSI1_Handler                             0x000003a7   Thumb Code     2  startup_tm4c123.o(.text)
    TIMER3A_Handler                          0x000003a9   Thumb Code     2  startup_tm4c123.o(.text)
    TIMER3B_Handler                          0x000003ab   Thumb Code     2  startup_tm4c123.o(.text)
    I2C1_Handler                             0x000003ad   Thumb Code     2  startup_tm4c123.o(.text)
    QEI1_Handler                             0x000003af   Thumb Code     2  startup_tm4c123.o(.text)
    CAN1_Handler                             0x000003b3   Thumb Code     2  startup_tm4c123.o(.text)
    CAN2_Handler                             0x000003b5   Thumb Code     2  startup_tm4c123.o(.text)
    HIB_Handler                              0x000003b7   Thumb Code     2  startup_tm4c123.o(.text)
    USB0_Handler                             0x000003b9   Thumb Code     2  startup_tm4c123.o(.text)
    PWM0_3_Handler                           0x000003bb   Thumb Code     2  startup_tm4c123.o(.text)
    UDMA_Handler                             0x000003bd   Thumb Code     2  startup_tm4c123.o(.text)
    UDMAERR_Handler                          0x000003bf   Thumb Code     2  startup_tm4c123.o(.text)
    ADC1SS0_Handler                          0x000003c1   Thumb Code     2  startup_tm4c123.o(.text)
    ADC1SS1_Handler                          0x000003c3   Thumb Code     2  startup_tm4c123.o(.text)
    ADC1SS2_Handler                          0x000003c5   Thumb Code     2  startup_tm4c123.o(.text)
    ADC1SS3_Handler                          0x000003c7   Thumb Code     2  startup_tm4c123.o(.text)
    GPIOJ_Handler                            0x000003c9   Thumb Code     2  startup_tm4c123.o(.text)
    GPIOK_Handler                            0x000003cb   Thumb Code     2  startup_tm4c123.o(.text)
    GPIOL_Handler                            0x000003cd   Thumb Code     2  startup_tm4c123.o(.text)
    SSI2_Handler                             0x000003cf   Thumb Code     2  startup_tm4c123.o(.text)
    SSI3_Handler                             0x000003d1   Thumb Code     2  startup_tm4c123.o(.text)
    UART3_Handler                            0x000003d3   Thumb Code     2  startup_tm4c123.o(.text)
    UART4_Handler                            0x000003d5   Thumb Code     2  startup_tm4c123.o(.text)
    UART5_Handler                            0x000003d7   Thumb Code     2  startup_tm4c123.o(.text)
    UART6_Handler                            0x000003d9   Thumb Code     2  startup_tm4c123.o(.text)
    UART7_Handler                            0x000003db   Thumb Code     2  startup_tm4c123.o(.text)
    I2C2_Handler                             0x000003dd   Thumb Code     2  startup_tm4c123.o(.text)
    I2C3_Handler                             0x000003df   Thumb Code     2  startup_tm4c123.o(.text)
    TIMER4A_Handler                          0x000003e1   Thumb Code     2  startup_tm4c123.o(.text)
    TIMER4B_Handler                          0x000003e3   Thumb Code     2  startup_tm4c123.o(.text)
    TIMER5A_Handler                          0x000003e5   Thumb Code     2  startup_tm4c123.o(.text)
    TIMER5B_Handler                          0x000003e7   Thumb Code     2  startup_tm4c123.o(.text)
    WTIMER0A_Handler                         0x000003e9   Thumb Code     2  startup_tm4c123.o(.text)
    WTIMER0B_Handler                         0x000003eb   Thumb Code     2  startup_tm4c123.o(.text)
    WTIMER1A_Handler                         0x000003ed   Thumb Code     2  startup_tm4c123.o(.text)
    WTIMER1B_Handler                         0x000003ef   Thumb Code     2  startup_tm4c123.o(.text)
    WTIMER2A_Handler                         0x000003f1   Thumb Code     2  startup_tm4c123.o(.text)
    WTIMER2B_Handler                         0x000003f3   Thumb Code     2  startup_tm4c123.o(.text)
    WTIMER3A_Handler                         0x000003f5   Thumb Code     2  startup_tm4c123.o(.text)
    WTIMER3B_Handler                         0x000003f7   Thumb Code     2  startup_tm4c123.o(.text)
    WTIMER4A_Handler                         0x000003f9   Thumb Code     2  startup_tm4c123.o(.text)
    WTIMER4B_Handler                         0x000003fb   Thumb Code     2  startup_tm4c123.o(.text)
    WTIMER5A_Handler                         0x000003fd   Thumb Code     2  startup_tm4c123.o(.text)
    WTIMER5B_Handler                         0x000003ff   Thumb Code     2  startup_tm4c123.o(.text)
    FPU_Handler                              0x00000401   Thumb Code     2  startup_tm4c123.o(.text)
    I2C4_Handler                             0x00000403   Thumb Code     2  startup_tm4c123.o(.text)
    I2C5_Handler                             0x00000405   Thumb Code     2  startup_tm4c123.o(.text)
    GPIOM_Handler                            0x00000407   Thumb Code     2  startup_tm4c123.o(.text)
    GPION_Handler                            0x00000409   Thumb Code     2  startup_tm4c123.o(.text)
    QEI2_Handler                             0x0000040b   Thumb Code     2  startup_tm4c123.o(.text)
    GPIOP0_Handler                           0x0000040d   Thumb Code     2  startup_tm4c123.o(.text)
    GPIOP1_Handler                           0x0000040f   Thumb Code     2  startup_tm4c123.o(.text)
    GPIOP2_Handler                           0x00000411   Thumb Code     2  startup_tm4c123.o(.text)
    GPIOP3_Handler                           0x00000413   Thumb Code     2  startup_tm4c123.o(.text)
    GPIOP4_Handler                           0x00000415   Thumb Code     2  startup_tm4c123.o(.text)
    GPIOP5_Handler                           0x00000417   Thumb Code     2  startup_tm4c123.o(.text)
    GPIOP6_Handler                           0x00000419   Thumb Code     2  startup_tm4c123.o(.text)
    GPIOP7_Handler                           0x0000041b   Thumb Code     2  startup_tm4c123.o(.text)
    GPIOQ0_Handler                           0x0000041d   Thumb Code     2  startup_tm4c123.o(.text)
    GPIOQ1_Handler                           0x0000041f   Thumb Code     2  startup_tm4c123.o(.text)
    GPIOQ2_Handler                           0x00000421   Thumb Code     2  startup_tm4c123.o(.text)
    GPIOQ3_Handler                           0x00000423   Thumb Code     2  startup_tm4c123.o(.text)
    GPIOQ4_Handler                           0x00000425   Thumb Code     2  startup_tm4c123.o(.text)
    GPIOQ5_Handler                           0x00000427   Thumb Code     2  startup_tm4c123.o(.text)
    GPIOQ6_Handler                           0x00000429   Thumb Code     2  startup_tm4c123.o(.text)
    GPIOQ7_Handler                           0x0000042b   Thumb Code     2  startup_tm4c123.o(.text)
    GPIOR_Handler                            0x0000042d   Thumb Code     2  startup_tm4c123.o(.text)
    GPIOS_Handler                            0x0000042f   Thumb Code     2  startup_tm4c123.o(.text)
    PMW1_0_Handler                           0x00000431   Thumb Code     2  startup_tm4c123.o(.text)
    PWM1_1_Handler                           0x00000433   Thumb Code     2  startup_tm4c123.o(.text)
    PWM1_2_Handler                           0x00000435   Thumb Code     2  startup_tm4c123.o(.text)
    PWM1_3_Handler                           0x00000437   Thumb Code     2  startup_tm4c123.o(.text)
    PWM1_FAULT_Handler                       0x00000439   Thumb Code     2  startup_tm4c123.o(.text)
    __aeabi_memcpy                           0x00000445   Thumb Code    36  memcpya.o(.text)
    __aeabi_memcpy4                          0x00000445   Thumb Code     0  memcpya.o(.text)
    __aeabi_memcpy8                          0x00000445   Thumb Code     0  memcpya.o(.text)
    __aeabi_memset                           0x00000469   Thumb Code    14  memseta.o(.text)
    __aeabi_memset4                          0x00000469   Thumb Code     0  memseta.o(.text)
    __aeabi_memset8                          0x00000469   Thumb Code     0  memseta.o(.text)
    __aeabi_memclr                           0x00000477   Thumb Code     4  memseta.o(.text)
    __aeabi_memclr4                          0x00000477   Thumb Code     0  memseta.o(.text)
    __aeabi_memclr8                          0x00000477   Thumb Code     0  memseta.o(.text)
    _memset$wrapper                          0x0000047b   Thumb Code    18  memseta.o(.text)
    __scatterload                            0x0000048d   Thumb Code    28  init.o(.text)
    __scatterload_rt2                        0x0000048d   Thumb Code     0  init.o(.text)
    __decompress                             0x000004b1   Thumb Code     0  __dczerorl2.o(.text)
    __decompress1                            0x000004b1   Thumb Code    86  __dczerorl2.o(.text)
    CAN0_Handler                             0x00000509   Thumb Code    72  can_rx.o(i.CAN0_Handler)
    CANBitRateSet                            0x00000561   Thumb Code   108  can.o(i.CANBitRateSet)
    CANEnable                                0x000005d1   Thumb Code    10  can.o(i.CANEnable)
    CANInit                                  0x000005db   Thumb Code    66  can.o(i.CANInit)
    CANIntClear                              0x0000061d   Thumb Code    38  can.o(i.CANIntClear)
    CANIntEnable                             0x00000643   Thumb Code     8  can.o(i.CANIntEnable)
    CANIntStatus                             0x0000064b   Thumb Code    32  can.o(i.CANIntStatus)
    CANMessageGet                            0x0000066b   Thumb Code   378  can.o(i.CANMessageGet)
    CANMessageSet                            0x000007e5   Thumb Code   358  can.o(i.CANMessageSet)
    CANStatusGet                             0x0000094b   Thumb Code    68  can.o(i.CANStatusGet)
    CAN_Int                                  0x00000991   Thumb Code    96  can_rx.o(i.CAN_Int)
    Dio_init                                 0x00000a19   Thumb Code  7710  dio_intpin.o(i.Dio_init)
    GPIODirModeSet                           0x00002841   Thumb Code    40  gpio.o(i.GPIODirModeSet)
    GPIOF_Handler                            0x00002869   Thumb Code   298  switch_interput.o(i.GPIOF_Handler)
    GPIOIntClear                             0x000029b9   Thumb Code     6  gpio.o(i.GPIOIntClear)
    GPIOIntEnable                            0x000029bf   Thumb Code    12  gpio.o(i.GPIOIntEnable)
    GPIOIntRegister                          0x000029cb   Thumb Code    26  gpio.o(i.GPIOIntRegister)
    GPIOIntStatus                            0x000029e5   Thumb Code    14  gpio.o(i.GPIOIntStatus)
    GPIOIntTypeSet                           0x000029f3   Thumb Code    80  gpio.o(i.GPIOIntTypeSet)
    GPIOPadConfigSet                         0x00002a43   Thumb Code   312  gpio.o(i.GPIOPadConfigSet)
    GPIOPinConfigure                         0x00002b7d   Thumb Code    60  gpio.o(i.GPIOPinConfigure)
    GPIOPinRead                              0x00002bc1   Thumb Code     6  gpio.o(i.GPIOPinRead)
    GPIOPinTypeCAN                           0x00002bc7   Thumb Code    28  gpio.o(i.GPIOPinTypeCAN)
    GPIOPinTypeGPIOInput                     0x00002be3   Thumb Code    28  gpio.o(i.GPIOPinTypeGPIOInput)
    GPIOPinTypeUART                          0x00002bff   Thumb Code    28  gpio.o(i.GPIOPinTypeUART)
    InitConsole                              0x00002c1d   Thumb Code    60  console.o(i.InitConsole)
    IntEnable                                0x00002c69   Thumb Code    92  interrupt.o(i.IntEnable)
    IntRegister                              0x00002ccd   Thumb Code    44  interrupt.o(i.IntRegister)
    LAMP                                     0x00002d01   Thumb Code    52  lamp.o(i.LAMP)
    Read_UART                                0x00002d39   Thumb Code    14  my_task.o(i.Read_UART)
    SysCtlClockGet                           0x00002d49   Thumb Code   304  sysctl.o(i.SysCtlClockGet)
    SysCtlClockSet                           0x00002e9d   Thumb Code   270  sysctl.o(i.SysCtlClockSet)
    SysCtlPeripheralEnable                   0x00002fbd   Thumb Code    36  sysctl.o(i.SysCtlPeripheralEnable)
    SysCtlPeripheralPresent                  0x00002fe5   Thumb Code    40  sysctl.o(i.SysCtlPeripheralPresent)
    SysCtlPeripheralReady                    0x00003011   Thumb Code    40  sysctl.o(i.SysCtlPeripheralReady)
    SysTick_Handler                          0x0000303d   Thumb Code    46  port.o(i.SysTick_Handler)
    SystemInit                               0x00003071   Thumb Code   112  system_tm4c123.o(i.SystemInit)
    Task3                                    0x00003109   Thumb Code    14  my_task.o(i.Task3)
    UARTCharPut                              0x00003117   Thumb Code    12  uart.o(i.UARTCharPut)
    UARTClockSourceSet                       0x00003123   Thumb Code     6  uart.o(i.UARTClockSourceSet)
    UARTConfigSetExpClk                      0x00003129   Thumb Code   110  uart.o(i.UARTConfigSetExpClk)
    UARTEnable                               0x00003197   Thumb Code    20  uart.o(i.UARTEnable)
    UARTStdioConfig                          0x000031ad   Thumb Code    68  uartstdio.o(i.UARTStdioConfig)
    UARTprintf                               0x000031fd   Thumb Code    26  uartstdio.o(i.UARTprintf)
    UARTvprintf                              0x00003219   Thumb Code   574  uartstdio.o(i.UARTvprintf)
    UARTwrite                                0x00003469   Thumb Code    46  uartstdio.o(i.UARTwrite)
    __scatterload_copy                       0x000034ed   Thumb Code    14  handlers.o(i.__scatterload_copy)
    __scatterload_null                       0x000034fb   Thumb Code     2  handlers.o(i.__scatterload_null)
    __scatterload_zeroinit                   0x000034fd   Thumb Code    14  handlers.o(i.__scatterload_zeroinit)
    can_ID                                   0x0000350d   Thumb Code    68  can_rx.o(i.can_ID)
    eTaskConfirmSleepModeStatus              0x00003561   Thumb Code    42  tasks.o(i.eTaskConfirmSleepModeStatus)
    lighting_Green                           0x0000359d   Thumb Code    14  lighting.o(i.lighting_Green)
    lighting_blue                            0x000035ab   Thumb Code    14  lighting.o(i.lighting_blue)
    lighting_red                             0x000035b9   Thumb Code    14  lighting.o(i.lighting_red)
    lighting_white                           0x000035c7   Thumb Code    14  lighting.o(i.lighting_white)
    main                                     0x000035d5   Thumb Code   108  main.o(i.main)
    portF_init                               0x00003669   Thumb Code   144  switch_interput.o(i.portF_init)
    pvPortMalloc                             0x0000415d   Thumb Code    98  heap_1.o(i.pvPortMalloc)
    pxPortInitialiseStack                    0x000041cd   Thumb Code    38  port.o(i.pxPortInitialiseStack)
    sensor_UART                              0x000041f9   Thumb Code    88  sensor_reading.o(i.sensor_UART)
    state                                    0x000042b9   Thumb Code   734  state_receiver.o(i.state)
    uxListRemove                             0x000045bd   Thumb Code    40  list.o(i.uxListRemove)
    vListInitialise                          0x000045e5   Thumb Code    26  list.o(i.vListInitialise)
    vListInitialiseItem                      0x000045ff   Thumb Code     6  list.o(i.vListInitialiseItem)
    vListInsert                              0x00004605   Thumb Code    52  list.o(i.vListInsert)
    vListInsertEnd                           0x00004639   Thumb Code    24  list.o(i.vListInsertEnd)
    vPortEnterCritical                       0x00004651   Thumb Code    76  port.o(i.vPortEnterCritical)
    vPortExitCritical                        0x000046a5   Thumb Code    56  port.o(i.vPortExitCritical)
    vPortFree                                0x000046e1   Thumb Code    34  heap_1.o(i.vPortFree)
    vPortSetupTimerInterrupt                 0x00004705   Thumb Code    86  port.o(i.vPortSetupTimerInterrupt)
    vPortSuppressTicksAndSleep               0x0000476d   Thumb Code   320  port.o(i.vPortSuppressTicksAndSleep)
    vPortValidateInterruptPriority           0x000048b9   Thumb Code   106  port.o(i.vPortValidateInterruptPriority)
    vQueueWaitForMessageRestricted           0x00004931   Thumb Code    74  queue.o(i.vQueueWaitForMessageRestricted)
    vTaskDelay                               0x0000497d   Thumb Code    82  tasks.o(i.vTaskDelay)
    vTaskInternalSetTimeOutState             0x000049d9   Thumb Code    14  tasks.o(i.vTaskInternalSetTimeOutState)
    vTaskMissedYield                         0x000049f1   Thumb Code     8  tasks.o(i.vTaskMissedYield)
    vTaskPlaceOnEventList                    0x000049fd   Thumb Code    52  tasks.o(i.vTaskPlaceOnEventList)
    vTaskPlaceOnEventListRestricted          0x00004a35   Thumb Code    60  tasks.o(i.vTaskPlaceOnEventListRestricted)
    vTaskStartScheduler                      0x00004a75   Thumb Code   120  tasks.o(i.vTaskStartScheduler)
    vTaskStepTick                            0x00004b09   Thumb Code    56  tasks.o(i.vTaskStepTick)
    vTaskSuspendAll                          0x00004b49   Thumb Code    12  tasks.o(i.vTaskSuspendAll)
    vTaskSwitchContext                       0x00004b59   Thumb Code   118  tasks.o(i.vTaskSwitchContext)
    xPortStartScheduler                      0x00004be5   Thumb Code   330  port.o(i.xPortStartScheduler)
    xQueueGenericCreate                      0x00004d4d   Thumb Code    84  queue.o(i.xQueueGenericCreate)
    xQueueGenericReset                       0x00004da1   Thumb Code   146  queue.o(i.xQueueGenericReset)
    xQueueGenericSend                        0x00004e39   Thumb Code   466  queue.o(i.xQueueGenericSend)
    xQueueGenericSendFromISR                 0x00005011   Thumb Code   274  queue.o(i.xQueueGenericSendFromISR)
    xQueueReceive                            0x00005125   Thumb Code   356  queue.o(i.xQueueReceive)
    xTaskCheckForTimeOut                     0x0000528d   Thumb Code   156  tasks.o(i.xTaskCheckForTimeOut)
    xTaskCreate                              0x00005335   Thumb Code    96  tasks.o(i.xTaskCreate)
    xTaskGetSchedulerState                   0x00005395   Thumb Code    24  tasks.o(i.xTaskGetSchedulerState)
    xTaskGetTickCount                        0x000053b5   Thumb Code     6  tasks.o(i.xTaskGetTickCount)
    xTaskIncrementTick                       0x000053c1   Thumb Code   282  tasks.o(i.xTaskIncrementTick)
    xTaskPriorityDisinherit                  0x00005509   Thumb Code   188  tasks.o(i.xTaskPriorityDisinherit)
    xTaskRemoveFromEventList                 0x000055d1   Thumb Code   132  tasks.o(i.xTaskRemoveFromEventList)
    xTaskResumeAll                           0x0000566d   Thumb Code   224  tasks.o(i.xTaskResumeAll)
    xTimerCreateTimerTask                    0x00005771   Thumb Code    64  timers.o(i.xTimerCreateTimerTask)
    xTimerGenericCommand                     0x000057c5   Thumb Code   128  timers.o(i.xTimerGenericCommand)
    Region$$Table$$Base                      0x00005e20   Number         0  anon$$obj.o(Region$$Table)
    Region$$Table$$Limit                     0x00005e40   Number         0  anon$$obj.o(Region$$Table)
    mytask_handle                            0x20000000   Data           4  main.o(.data)
    mytask_handle_4                          0x20000004   Data           4  main.o(.data)
    Global                                   0x20000008   Data           4  sensor_reading.o(.data)
    g_bRXFlag                                0x2000000c   Data           1  my_task.o(.data)
    g_bErrFlag                               0x2000000d   Data           1  my_task.o(.data)
    g_ui32MsgCount                           0x20000010   Data           4  my_task.o(.data)
    pui8MsgData                              0x20000014   Data           8  my_task.o(.data)
    ui32MsgData_TX                           0x2000001c   Data           4  my_task.o(.data)
    pui8MsgData_TX                           0x20000020   Data           4  my_task.o(.data)
    SystemCoreClock                          0x2000002c   Data           4  system_tm4c123.o(.data)
    pxCurrentTCB                             0x20000050   Data           4  tasks.o(.data)
    sCANMessage                              0x2000066c   Data          20  my_task.o(.bss)
    sCANMessage_TX                           0x20000680   Data          20  my_task.o(.bss)
    __initial_sp                             0x200030b0   Data           0  startup_tm4c123.o(STACK)



==============================================================================

Memory Map of the image

  Image Entry point : 0x00000349

  Load Region LR_IROM1 (Base: 0x00000000, Size: 0x000064ac, Max: 0x00040000, ABSOLUTE, COMPRESSED[0x00005e58])

    Execution Region ER_IROM1 (Exec base: 0x00000000, Load base: 0x00000000, Size: 0x00005e40, Max: 0x00040000, ABSOLUTE)

    Exec Addr    Load Addr    Size         Type   Attr      Idx    E Section Name        Object

    0x00000000   0x00000000   0x0000026c   Data   RO          425    RESET               startup_tm4c123.o
    0x0000026c   0x0000026c   0x00000000   Code   RO         2743  * .ARM.Collect$$$$00000000  mc_w.l(entry.o)
    0x0000026c   0x0000026c   0x00000004   Code   RO         2754    .ARM.Collect$$$$00000001  mc_w.l(entry2.o)
    0x00000270   0x00000270   0x00000004   Code   RO         2757    .ARM.Collect$$$$00000004  mc_w.l(entry5.o)
    0x00000274   0x00000274   0x00000000   Code   RO         2759    .ARM.Collect$$$$00000008  mc_w.l(entry7b.o)
    0x00000274   0x00000274   0x00000000   Code   RO         2761    .ARM.Collect$$$$0000000A  mc_w.l(entry8b.o)
    0x00000274   0x00000274   0x00000008   Code   RO         2762    .ARM.Collect$$$$0000000B  mc_w.l(entry9a.o)
    0x0000027c   0x0000027c   0x00000000   Code   RO         2764    .ARM.Collect$$$$0000000D  mc_w.l(entry10a.o)
    0x0000027c   0x0000027c   0x00000000   Code   RO         2766    .ARM.Collect$$$$0000000F  mc_w.l(entry11a.o)
    0x0000027c   0x0000027c   0x00000004   Code   RO         2755    .ARM.Collect$$$$00002712  mc_w.l(entry2.o)
    0x00000280   0x00000280   0x000000be   Code   RO          605    .emb_text           port.o
    0x0000033e   0x0000033e   0x00000002   PAD
    0x00000340   0x00000340   0x00000006   Code   RO         2090    .emb_text           driverlib.lib(sysctl.o)
    0x00000346   0x00000346   0x00000002   PAD
    0x00000348   0x00000348   0x000000fc   Code   RO          426  * .text               startup_tm4c123.o
    0x00000444   0x00000444   0x00000024   Code   RO         2746    .text               mc_w.l(memcpya.o)
    0x00000468   0x00000468   0x00000024   Code   RO         2748    .text               mc_w.l(memseta.o)
    0x0000048c   0x0000048c   0x00000024   Code   RO         2768    .text               mc_w.l(init.o)
    0x000004b0   0x000004b0   0x00000056   Code   RO         2778    .text               mc_w.l(__dczerorl2.o)
    0x00000506   0x00000506   0x00000002   PAD
    0x00000508   0x00000508   0x00000058   Code   RO          124    i.CAN0_Handler      can_rx.o
    0x00000560   0x00000560   0x00000070   Code   RO         1515    i.CANBitRateSet     driverlib.lib(can.o)
    0x000005d0   0x000005d0   0x0000000a   Code   RO         1519    i.CANEnable         driverlib.lib(can.o)
    0x000005da   0x000005da   0x00000042   Code   RO         1521    i.CANInit           driverlib.lib(can.o)
    0x0000061c   0x0000061c   0x00000026   Code   RO         1522    i.CANIntClear       driverlib.lib(can.o)
    0x00000642   0x00000642   0x00000008   Code   RO         1524    i.CANIntEnable      driverlib.lib(can.o)
    0x0000064a   0x0000064a   0x00000020   Code   RO         1526    i.CANIntStatus      driverlib.lib(can.o)
    0x0000066a   0x0000066a   0x0000017a   Code   RO         1529    i.CANMessageGet     driverlib.lib(can.o)
    0x000007e4   0x000007e4   0x00000166   Code   RO         1530    i.CANMessageSet     driverlib.lib(can.o)
    0x0000094a   0x0000094a   0x00000044   Code   RO         1533    i.CANStatusGet      driverlib.lib(can.o)
    0x0000098e   0x0000098e   0x00000002   PAD
    0x00000990   0x00000990   0x00000088   Code   RO          125    i.CAN_Int           can_rx.o
    0x00000a18   0x00000a18   0x00001e28   Code   RO          197    i.Dio_init          dio_intpin.o
    0x00002840   0x00002840   0x00000028   Code   RO         1675    i.GPIODirModeSet    driverlib.lib(gpio.o)
    0x00002868   0x00002868   0x00000150   Code   RO          294    i.GPIOF_Handler     switch_interput.o
    0x000029b8   0x000029b8   0x00000006   Code   RO         1676    i.GPIOIntClear      driverlib.lib(gpio.o)
    0x000029be   0x000029be   0x0000000c   Code   RO         1678    i.GPIOIntEnable     driverlib.lib(gpio.o)
    0x000029ca   0x000029ca   0x0000001a   Code   RO         1679    i.GPIOIntRegister   driverlib.lib(gpio.o)
    0x000029e4   0x000029e4   0x0000000e   Code   RO         1681    i.GPIOIntStatus     driverlib.lib(gpio.o)
    0x000029f2   0x000029f2   0x00000050   Code   RO         1683    i.GPIOIntTypeSet    driverlib.lib(gpio.o)
    0x00002a42   0x00002a42   0x00000138   Code   RO         1687    i.GPIOPadConfigSet  driverlib.lib(gpio.o)
    0x00002b7a   0x00002b7a   0x00000002   PAD
    0x00002b7c   0x00002b7c   0x00000044   Code   RO         1688    i.GPIOPinConfigure  driverlib.lib(gpio.o)
    0x00002bc0   0x00002bc0   0x00000006   Code   RO         1689    i.GPIOPinRead       driverlib.lib(gpio.o)
    0x00002bc6   0x00002bc6   0x0000001c   Code   RO         1691    i.GPIOPinTypeCAN    driverlib.lib(gpio.o)
    0x00002be2   0x00002be2   0x0000001c   Code   RO         1698    i.GPIOPinTypeGPIOInput  driverlib.lib(gpio.o)
    0x00002bfe   0x00002bfe   0x0000001c   Code   RO         1711    i.GPIOPinTypeUART   driverlib.lib(gpio.o)
    0x00002c1a   0x00002c1a   0x00000002   PAD
    0x00002c1c   0x00002c1c   0x0000004c   Code   RO          182    i.InitConsole       console.o
    0x00002c68   0x00002c68   0x00000064   Code   RO         1978    i.IntEnable         driverlib.lib(interrupt.o)
    0x00002ccc   0x00002ccc   0x00000034   Code   RO         1990    i.IntRegister       driverlib.lib(interrupt.o)
    0x00002d00   0x00002d00   0x00000038   Code   RO          215    i.LAMP              lamp.o
    0x00002d38   0x00002d38   0x0000000e   Code   RO          342    i.Read_UART         my_task.o
    0x00002d46   0x00002d46   0x00000002   PAD
    0x00002d48   0x00002d48   0x00000154   Code   RO         2093    i.SysCtlClockGet    driverlib.lib(sysctl.o)
    0x00002e9c   0x00002e9c   0x00000120   Code   RO         2095    i.SysCtlClockSet    driverlib.lib(sysctl.o)
    0x00002fbc   0x00002fbc   0x00000028   Code   RO         2124    i.SysCtlPeripheralEnable  driverlib.lib(sysctl.o)
    0x00002fe4   0x00002fe4   0x0000002c   Code   RO         2127    i.SysCtlPeripheralPresent  driverlib.lib(sysctl.o)
    0x00003010   0x00003010   0x0000002c   Code   RO         2128    i.SysCtlPeripheralReady  driverlib.lib(sysctl.o)
    0x0000303c   0x0000303c   0x00000034   Code   RO          606    i.SysTick_Handler   port.o
    0x00003070   0x00003070   0x00000098   Code   RO          435    i.SystemInit        system_tm4c123.o
    0x00003108   0x00003108   0x0000000e   Code   RO          343    i.Task3             my_task.o
    0x00003116   0x00003116   0x0000000c   Code   RO         2446    i.UARTCharPut       driverlib.lib(uart.o)
    0x00003122   0x00003122   0x00000006   Code   RO         2450    i.UARTClockSourceSet  driverlib.lib(uart.o)
    0x00003128   0x00003128   0x0000006e   Code   RO         2452    i.UARTConfigSetExpClk  driverlib.lib(uart.o)
    0x00003196   0x00003196   0x00000014   Code   RO         2457    i.UARTEnable        driverlib.lib(uart.o)
    0x000031aa   0x000031aa   0x00000002   PAD
    0x000031ac   0x000031ac   0x00000050   Code   RO          365    i.UARTStdioConfig   uartstdio.o
    0x000031fc   0x000031fc   0x0000001a   Code   RO          368    i.UARTprintf        uartstdio.o
    0x00003216   0x00003216   0x00000002   PAD
    0x00003218   0x00003218   0x00000250   Code   RO          369    i.UARTvprintf       uartstdio.o
    0x00003468   0x00003468   0x00000034   Code   RO          370    i.UARTwrite         uartstdio.o
    0x0000349c   0x0000349c   0x00000050   Code   RO         1718    i._GPIOIntNumberGet  driverlib.lib(gpio.o)
    0x000034ec   0x000034ec   0x0000000e   Code   RO         2772    i.__scatterload_copy  mc_w.l(handlers.o)
    0x000034fa   0x000034fa   0x00000002   Code   RO         2773    i.__scatterload_null  mc_w.l(handlers.o)
    0x000034fc   0x000034fc   0x0000000e   Code   RO         2774    i.__scatterload_zeroinit  mc_w.l(handlers.o)
    0x0000350a   0x0000350a   0x00000002   PAD
    0x0000350c   0x0000350c   0x00000054   Code   RO          126    i.can_ID            can_rx.o
    0x00003560   0x00003560   0x0000003c   Code   RO          940    i.eTaskConfirmSleepModeStatus  tasks.o
    0x0000359c   0x0000359c   0x0000000e   Code   RO          230    i.lighting_Green    lighting.o
    0x000035aa   0x000035aa   0x0000000e   Code   RO          231    i.lighting_blue     lighting.o
    0x000035b8   0x000035b8   0x0000000e   Code   RO          233    i.lighting_red      lighting.o
    0x000035c6   0x000035c6   0x0000000e   Code   RO          234    i.lighting_white    lighting.o
    0x000035d4   0x000035d4   0x00000094   Code   RO            1    i.main              main.o
    0x00003668   0x00003668   0x000000a8   Code   RO          295    i.portF_init        switch_interput.o
    0x00003710   0x00003710   0x000000a4   Code   RO          943    i.prvAddCurrentTaskToDelayedList  tasks.o
    0x000037b4   0x000037b4   0x000000b8   Code   RO          944    i.prvAddNewTaskToReadyList  tasks.o
    0x0000386c   0x0000386c   0x0000004c   Code   RO         1358    i.prvCheckForValidListAndQueue  timers.o
    0x000038b8   0x000038b8   0x00000048   Code   RO          945    i.prvCheckTasksWaitingTermination  tasks.o
    0x00003900   0x00003900   0x0000002a   Code   RO          688    i.prvCopyDataFromQueue  queue.o
    0x0000392a   0x0000392a   0x0000007e   Code   RO          689    i.prvCopyDataToQueue  queue.o
    0x000039a8   0x000039a8   0x00000012   Code   RO          946    i.prvDeleteTCB      tasks.o
    0x000039ba   0x000039ba   0x00000002   PAD
    0x000039bc   0x000039bc   0x0000004c   Code   RO          947    i.prvGetExpectedIdleTime  tasks.o
    0x00003a08   0x00003a08   0x00000028   Code   RO         1359    i.prvGetNextExpireTime  timers.o
    0x00003a30   0x00003a30   0x0000007c   Code   RO          948    i.prvIdleTask       tasks.o
    0x00003aac   0x00003aac   0x0000002e   Code   RO          692    i.prvInitialiseNewQueue  queue.o
    0x00003ada   0x00003ada   0x000000c2   Code   RO          949    i.prvInitialiseNewTask  tasks.o
    0x00003b9c   0x00003b9c   0x00000068   Code   RO          950    i.prvInitialiseTaskLists  tasks.o
    0x00003c04   0x00003c04   0x00000058   Code   RO         1361    i.prvInsertTimerInActiveList  timers.o
    0x00003c5c   0x00003c5c   0x0000001a   Code   RO          693    i.prvIsQueueEmpty   queue.o
    0x00003c76   0x00003c76   0x0000001e   Code   RO          694    i.prvIsQueueFull    queue.o
    0x00003c94   0x00003c94   0x0000008a   Code   RO          695    i.prvNotifyQueueSetContainer  queue.o
    0x00003d1e   0x00003d1e   0x00000002   PAD
    0x00003d20   0x00003d20   0x00000074   Code   RO         1362    i.prvProcessExpiredTimer  timers.o
    0x00003d94   0x00003d94   0x00000164   Code   RO         1363    i.prvProcessReceivedCommands  timers.o
    0x00003ef8   0x00003ef8   0x00000074   Code   RO         1364    i.prvProcessTimerOrBlockTask  timers.o
    0x00003f6c   0x00003f6c   0x00000034   Code   RO          952    i.prvResetNextTaskUnblockTime  tasks.o
    0x00003fa0   0x00003fa0   0x0000002c   Code   RO         1365    i.prvSampleTimeNow  timers.o
    0x00003fcc   0x00003fcc   0x000000a4   Code   RO         1366    i.prvSwitchTimerLists  timers.o
    0x00004070   0x00004070   0x00000040   Code   RO          607    i.prvTaskExitError  port.o
    0x000040b0   0x000040b0   0x0000001a   Code   RO         1367    i.prvTimerTask      timers.o
    0x000040ca   0x000040ca   0x00000090   Code   RO          696    i.prvUnlockQueue    queue.o
    0x0000415a   0x0000415a   0x00000002   PAD
    0x0000415c   0x0000415c   0x00000070   Code   RO          560    i.pvPortMalloc      heap_1.o
    0x000041cc   0x000041cc   0x0000002c   Code   RO          608    i.pxPortInitialiseStack  port.o
    0x000041f8   0x000041f8   0x000000c0   Code   RO          321    i.sensor_UART       sensor_reading.o
    0x000042b8   0x000042b8   0x00000304   Code   RO          272    i.state             state_receiver.o
    0x000045bc   0x000045bc   0x00000028   Code   RO          509    i.uxListRemove      list.o
    0x000045e4   0x000045e4   0x0000001a   Code   RO          510    i.vListInitialise   list.o
    0x000045fe   0x000045fe   0x00000006   Code   RO          511    i.vListInitialiseItem  list.o
    0x00004604   0x00004604   0x00000034   Code   RO          512    i.vListInsert       list.o
    0x00004638   0x00004638   0x00000018   Code   RO          513    i.vListInsertEnd    list.o
    0x00004650   0x00004650   0x00000054   Code   RO          610    i.vPortEnterCritical  port.o
    0x000046a4   0x000046a4   0x0000003c   Code   RO          611    i.vPortExitCritical  port.o
    0x000046e0   0x000046e0   0x00000022   Code   RO          561    i.vPortFree         heap_1.o
    0x00004702   0x00004702   0x00000002   PAD
    0x00004704   0x00004704   0x00000068   Code   RO          612    i.vPortSetupTimerInterrupt  port.o
    0x0000476c   0x0000476c   0x0000014c   Code   RO          613    i.vPortSuppressTicksAndSleep  port.o
    0x000048b8   0x000048b8   0x00000078   Code   RO          614    i.vPortValidateInterruptPriority  port.o
    0x00004930   0x00004930   0x0000004a   Code   RO          704    i.vQueueWaitForMessageRestricted  queue.o
    0x0000497a   0x0000497a   0x00000002   PAD
    0x0000497c   0x0000497c   0x0000005c   Code   RO          967    i.vTaskDelay        tasks.o
    0x000049d8   0x000049d8   0x00000018   Code   RO          972    i.vTaskInternalSetTimeOutState  tasks.o
    0x000049f0   0x000049f0   0x0000000c   Code   RO          973    i.vTaskMissedYield  tasks.o
    0x000049fc   0x000049fc   0x00000038   Code   RO          975    i.vTaskPlaceOnEventList  tasks.o
    0x00004a34   0x00004a34   0x00000040   Code   RO          976    i.vTaskPlaceOnEventListRestricted  tasks.o
    0x00004a74   0x00004a74   0x00000094   Code   RO          984    i.vTaskStartScheduler  tasks.o
    0x00004b08   0x00004b08   0x00000040   Code   RO          985    i.vTaskStepTick     tasks.o
    0x00004b48   0x00004b48   0x00000010   Code   RO          987    i.vTaskSuspendAll   tasks.o
    0x00004b58   0x00004b58   0x0000008c   Code   RO          988    i.vTaskSwitchContext  tasks.o
    0x00004be4   0x00004be4   0x00000168   Code   RO          615    i.xPortStartScheduler  port.o
    0x00004d4c   0x00004d4c   0x00000054   Code   RO          709    i.xQueueGenericCreate  queue.o
    0x00004da0   0x00004da0   0x00000098   Code   RO          710    i.xQueueGenericReset  queue.o
    0x00004e38   0x00004e38   0x000001d8   Code   RO          711    i.xQueueGenericSend  queue.o
    0x00005010   0x00005010   0x00000112   Code   RO          712    i.xQueueGenericSendFromISR  queue.o
    0x00005122   0x00005122   0x00000002   PAD
    0x00005124   0x00005124   0x00000168   Code   RO          721    i.xQueueReceive     queue.o
    0x0000528c   0x0000528c   0x000000a8   Code   RO          991    i.xTaskCheckForTimeOut  tasks.o
    0x00005334   0x00005334   0x00000060   Code   RO          992    i.xTaskCreate       tasks.o
    0x00005394   0x00005394   0x00000020   Code   RO          998    i.xTaskGetSchedulerState  tasks.o
    0x000053b4   0x000053b4   0x0000000c   Code   RO          999    i.xTaskGetTickCount  tasks.o
    0x000053c0   0x000053c0   0x00000148   Code   RO         1001    i.xTaskIncrementTick  tasks.o
    0x00005508   0x00005508   0x000000c8   Code   RO         1004    i.xTaskPriorityDisinherit  tasks.o
    0x000055d0   0x000055d0   0x0000009c   Code   RO         1006    i.xTaskRemoveFromEventList  tasks.o
    0x0000566c   0x0000566c   0x00000104   Code   RO         1007    i.xTaskResumeAll    tasks.o
    0x00005770   0x00005770   0x00000054   Code   RO         1375    i.xTimerCreateTimerTask  timers.o
    0x000057c4   0x000057c4   0x00000084   Code   RO         1376    i.xTimerGenericCommand  timers.o
    0x00005848   0x00005848   0x0000001c   Data   RO          371    .constdata          uartstdio.o
    0x00005864   0x00005864   0x00000020   Data   RO         1534    .constdata          driverlib.lib(can.o)
    0x00005884   0x00005884   0x00000228   Data   RO         1719    .constdata          driverlib.lib(gpio.o)
    0x00005aac   0x00005aac   0x0000010c   Data   RO         1994    .constdata          driverlib.lib(interrupt.o)
    0x00005bb8   0x00005bb8   0x00000254   Data   RO         2146    .constdata          driverlib.lib(sysctl.o)
    0x00005e0c   0x00005e0c   0x00000011   Data   RO          372    .conststring        uartstdio.o
    0x00005e1d   0x00005e1d   0x00000003   PAD
    0x00005e20   0x00005e20   0x00000020   Data   RO         2770    Region$$Table       anon$$obj.o


    Execution Region RW_IRAM1 (Exec base: 0x20000000, Load base: 0x00005e40, Size: 0x000030b0, Max: 0x00008000, ABSOLUTE, COMPRESSED[0x00000018])

    Exec Addr    Load Addr    Size         Type   Attr      Idx    E Section Name        Object

    0x20000000   COMPRESSED   0x00000008   Data   RW            2    .data               main.o
    0x20000008   COMPRESSED   0x00000004   Data   RW          322    .data               sensor_reading.o
    0x2000000c   COMPRESSED   0x00000018   Data   RW          345    .data               my_task.o
    0x20000024   COMPRESSED   0x00000005   Data   RW          373    .data               uartstdio.o
    0x20000029   COMPRESSED   0x00000003   PAD
    0x2000002c   COMPRESSED   0x00000004   Data   RW          437    .data               system_tm4c123.o
    0x20000030   COMPRESSED   0x00000008   Data   RW          565    .data               heap_1.o
    0x20000038   COMPRESSED   0x00000018   Data   RW          616    .data               port.o
    0x20000050   COMPRESSED   0x0000003c   Data   RW         1010    .data               tasks.o
    0x2000008c   COMPRESSED   0x00000014   Data   RW         1384    .data               timers.o
    0x200000a0   COMPRESSED   0x00000360   PAD
    0x20000400   COMPRESSED   0x0000026c   Data   RW         1995    vtable              driverlib.lib(interrupt.o)
    0x2000066c        -       0x00000028   Zero   RW          344    .bss                my_task.o
    0x20000694        -       0x00002728   Zero   RW          564    .bss                heap_1.o
    0x20002dbc        -       0x000000c8   Zero   RW         1009    .bss                tasks.o
    0x20002e84        -       0x00000028   Zero   RW         1383    .bss                timers.o
    0x20002eac   COMPRESSED   0x00000004   PAD
    0x20002eb0        -       0x00000200   Zero   RW          423    STACK               startup_tm4c123.o


==============================================================================

Image component sizes


      Code (inc. data)   RO Data    RW Data    ZI Data      Debug   Object Name

       308         72          0          0          0       1698   can_rx.o
        76         16          0          0          0        506   console.o
      7720        142          0          0          0       3903   dio_intpin.o
       146         14          0          8      10024      10887   heap_1.o
        56          4          0          0          0        559   lamp.o
        56          0          0          0          0       2865   lighting.o
       148          0          0          0          0       5174   list.o
       148         40          0          8          0      20567   main.o
        28          0          0         24         40       1843   my_task.o
      1410        118          0         24          0      13614   port.o
      1968         16          0          0          0      25575   queue.o
       192        104          0          4          0        675   sensor_reading.o
       252         10        620          0        512       5436   startup_tm4c123.o
       772         44          0          0          0        904   state_receiver.o
       504         62          0          0          0       1393   switch_interput.o
       152         40          0          4          0        791   system_tm4c123.o
      2916        406          0         60        200      28716   tasks.o
      1242        106          0         20         40      13415   timers.o
       750         36         45          5          0       4620   uartstdio.o

    ----------------------------------------------------------------------
     18862       1230        700       1024      10820     143141   Object Totals
         0          0         32          0          0          0   (incl. Generated)
        18          0          3        867          4          0   (incl. Padding)

    ----------------------------------------------------------------------

      Code (inc. data)   RO Data    RW Data    ZI Data      Debug   Library Member Name

      1070         10         32          0          0      12793   can.o
       728         26        552          0          0       8337   gpio.o
       152         16        268        620          0       2150   interrupt.o
       762         66        596          0          0       5449   sysctl.o
       148          0          0          0          0       2986   uart.o
        86          0          0          0          0          0   __dczerorl2.o
         0          0          0          0          0          0   entry.o
         0          0          0          0          0          0   entry10a.o
         0          0          0          0          0          0   entry11a.o
         8          4          0          0          0          0   entry2.o
         4          0          0          0          0          0   entry5.o
         0          0          0          0          0          0   entry7b.o
         0          0          0          0          0          0   entry8b.o
         8          4          0          0          0          0   entry9a.o
        30          0          0          0          0          0   handlers.o
        36          8          0          0          0         68   init.o
        36          0          0          0          0         68   memcpya.o
        36          0          0          0          0        108   memseta.o

    ----------------------------------------------------------------------
      3118        134       1448        620          0      31959   Library Totals
        14          0          0          0          0          0   (incl. Padding)

    ----------------------------------------------------------------------

      Code (inc. data)   RO Data    RW Data    ZI Data      Debug   Library Name

      2860        118       1448        620          0      31715   driverlib.lib
       244         16          0          0          0        244   mc_w.l

    ----------------------------------------------------------------------
      3118        134       1448        620          0      31959   Library Totals

    ----------------------------------------------------------------------

==============================================================================


      Code (inc. data)   RO Data    RW Data    ZI Data      Debug   

     21980       1364       2148       1644      10820     163632   Grand Totals
     21980       1364       2148         24      10820     163632   ELF Image Totals (compressed)
     21980       1364       2148         24          0          0   ROM Totals

==============================================================================

    Total RO  Size (Code + RO Data)                24128 (  23.56kB)
    Total RW  Size (RW Data + ZI Data)             12464 (  12.17kB)
    Total ROM Size (Code + RO Data + RW Data)      24152 (  23.59kB)

==============================================================================

