Component: ARM Compiler 5.06 update 6 (build 750) Tool: armlink [4d35ed]

==============================================================================

Section Cross References

    main.o(i.main) refers to switch_interput.o(i.portF_init) for portF_init
    main.o(i.main) refers to dio_intpin.o(i.Dio_init) for Dio_init
    main.o(i.main) refers to uart_file.o(i.InitConsole) for InitConsole
    main.o(i.main) refers to can_rx.o(i.CAN_Int) for CAN_Int
    main.o(i.main) refers to can_rx.o(i.can_ID) for can_ID
    main.o(i.main) refers to tasks.o(i.xTaskCreate) for xTaskCreate
    main.o(i.main) refers to tasks.o(i.vTaskStartScheduler) for vTaskStartScheduler
    main.o(i.main) refers to main.o(.data) for mytask_handle
    main.o(i.main) refers to my_tasks.o(i.Task2) for Task2
    main.o(i.main) refers to my_tasks.o(i.Task_UART) for Task_UART
    can_rx.o(i.CAN0_Handler) refers to can.o(i.CANIntStatus) for CANIntStatus
    can_rx.o(i.CAN0_Handler) refers to can.o(i.CANStatusGet) for CANStatusGet
    can_rx.o(i.CAN0_Handler) refers to can.o(i.CANIntClear) for CANIntClear
    can_rx.o(i.CAN0_Handler) refers to my_tasks.o(.data) for g_bErrFlag
    can_rx.o(i.CAN_Int) refers to sysctl.o(i.SysCtlClockSet) for SysCtlClockSet
    can_rx.o(i.CAN_Int) refers to sysctl.o(i.SysCtlPeripheralEnable) for SysCtlPeripheralEnable
    can_rx.o(i.CAN_Int) refers to gpio.o(i.GPIOPinConfigure) for GPIOPinConfigure
    can_rx.o(i.CAN_Int) refers to gpio.o(i.GPIOPinTypeCAN) for GPIOPinTypeCAN
    can_rx.o(i.CAN_Int) refers to can.o(i.CANInit) for CANInit
    can_rx.o(i.CAN_Int) refers to sysctl.o(i.SysCtlClockGet) for SysCtlClockGet
    can_rx.o(i.CAN_Int) refers to can.o(i.CANBitRateSet) for CANBitRateSet
    can_rx.o(i.CAN_Int) refers to can.o(i.CANIntEnable) for CANIntEnable
    can_rx.o(i.CAN_Int) refers to interrupt.o(i.IntEnable) for IntEnable
    can_rx.o(i.CAN_Int) refers to can.o(i.CANEnable) for CANEnable
    can_rx.o(i.CAN_Int) refers to my_tasks.o(.data) for ui32MsgData_TX
    can_rx.o(i.can_ID) refers to can.o(i.CANMessageSet) for CANMessageSet
    can_rx.o(i.can_ID) refers to my_tasks.o(.bss) for sCANMessage_TX
    can_rx.o(i.can_ID) refers to my_tasks.o(.data) for pui8MsgData_TX
    lighting.o(i.lighting_Green) refers to lamp.o(i.LAMP) for LAMP
    lighting.o(i.lighting_blue) refers to lamp.o(i.LAMP) for LAMP
    lighting.o(i.lighting_off) refers to lamp.o(i.LAMP) for LAMP
    lighting.o(i.lighting_red) refers to lamp.o(i.LAMP) for LAMP
    lighting.o(i.lighting_white) refers to lamp.o(i.LAMP) for LAMP
    state_receiver.o(i.state) refers to can.o(i.CANMessageGet) for CANMessageGet
    state_receiver.o(i.state) refers to lamp.o(i.LAMP) for LAMP
    state_receiver.o(i.state) refers to lighting.o(i.lighting_white) for lighting_white
    state_receiver.o(i.state) refers to sysctl.o(.emb_text) for SysCtlDelay
    state_receiver.o(i.state) refers to lighting.o(i.lighting_Green) for lighting_Green
    state_receiver.o(i.state) refers to can.o(i.CANMessageSet) for CANMessageSet
    state_receiver.o(i.state) refers to lighting.o(i.lighting_red) for lighting_red
    state_receiver.o(i.state) refers to lighting.o(i.lighting_blue) for lighting_blue
    state_receiver.o(i.state) refers to my_tasks.o(.data) for g_bRXFlag
    state_receiver.o(i.state) refers to my_tasks.o(.bss) for sCANMessage
    switch_interput.o(i.GPIOF_Handler) refers to gpio.o(i.GPIOIntStatus) for GPIOIntStatus
    switch_interput.o(i.GPIOF_Handler) refers to gpio.o(i.GPIOIntClear) for GPIOIntClear
    switch_interput.o(i.GPIOF_Handler) refers to gpio.o(i.GPIOPinRead) for GPIOPinRead
    switch_interput.o(i.GPIOF_Handler) refers to lighting.o(i.lighting_white) for lighting_white
    switch_interput.o(i.GPIOF_Handler) refers to sysctl.o(.emb_text) for SysCtlDelay
    switch_interput.o(i.GPIOF_Handler) refers to lamp.o(i.LAMP) for LAMP
    switch_interput.o(i.GPIOF_Handler) refers to can.o(i.CANMessageSet) for CANMessageSet
    switch_interput.o(i.GPIOF_Handler) refers to lighting.o(i.lighting_blue) for lighting_blue
    switch_interput.o(i.GPIOF_Handler) refers to lighting.o(i.lighting_red) for lighting_red
    switch_interput.o(i.GPIOF_Handler) refers to my_tasks.o(.data) for pui8MsgData
    switch_interput.o(i.GPIOF_Handler) refers to my_tasks.o(.bss) for sCANMessage_TX
    switch_interput.o(i.portF_init) refers to sysctl.o(i.SysCtlClockSet) for SysCtlClockSet
    switch_interput.o(i.portF_init) refers to sysctl.o(i.SysCtlPeripheralEnable) for SysCtlPeripheralEnable
    switch_interput.o(i.portF_init) refers to sysctl.o(i.SysCtlPeripheralReady) for SysCtlPeripheralReady
    switch_interput.o(i.portF_init) refers to gpio.o(i.GPIOPinTypeGPIOInput) for GPIOPinTypeGPIOInput
    switch_interput.o(i.portF_init) refers to gpio.o(i.GPIOIntRegister) for GPIOIntRegister
    switch_interput.o(i.portF_init) refers to gpio.o(i.GPIODirModeSet) for GPIODirModeSet
    switch_interput.o(i.portF_init) refers to gpio.o(i.GPIOPadConfigSet) for GPIOPadConfigSet
[...]
    Removing timers.o(i.pvTimerGetTimerID), (44 bytes).
    Removing timers.o(i.uxTimerGetReloadMode), (58 bytes).
    Removing timers.o(i.uxTimerGetTimerNumber), (6 bytes).
    Removing timers.o(i.vTimerSetReloadMode), (70 bytes).
    Removing timers.o(i.vTimerSetTimerID), (44 bytes).
    Removing timers.o(i.vTimerSetTimerNumber), (4 bytes).
    Removing timers.o(i.xTimerCreate), (54 bytes).
    Removing timers.o(i.xTimerGetExpiryTime), (34 bytes).
    Removing timers.o(i.xTimerGetPeriod), (32 bytes).
    Removing timers.o(i.xTimerGetTimerDaemonTaskHandle), (48 bytes).
    Removing timers.o(i.xTimerIsTimerActive), (58 bytes).
    Removing timers.o(i.xTimerPendFunctionCall), (80 bytes).
    Removing timers.o(i.xTimerPendFunctionCallFromISR), (52 bytes).
    Removing can.o(i.CANBitTimingGet), (42 bytes).
    Removing can.o(i.CANBitTimingSet), (106 bytes).
    Removing can.o(i.CANDisable), (10 bytes).
    Removing can.o(i.CANErrCntrGet), (22 bytes).
    Removing can.o(i.CANIntDisable), (10 bytes).
    Removing can.o(i.CANIntRegister), (108 bytes).
    Removing can.o(i.CANIntUnregister), (108 bytes).
    Removing can.o(i.CANMessageClear), (26 bytes).
    Removing can.o(i.CANRetryGet), (14 bytes).
    Removing can.o(i.CANRetrySet), (18 bytes).
    Removing gpio.o(i.GPIOADCTriggerDisable), (14 bytes).
    Removing gpio.o(i.GPIOADCTriggerEnable), (12 bytes).
    Removing gpio.o(i.GPIODMATriggerDisable), (14 bytes).
    Removing gpio.o(i.GPIODMATriggerEnable), (12 bytes).
    Removing gpio.o(i.GPIODirModeGet), (34 bytes).
    Removing gpio.o(i.GPIOIntDisable), (14 bytes).
    Removing gpio.o(i.GPIOIntRegisterPin), (30 bytes).
    Removing gpio.o(i.GPIOIntTypeGet), (68 bytes).
    Removing gpio.o(i.GPIOIntUnregister), (22 bytes).
    Removing gpio.o(i.GPIOIntUnregisterPin), (26 bytes).
    Removing gpio.o(i.GPIOPadConfigGet), (204 bytes).
    Removing gpio.o(i.GPIOPinTypeADC), (28 bytes).
    Removing gpio.o(i.GPIOPinTypeComparator), (28 bytes).
    Removing gpio.o(i.GPIOPinTypeComparatorOutput), (28 bytes).
    Removing gpio.o(i.GPIOPinTypeDIVSCLK), (28 bytes).
    Removing gpio.o(i.GPIOPinTypeEPI), (28 bytes).
    Removing gpio.o(i.GPIOPinTypeEthernetLED), (28 bytes).
    Removing gpio.o(i.GPIOPinTypeEthernetMII), (28 bytes).
    Removing gpio.o(i.GPIOPinTypeGPIOOutput), (28 bytes).
    Removing gpio.o(i.GPIOPinTypeGPIOOutputOD), (28 bytes).
    Removing gpio.o(i.GPIOPinTypeHibernateRTCCLK), (28 bytes).
    Removing gpio.o(i.GPIOPinTypeI2C), (28 bytes).
    Removing gpio.o(i.GPIOPinTypeI2CSCL), (28 bytes).
    Removing gpio.o(i.GPIOPinTypeLCD), (28 bytes).
    Removing gpio.o(i.GPIOPinTypeOneWire), (28 bytes).
    Removing gpio.o(i.GPIOPinTypePWM), (28 bytes).
    Removing gpio.o(i.GPIOPinTypeQEI), (28 bytes).
    Removing gpio.o(i.GPIOPinTypeSSI), (28 bytes).
    Removing gpio.o(i.GPIOPinTypeTimer), (28 bytes).
    Removing gpio.o(i.GPIOPinTypeTrace), (28 bytes).
    Removing gpio.o(i.GPIOPinTypeUSBAnalog), (28 bytes).
    Removing gpio.o(i.GPIOPinTypeUSBDigital), (28 bytes).
    Removing gpio.o(i.GPIOPinTypeWakeHigh), (30 bytes).
    Removing gpio.o(i.GPIOPinTypeWakeLow), (30 bytes).
    Removing gpio.o(i.GPIOPinWakeStatus), (6 bytes).
    Removing gpio.o(i.GPIOPinWrite), (6 bytes).
    Removing interrupt.o(i.IntDisable), (100 bytes).
    Removing interrupt.o(i.IntIsEnabled), (96 bytes).
    Removing interrupt.o(i.IntMasterDisable), (14 bytes).
    Removing interrupt.o(i.IntPendClear), (68 bytes).
    Removing interrupt.o(i.IntPendSet), (84 bytes).
    Removing interrupt.o(i.IntPriorityGet), (28 bytes).
    Removing interrupt.o(i.IntPriorityGroupingGet), (36 bytes).
    Removing interrupt.o(i.IntPriorityGroupingSet), (28 bytes).
    Removing interrupt.o(i.IntPriorityMaskGet), (4 bytes).
    Removing interrupt.o(i.IntPriorityMaskSet), (4 bytes).
    Removing interrupt.o(i.IntPrioritySet), (40 bytes).
    Removing interrupt.o(i.IntTrigger), (12 bytes).
    Removing interrupt.o(i.IntUnregister), (20 bytes).
    Removing interrupt.o(i._IntDefaultHandler), (2 bytes).
    Removing sysctl.o(i.SysCtlAltClkConfig), (12 bytes).
    Removing sysctl.o(i.SysCtlClockFreqSet), (740 bytes).
    Removing sysctl.o(i.SysCtlClockOutConfig), (20 bytes).
    Removing sysctl.o(i.SysCtlDeepSleep), (32 bytes).
    Removing sysctl.o(i.SysCtlDeepSleepClockConfigSet), (112 bytes).
    Removing sysctl.o(i.SysCtlDeepSleepClockSet), (12 bytes).
    Removing sysctl.o(i.SysCtlDeepSleepPowerSet), (12 bytes).
    Removing sysctl.o(i.SysCtlFlashSectorSizeGet), (56 bytes).
    Removing sysctl.o(i.SysCtlFlashSizeGet), (56 bytes).
    Removing sysctl.o(i.SysCtlGPIOAHBDisable), (28 bytes).
    Removing sysctl.o(i.SysCtlGPIOAHBEnable), (24 bytes).
    Removing sysctl.o(i.SysCtlIntClear), (12 bytes).
    Removing sysctl.o(i.SysCtlIntDisable), (16 bytes).
    Removing sysctl.o(i.SysCtlIntEnable), (16 bytes).
    Removing sysctl.o(i.SysCtlIntRegister), (20 bytes).
    Removing sysctl.o(i.SysCtlIntStatus), (16 bytes).
    Removing sysctl.o(i.SysCtlIntUnregister), (18 bytes).
    Removing sysctl.o(i.SysCtlLDODeepSleepGet), (12 bytes).
    Removing sysctl.o(i.SysCtlLDODeepSleepSet), (12 bytes).
    Removing sysctl.o(i.SysCtlLDOSleepGet), (12 bytes).
    Removing sysctl.o(i.SysCtlLDOSleepSet), (12 bytes).
    Removing sysctl.o(i.SysCtlMOSCConfigSet), (12 bytes).
    Removing sysctl.o(i.SysCtlNMIClear), (16 bytes).
    Removing sysctl.o(i.SysCtlNMIStatus), (12 bytes).
    Removing sysctl.o(i.SysCtlPIOSCCalibrate), (76 bytes).
    Removing sysctl.o(i.SysCtlPWMClockGet), (24 bytes).
    Removing sysctl.o(i.SysCtlPWMClockSet), (20 bytes).
    Removing sysctl.o(i.SysCtlPeripheralClockGating), (68 bytes).
    Removing sysctl.o(i.SysCtlPeripheralDeepSleepDisable), (40 bytes).
    Removing sysctl.o(i.SysCtlPeripheralDeepSleepEnable), (40 bytes).
    Removing sysctl.o(i.SysCtlPeripheralDisable), (40 bytes).
    Removing sysctl.o(i.SysCtlPeripheralPowerOff), (40 bytes).
    Removing sysctl.o(i.SysCtlPeripheralPowerOn), (40 bytes).
    Removing sysctl.o(i.SysCtlPeripheralReset), (60 bytes).
    Removing sysctl.o(i.SysCtlPeripheralSleepDisable), (40 bytes).
    Removing sysctl.o(i.SysCtlPeripheralSleepEnable), (40 bytes).
    Removing sysctl.o(i.SysCtlReset), (16 bytes).
    Removing sysctl.o(i.SysCtlResetBehaviorGet), (12 bytes).
    Removing sysctl.o(i.SysCtlResetBehaviorSet), (12 bytes).
    Removing sysctl.o(i.SysCtlResetCauseClear), (16 bytes).
    Removing sysctl.o(i.SysCtlResetCauseGet), (12 bytes).
    Removing sysctl.o(i.SysCtlSRAMSizeGet), (16 bytes).
    Removing sysctl.o(i.SysCtlSleep), (4 bytes).
    Removing sysctl.o(i.SysCtlSleepPowerSet), (12 bytes).
    Removing sysctl.o(i.SysCtlUSBPLLDisable), (16 bytes).
    Removing sysctl.o(i.SysCtlUSBPLLEnable), (16 bytes).
    Removing sysctl.o(i.SysCtlVCOGet), (120 bytes).
    Removing sysctl.o(i.SysCtlVoltageEventClear), (16 bytes).
    Removing sysctl.o(i.SysCtlVoltageEventConfig), (12 bytes).
    Removing sysctl.o(i.SysCtlVoltageEventStatus), (12 bytes).
    Removing uart.o(i.UART9BitAddrSend), (38 bytes).
    Removing uart.o(i.UART9BitAddrSet), (10 bytes).
    Removing uart.o(i.UART9BitDisable), (14 bytes).
    Removing uart.o(i.UART9BitEnable), (14 bytes).
    Removing uart.o(i.UARTBreakCtl), (18 bytes).
    Removing uart.o(i.UARTBusy), (8 bytes).
    Removing uart.o(i.UARTCharGetNonBlocking), (16 bytes).
    Removing uart.o(i.UARTCharPutNonBlocking), (16 bytes).
    Removing uart.o(i.UARTCharsAvail), (10 bytes).
    Removing uart.o(i.UARTClockSourceGet), (6 bytes).
    Removing uart.o(i.UARTConfigGetExpClk), (46 bytes).
    Removing uart.o(i.UARTDMADisable), (10 bytes).
    Removing uart.o(i.UARTDMAEnable), (8 bytes).
    Removing uart.o(i.UARTDisable), (30 bytes).
    Removing uart.o(i.UARTDisableSIR), (10 bytes).
    Removing uart.o(i.UARTEnableSIR), (18 bytes).
    Removing uart.o(i.UARTFIFODisable), (10 bytes).
    Removing uart.o(i.UARTFIFOEnable), (10 bytes).
    Removing uart.o(i.UARTFIFOLevelGet), (16 bytes).
    Removing uart.o(i.UARTFIFOLevelSet), (6 bytes).
    Removing uart.o(i.UARTFlowControlGet), (8 bytes).
    Removing uart.o(i.UARTFlowControlSet), (12 bytes).
    Removing uart.o(i.UARTIntDisable), (10 bytes).
    Removing uart.o(i.UARTIntRegister), (88 bytes).
    Removing uart.o(i.UARTIntUnregister), (88 bytes).
    Removing uart.o(i.UARTLoopbackEnable), (10 bytes).
    Removing uart.o(i.UARTModemControlClear), (14 bytes).
    Removing uart.o(i.UARTModemControlGet), (8 bytes).
    Removing uart.o(i.UARTModemControlSet), (12 bytes).
    Removing uart.o(i.UARTModemStatusGet), (10 bytes).
    Removing uart.o(i.UARTParityModeGet), (8 bytes).
    Removing uart.o(i.UARTParityModeSet), (12 bytes).
    Removing uart.o(i.UARTRxErrorClear), (6 bytes).
    Removing uart.o(i.UARTRxErrorGet), (8 bytes).
    Removing uart.o(i.UARTSmartCardDisable), (10 bytes).
    Removing uart.o(i.UARTSmartCardEnable), (22 bytes).
    Removing uart.o(i.UARTSpaceAvail), (10 bytes).
    Removing uart.o(i.UARTTxIntModeGet), (8 bytes).
    Removing uart.o(i.UARTTxIntModeSet), (12 bytes).
    Removing uart.o(.constdata), (128 bytes).

246 unused section(s) (total 13696 bytes) removed from the image.

==============================================================================

Image Symbol Table

    Local Symbols

    Symbol Name                              Value     Ov Type        Size  Object(Section)

    RESET                                    0x00000000   Section      620  startup_tm4c123.o(RESET)
    ../clib/../cmprslib/zerorunl2.c          0x00000000   Number         0  __dczerorl2.o ABSOLUTE
    ../clib/microlib/init/entry.s            0x00000000   Number         0  entry7b.o ABSOLUTE
    ../clib/microlib/init/entry.s            0x00000000   Number         0  entry.o ABSOLUTE
    ../clib/microlib/init/entry.s            0x00000000   Number         0  entry8b.o ABSOLUTE
    ../clib/microlib/init/entry.s            0x00000000   Number         0  entry8a.o ABSOLUTE
    ../clib/microlib/init/entry.s            0x00000000   Number         0  entry11b.o ABSOLUTE
    ../clib/microlib/init/entry.s            0x00000000   Number         0  entry11a.o ABSOLUTE
    ../clib/microlib/init/entry.s            0x00000000   Number         0  entry10b.o ABSOLUTE
    ../clib/microlib/init/entry.s            0x00000000   Number         0  entry10a.o ABSOLUTE
    ../clib/microlib/init/entry.s            0x00000000   Number         0  entry2.o ABSOLUTE
    ../clib/microlib/init/entry.s            0x00000000   Number         0  entry9b.o ABSOLUTE
    ../clib/microlib/init/entry.s            0x00000000   Number         0  entry9a.o ABSOLUTE
    ../clib/microlib/init/entry.s            0x00000000   Number         0  entry5.o ABSOLUTE
    ../clib/microlib/init/entry.s            0x00000000   Number         0  entry7a.o ABSOLUTE
    ../clib/microlib/string/memcpy.c         0x00000000   Number         0  memcpya.o ABSOLUTE
    ../clib/microlib/string/memcpy.c         0x00000000   Number         0  memcpyb.o ABSOLUTE
    ../clib/microlib/string/memset.c         0x00000000   Number         0  memseta.o ABSOLUTE
    ../clib/microlib/string/strcmp.c         0x00000000   Number         0  strcmp.o ABSOLUTE
    ../clib/microlib/string/strlen.c         0x00000000   Number         0  strlen.o ABSOLUTE
    C:\Users\mm\AppData\Local\Arm\Packs\ARM\CMSIS-FreeRTOS\10.3.1\CMSIS\RTOS2\FreeRTOS\Source\freertos_evr.c 0x00000000   Number         0  freertos_evr.o ABSOLUTE
    C:\Users\mm\AppData\Local\Arm\Packs\ARM\CMSIS-FreeRTOS\10.3.1\Source\list.c 0x00000000   Number         0  list.o ABSOLUTE
    C:\Users\mm\AppData\Local\Arm\Packs\ARM\CMSIS-FreeRTOS\10.3.1\Source\portable\MemMang\heap_1.c 0x00000000   Number         0  heap_1.o ABSOLUTE
    C:\Users\mm\AppData\Local\Arm\Packs\ARM\CMSIS-FreeRTOS\10.3.1\Source\portable\RVDS\ARM_CM4F\port.c 0x00000000   Number         0  port.o ABSOLUTE
    C:\Users\mm\AppData\Local\Arm\Packs\ARM\CMSIS-FreeRTOS\10.3.1\Source\queue.c 0x00000000   Number         0  queue.o ABSOLUTE
    C:\Users\mm\AppData\Local\Arm\Packs\ARM\CMSIS-FreeRTOS\10.3.1\Source\tasks.c 0x00000000   Number         0  tasks.o ABSOLUTE
    C:\Users\mm\AppData\Local\Arm\Packs\ARM\CMSIS-FreeRTOS\10.3.1\Source\timers.c 0x00000000   Number         0  timers.o ABSOLUTE
    C:\Users\mm\Videos\midterm\EC2\EC2\Dio_IntPin.c 0x00000000   Number         0  dio_intpin.o ABSOLUTE
    C:\Users\mm\Videos\midterm\EC2\EC2\can_rx.c 0x00000000   Number         0  can_rx.o ABSOLUTE
    C:\Users\mm\Videos\midterm\EC2\EC2\lamp.c 0x00000000   Number         0  lamp.o ABSOLUTE
    C:\Users\mm\Videos\midterm\EC2\EC2\lighting.c 0x00000000   Number         0  lighting.o ABSOLUTE
    C:\Users\mm\Videos\midterm\EC2\EC2\state_receiver.c 0x00000000   Number         0  state_receiver.o ABSOLUTE
    C:\Users\mm\Videos\midterm\EC2\EC2\switch_interput.c 0x00000000   Number         0  switch_interput.o ABSOLUTE
    C:\\Users\\mm\\AppData\\Local\\Arm\\Packs\\ARM\\CMSIS-FreeRTOS\\10.3.1\\Source\\portable\\RVDS\\ARM_CM4F\\port.c 0x00000000   Number         0  port.o ABSOLUTE
    D:\tivaware\utils\uartstdio.c            0x00000000   Number         0  uartstdio.o ABSOLUTE
    My_Tasks.c                               0x00000000   Number         0  my_tasks.o ABSOLUTE
    RTE\Device\TM4C123GH6PM\startup_TM4C123.s 0x00000000   Number         0  startup_tm4c123.o ABSOLUTE
    RTE\Device\TM4C123GH6PM\system_TM4C123.c 0x00000000   Number         0  system_tm4c123.o ABSOLUTE
    RTE\\Device\\TM4C123GH6PM\\system_TM4C123.c 0x00000000   Number         0  system_tm4c123.o ABSOLUTE
    UART_File.c                              0x00000000   Number         0  uart_file.o ABSOLUTE
    can.c                                    0x00000000   Number         0  can.o ABSOLUTE
    cpu.c                                    0x00000000   Number         0  cpu.o ABSOLUTE
    cpu.c                                    0x00000000   Number         0  cpu.o ABSOLUTE
    dc.s                                     0x00000000   Number         0  dc.o ABSOLUTE
    gpio.c                                   0x00000000   Number         0  gpio.o ABSOLUTE
    handlers.s                               0x00000000   Number         0  handlers.o ABSOLUTE
    init.s                                   0x00000000   Number         0  init.o ABSOLUTE
    interrupt.c                              0x00000000   Number         0  interrupt.o ABSOLUTE
    main.c                                   0x00000000   Number         0  main.o ABSOLUTE
    sysctl.c                                 0x00000000   Number         0  sysctl.o ABSOLUTE
    sysctl.c                                 0x00000000   Number         0  sysctl.o ABSOLUTE
    uart.c                                   0x00000000   Number         0  uart.o ABSOLUTE
    .ARM.Collect$$$$00000000                 0x0000026c   Section        0  entry.o(.ARM.Collect$$$$00000000)
    .ARM.Collect$$$$00000001                 0x0000026c   Section        4  entry2.o(.ARM.Collect$$$$00000001)
    .ARM.Collect$$$$00000004                 0x00000270   Section        4  entry5.o(.ARM.Collect$$$$00000004)
    .ARM.Collect$$$$00000008                 0x00000274   Section        0  entry7b.o(.ARM.Collect$$$$00000008)
    .ARM.Collect$$$$0000000A                 0x00000274   Section        0  entry8b.o(.ARM.Collect$$$$0000000A)
    .ARM.Collect$$$$0000000B                 0x00000274   Section        8  entry9a.o(.ARM.Collect$$$$0000000B)
    .ARM.Collect$$$$0000000D                 0x0000027c   Section        0  entry10a.o(.ARM.Collect$$$$0000000D)
    .ARM.Collect$$$$0000000F                 0x0000027c   Section        0  entry11a.o(.ARM.Collect$$$$0000000F)
    .ARM.Collect$$$$00002712                 0x0000027c   Section        4  entry2.o(.ARM.Collect$$$$00002712)
    __lit__00000000                          0x0000027c   Data           4  entry2.o(.ARM.Collect$$$$00002712)
    .emb_text                                0x00000280   Section      190  port.o(.emb_text)
    $v0                                      0x00000280   Number         0  port.o(.emb_text)
    .emb_text                                0x00000340   Section        6  sysctl.o(.emb_text)
    $v0                                      0x00000340   Number         0  sysctl.o(.emb_text)
    .emb_text                                0x00000348   Section       38  cpu.o(.emb_text)
    $v0                                      0x00000348   Number         0  cpu.o(.emb_text)
    .text                                    0x00000370   Section      252  startup_tm4c123.o(.text)
    $v0                                      0x00000370   Number         0  startup_tm4c123.o(.text)
    .text                                    0x0000046c   Section        0  memcpya.o(.text)
    .text                                    0x00000490   Section        0  memseta.o(.text)
    .text                                    0x000004b4   Section        0  strcmp.o(.text)
    .text                                    0x000004d0   Section       36  init.o(.text)
    .text                                    0x000004f4   Section        0  __dczerorl2.o(.text)
    i.CAN0_Handler                           0x0000054c   Section        0  can_rx.o(i.CAN0_Handler)
    i.CANBitRateSet                          0x000005a4   Section        0  can.o(i.CANBitRateSet)
    i.CANEnable                              0x00000614   Section        0  can.o(i.CANEnable)
    i.CANInit                                0x0000061e   Section        0  can.o(i.CANInit)
    i.CANIntClear                            0x00000660   Section        0  can.o(i.CANIntClear)
    i.CANIntEnable                           0x00000686   Section        0  can.o(i.CANIntEnable)
    i.CANIntStatus                           0x0000068e   Section        0  can.o(i.CANIntStatus)
    i.CANMessageGet                          0x000006ae   Section        0  can.o(i.CANMessageGet)
    i.CANMessageSet                          0x00000828   Section        0  can.o(i.CANMessageSet)
    i.CANStatusGet                           0x0000098e   Section        0  can.o(i.CANStatusGet)
    i.CAN_Int                                0x000009d4   Section        0  can_rx.o(i.CAN_Int)
    i.Dio_init                               0x00000a5c   Section        0  dio_intpin.o(i.Dio_init)
    i.GPIODirModeSet                         0x00002884   Section        0  gpio.o(i.GPIODirModeSet)
    i.GPIOF_Handler                          0x000028ac   Section        0  switch_interput.o(i.GPIOF_Handler)
    i.GPIOIntClear                           0x000029fc   Section        0  gpio.o(i.GPIOIntClear)
    i.GPIOIntEnable                          0x00002a02   Section        0  gpio.o(i.GPIOIntEnable)
    i.GPIOIntRegister                        0x00002a0e   Section        0  gpio.o(i.GPIOIntRegister)
    i.GPIOIntStatus                          0x00002a28   Section        0  gpio.o(i.GPIOIntStatus)
    i.GPIOIntTypeSet                         0x00002a36   Section        0  gpio.o(i.GPIOIntTypeSet)
    i.GPIOPadConfigSet                       0x00002a86   Section        0  gpio.o(i.GPIOPadConfigSet)
    i.GPIOPinConfigure                       0x00002bc0   Section        0  gpio.o(i.GPIOPinConfigure)
    i.GPIOPinRead                            0x00002c04   Section        0  gpio.o(i.GPIOPinRead)
    i.GPIOPinTypeCAN                         0x00002c0a   Section        0  gpio.o(i.GPIOPinTypeCAN)
    i.GPIOPinTypeGPIOInput                   0x00002c26   Section        0  gpio.o(i.GPIOPinTypeGPIOInput)
    i.GPIOPinTypeUART                        0x00002c42   Section        0  gpio.o(i.GPIOPinTypeUART)
    i.InitConsole                            0x00002c60   Section        0  uart_file.o(i.InitConsole)
    i.IntEnable                              0x00002cc0   Section        0  interrupt.o(i.IntEnable)
    i.IntMasterEnable                        0x00002d24   Section        0  interrupt.o(i.IntMasterEnable)
    i.IntRegister                            0x00002d34   Section        0  interrupt.o(i.IntRegister)
    i.LAMP                                   0x00002d68   Section        0  lamp.o(i.LAMP)
    i.SysCtlClockGet                         0x00002da0   Section        0  sysctl.o(i.SysCtlClockGet)
    i.SysCtlClockSet                         0x00002ef4   Section        0  sysctl.o(i.SysCtlClockSet)
    i.SysCtlPeripheralEnable                 0x00003014   Section        0  sysctl.o(i.SysCtlPeripheralEnable)
    i.SysCtlPeripheralPresent                0x0000303c   Section        0  sysctl.o(i.SysCtlPeripheralPresent)
    i.SysCtlPeripheralReady                  0x00003068   Section        0  sysctl.o(i.SysCtlPeripheralReady)
    i.SysTick_Handler                        0x00003094   Section        0  port.o(i.SysTick_Handler)
    i.SystemInit                             0x000030c8   Section        0  system_tm4c123.o(i.SystemInit)
    i.Task2                                  0x00003160   Section        0  my_tasks.o(i.Task2)
    i.Task_UART                              0x00003180   Section        0  my_tasks.o(i.Task_UART)
    i.UART0_Handler                          0x000031f0   Section        0  uart_file.o(i.UART0_Handler)
    i.UARTCharGet                            0x00003218   Section        0  uart.o(i.UARTCharGet)
    i.UARTCharPut                            0x00003224   Section        0  uart.o(i.UARTCharPut)
    i.UARTClockSourceSet                     0x00003230   Section        0  uart.o(i.UARTClockSourceSet)
    i.UARTConfigSetExpClk                    0x00003236   Section        0  uart.o(i.UARTConfigSetExpClk)
    i.UARTEnable                             0x000032a4   Section        0  uart.o(i.UARTEnable)
    i.UARTIntClear                           0x000032b8   Section        0  uart.o(i.UARTIntClear)
    i.UARTIntEnable                          0x000032bc   Section        0  uart.o(i.UARTIntEnable)
    i.UARTIntStatus                          0x000032c4   Section        0  uart.o(i.UARTIntStatus)
    i.UARTStdioConfig                        0x000032d0   Section        0  uartstdio.o(i.UARTStdioConfig)
    i.UARTgets                               0x00003320   Section        0  uartstdio.o(i.UARTgets)
    i.UARTwrite                              0x000033b0   Section        0  uartstdio.o(i.UARTwrite)
    i.Writer                                 0x000033e4   Section        0  uart_file.o(i.Writer)
    i._GPIOIntNumberGet                      0x00003ebc   Section        0  gpio.o(i._GPIOIntNumberGet)
    _GPIOIntNumberGet                        0x00003ebd   Thumb Code    62  gpio.o(i._GPIOIntNumberGet)
    i.__scatterload_copy                     0x00003f0c   Section       14  handlers.o(i.__scatterload_copy)
    i.__scatterload_null                     0x00003f1a   Section        2  handlers.o(i.__scatterload_null)
    i.__scatterload_zeroinit                 0x00003f1c   Section       14  handlers.o(i.__scatterload_zeroinit)
    i.can_ID                                 0x00003f2c   Section        0  can_rx.o(i.can_ID)
    i.eTaskConfirmSleepModeStatus            0x00003f88   Section        0  tasks.o(i.eTaskConfirmSleepModeStatus)
    i.lighting_Green                         0x00003fc4   Section        0  lighting.o(i.lighting_Green)
    i.lighting_blue                          0x00003fd2   Section        0  lighting.o(i.lighting_blue)
    i.lighting_red                           0x00003fe0   Section        0  lighting.o(i.lighting_red)
    i.lighting_white                         0x00003fee   Section        0  lighting.o(i.lighting_white)
    i.main                                   0x00003ffc   Section        0  main.o(i.main)
    i.portF_init                             0x00004090   Section        0  switch_interput.o(i.portF_init)
    i.prvAddCurrentTaskToDelayedList         0x00004138   Section        0  tasks.o(i.prvAddCurrentTaskToDelayedList)
    prvAddCurrentTaskToDelayedList           0x00004139   Thumb Code   134  tasks.o(i.prvAddCurrentTaskToDelayedList)
    i.prvAddNewTaskToReadyList               0x000041dc   Section        0  tasks.o(i.prvAddNewTaskToReadyList)
    prvAddNewTaskToReadyList                 0x000041dd   Thumb Code   156  tasks.o(i.prvAddNewTaskToReadyList)
    i.prvCheckForValidListAndQueue           0x00004294   Section        0  timers.o(i.prvCheckForValidListAndQueue)
    prvCheckForValidListAndQueue             0x00004295   Thumb Code    56  timers.o(i.prvCheckForValidListAndQueue)
    i.prvCheckTasksWaitingTermination        0x000042e0   Section        0  tasks.o(i.prvCheckTasksWaitingTermination)
    prvCheckTasksWaitingTermination          0x000042e1   Thumb Code    60  tasks.o(i.prvCheckTasksWaitingTermination)
    i.prvCopyDataFromQueue                   0x00004328   Section        0  queue.o(i.prvCopyDataFromQueue)
    prvCopyDataFromQueue                     0x00004329   Thumb Code    42  queue.o(i.prvCopyDataFromQueue)
    i.prvCopyDataToQueue                     0x00004352   Section        0  queue.o(i.prvCopyDataToQueue)
    prvCopyDataToQueue                       0x00004353   Thumb Code   126  queue.o(i.prvCopyDataToQueue)
    i.prvDeleteTCB                           0x000043d0   Section        0  tasks.o(i.prvDeleteTCB)
    prvDeleteTCB                             0x000043d1   Thumb Code    18  tasks.o(i.prvDeleteTCB)
    i.prvGetExpectedIdleTime                 0x000043e4   Section        0  tasks.o(i.prvGetExpectedIdleTime)
    prvGetExpectedIdleTime                   0x000043e5   Thumb Code    56  tasks.o(i.prvGetExpectedIdleTime)
    i.prvGetNextExpireTime                   0x00004430   Section        0  timers.o(i.prvGetNextExpireTime)
    prvGetNextExpireTime                     0x00004431   Thumb Code    36  timers.o(i.prvGetNextExpireTime)
    i.prvIdleTask                            0x00004458   Section        0  tasks.o(i.prvIdleTask)
    prvIdleTask                              0x00004459   Thumb Code   108  tasks.o(i.prvIdleTask)
    i.prvInitialiseNewQueue                  0x000044d4   Section        0  queue.o(i.prvInitialiseNewQueue)
    prvInitialiseNewQueue                    0x000044d5   Thumb Code    46  queue.o(i.prvInitialiseNewQueue)
    i.prvInitialiseNewTask                   0x00004502   Section        0  tasks.o(i.prvInitialiseNewTask)
    prvInitialiseNewTask                     0x00004503   Thumb Code   194  tasks.o(i.prvInitialiseNewTask)
    i.prvInitialiseTaskLists                 0x000045c4   Section        0  tasks.o(i.prvInitialiseTaskLists)
    prvInitialiseTaskLists                   0x000045c5   Thumb Code    70  tasks.o(i.prvInitialiseTaskLists)
    i.prvInsertTimerInActiveList             0x0000462c   Section        0  timers.o(i.prvInsertTimerInActiveList)
    prvInsertTimerInActiveList               0x0000462d   Thumb Code    80  timers.o(i.prvInsertTimerInActiveList)
    i.prvIsQueueEmpty                        0x00004684   Section        0  queue.o(i.prvIsQueueEmpty)
    prvIsQueueEmpty                          0x00004685   Thumb Code    26  queue.o(i.prvIsQueueEmpty)
    i.prvIsQueueFull                         0x0000469e   Section        0  queue.o(i.prvIsQueueFull)
    prvIsQueueFull                           0x0000469f   Thumb Code    30  queue.o(i.prvIsQueueFull)
    i.prvNotifyQueueSetContainer             0x000046bc   Section        0  queue.o(i.prvNotifyQueueSetContainer)
    prvNotifyQueueSetContainer               0x000046bd   Thumb Code   138  queue.o(i.prvNotifyQueueSetContainer)
    i.prvProcessExpiredTimer                 0x00004748   Section        0  timers.o(i.prvProcessExpiredTimer)
    prvProcessExpiredTimer                   0x00004749   Thumb Code   110  timers.o(i.prvProcessExpiredTimer)
    i.prvProcessReceivedCommands             0x000047bc   Section        0  timers.o(i.prvProcessReceivedCommands)
    prvProcessReceivedCommands               0x000047bd   Thumb Code   350  timers.o(i.prvProcessReceivedCommands)
    i.prvProcessTimerOrBlockTask             0x00004920   Section        0  timers.o(i.prvProcessTimerOrBlockTask)
    prvProcessTimerOrBlockTask               0x00004921   Thumb Code   102  timers.o(i.prvProcessTimerOrBlockTask)
    i.prvResetNextTaskUnblockTime            0x00004994   Section        0  tasks.o(i.prvResetNextTaskUnblockTime)
    prvResetNextTaskUnblockTime              0x00004995   Thumb Code    42  tasks.o(i.prvResetNextTaskUnblockTime)
    i.prvSampleTimeNow                       0x000049c8   Section        0  timers.o(i.prvSampleTimeNow)
    prvSampleTimeNow                         0x000049c9   Thumb Code    40  timers.o(i.prvSampleTimeNow)
    i.prvSwitchTimerLists                    0x000049f4   Section        0  timers.o(i.prvSwitchTimerLists)
    prvSwitchTimerLists                      0x000049f5   Thumb Code   154  timers.o(i.prvSwitchTimerLists)
    i.prvTaskExitError                       0x00004a98   Section        0  port.o(i.prvTaskExitError)
    prvTaskExitError                         0x00004a99   Thumb Code    60  port.o(i.prvTaskExitError)
    i.prvTaskIsTaskSuspended                 0x00004ad8   Section        0  tasks.o(i.prvTaskIsTaskSuspended)
    prvTaskIsTaskSuspended                   0x00004ad9   Thumb Code    80  tasks.o(i.prvTaskIsTaskSuspended)
    i.prvTimerTask                           0x00004b30   Section        0  timers.o(i.prvTimerTask)
    prvTimerTask                             0x00004b31   Thumb Code    26  timers.o(i.prvTimerTask)
    i.prvUnlockQueue                         0x00004b4a   Section        0  queue.o(i.prvUnlockQueue)
    prvUnlockQueue                           0x00004b4b   Thumb Code   144  queue.o(i.prvUnlockQueue)
    i.pvPortMalloc                           0x00004bdc   Section        0  heap_1.o(i.pvPortMalloc)
    i.pxPortInitialiseStack                  0x00004c4c   Section        0  port.o(i.pxPortInitialiseStack)
    i.state                                  0x00004c78   Section        0  state_receiver.o(i.state)
    i.uxListRemove                           0x00004ed0   Section        0  list.o(i.uxListRemove)
    i.vListInitialise                        0x00004ef8   Section        0  list.o(i.vListInitialise)
    i.vListInitialiseItem                    0x00004f12   Section        0  list.o(i.vListInitialiseItem)
    i.vListInsert                            0x00004f18   Section        0  list.o(i.vListInsert)
    i.vListInsertEnd                         0x00004f4c   Section        0  list.o(i.vListInsertEnd)
    i.vPortEnterCritical                     0x00004f64   Section        0  port.o(i.vPortEnterCritical)
    i.vPortExitCritical                      0x00004fb8   Section        0  port.o(i.vPortExitCritical)
    i.vPortFree                              0x00004ff4   Section        0  heap_1.o(i.vPortFree)
    i.vPortSetupTimerInterrupt               0x00005018   Section        0  port.o(i.vPortSetupTimerInterrupt)
    i.vPortSuppressTicksAndSleep             0x00005080   Section        0  port.o(i.vPortSuppressTicksAndSleep)
    i.vPortValidateInterruptPriority         0x000051cc   Section        0  port.o(i.vPortValidateInterruptPriority)
    i.vQueueWaitForMessageRestricted         0x00005244   Section        0  queue.o(i.vQueueWaitForMessageRestricted)
    i.vTaskDelay                             0x00005290   Section        0  tasks.o(i.vTaskDelay)
    i.vTaskInternalSetTimeOutState           0x000052ec   Section        0  tasks.o(i.vTaskInternalSetTimeOutState)
    i.vTaskMissedYield                       0x00005304   Section        0  tasks.o(i.vTaskMissedYield)
    i.vTaskPlaceOnEventList                  0x00005310   Section        0  tasks.o(i.vTaskPlaceOnEventList)
    i.vTaskPlaceOnEventListRestricted        0x00005348   Section        0  tasks.o(i.vTaskPlaceOnEventListRestricted)
    i.vTaskResume                            0x00005388   Section        0  tasks.o(i.vTaskResume)
    i.vTaskStartScheduler                    0x00005418   Section        0  tasks.o(i.vTaskStartScheduler)
    i.vTaskStepTick                          0x000054ac   Section        0  tasks.o(i.vTaskStepTick)
    i.vTaskSuspend                           0x000054ec   Section        0  tasks.o(i.vTaskSuspend)
    i.vTaskSuspendAll                        0x000055e0   Section        0  tasks.o(i.vTaskSuspendAll)
    i.vTaskSwitchContext                     0x000055f0   Section        0  tasks.o(i.vTaskSwitchContext)
    i.xPortStartScheduler                    0x0000567c   Section        0  port.o(i.xPortStartScheduler)
    i.xQueueGenericCreate                    0x000057e4   Section        0  queue.o(i.xQueueGenericCreate)
    i.xQueueGenericReset                     0x00005838   Section        0  queue.o(i.xQueueGenericReset)
    i.xQueueGenericSend                      0x000058d0   Section        0  queue.o(i.xQueueGenericSend)
    i.xQueueGenericSendFromISR               0x00005aa8   Section        0  queue.o(i.xQueueGenericSendFromISR)
    i.xQueueReceive                          0x00005bbc   Section        0  queue.o(i.xQueueReceive)
    i.xTaskCheckForTimeOut                   0x00005d24   Section        0  tasks.o(i.xTaskCheckForTimeOut)
    i.xTaskCreate                            0x00005dcc   Section        0  tasks.o(i.xTaskCreate)
    i.xTaskGetSchedulerState                 0x00005e2c   Section        0  tasks.o(i.xTaskGetSchedulerState)
    i.xTaskGetTickCount                      0x00005e4c   Section        0  tasks.o(i.xTaskGetTickCount)
    i.xTaskIncrementTick                     0x00005e58   Section        0  tasks.o(i.xTaskIncrementTick)
    i.xTaskPriorityDisinherit                0x00005fa0   Section        0  tasks.o(i.xTaskPriorityDisinherit)
    i.xTaskRemoveFromEventList               0x00006068   Section        0  tasks.o(i.xTaskRemoveFromEventList)
    i.xTaskResumeAll                         0x00006104   Section        0  tasks.o(i.xTaskResumeAll)
    i.xTimerCreateTimerTask                  0x00006208   Section        0  timers.o(i.xTimerCreateTimerTask)
    i.xTimerGenericCommand                   0x0000625c   Section        0  timers.o(i.xTimerGenericCommand)
    .constdata                               0x000062e0   Section       28  uartstdio.o(.constdata)
    g_pcHex                                  0x000062e0   Data           4  uartstdio.o(.constdata)
    g_ui32UARTBase                           0x000062e4   Data          12  uartstdio.o(.constdata)
    g_ui32UARTPeriph                         0x000062f0   Data          12  uartstdio.o(.constdata)
    .constdata                               0x000062fc   Section       32  can.o(.constdata)
    g_ui16CANBitValues                       0x000062fc   Data          32  can.o(.constdata)
    .constdata                               0x0000631c   Section      552  gpio.o(.constdata)
    g_ppui32GPIOIntMapBlizzard               0x0000631c   Data         192  gpio.o(.constdata)
    g_ppui32GPIOIntMapSnowflake              0x000063dc   Data         216  gpio.o(.constdata)
    g_pui32GPIOBaseAddrs                     0x000064b4   Data         144  gpio.o(.constdata)
    .constdata                               0x00006544   Section      268  interrupt.o(.constdata)
    g_pui32Priority                          0x00006544   Data          32  interrupt.o(.constdata)
    g_pui32Regs                              0x00006564   Data         156  interrupt.o(.constdata)
    g_pui32EnRegs                            0x00006600   Data          20  interrupt.o(.constdata)
    g_pui32Dii16Regs                         0x00006614   Data          20  interrupt.o(.constdata)
    g_pui32PendRegs                          0x00006628   Data          20  interrupt.o(.constdata)
    g_pui32UnpendRegs                        0x0000663c   Data          20  interrupt.o(.constdata)
    .constdata                               0x00006650   Section      596  sysctl.o(.constdata)
    g_pui32VCOFrequencies                    0x00006650   Data           8  sysctl.o(.constdata)
    g_pui32Xtals                             0x00006658   Data         108  sysctl.o(.constdata)
    g_pppui32XTALtoVCO                       0x000066c4   Data         432  sysctl.o(.constdata)
    g_sXTALtoMEMTIM                          0x00006874   Data          48  sysctl.o(.constdata)
    .conststring                             0x000068a4   Section       17  uartstdio.o(.conststring)
    .data                                    0x20000000   Section       12  main.o(.data)
    .data                                    0x2000000c   Section       29  my_tasks.o(.data)
    .data                                    0x2000002c   Section        5  uartstdio.o(.data)
    g_ui32Base                               0x2000002c   Data           4  uartstdio.o(.data)
    bLastWasCR                               0x20000030   Data           1  uartstdio.o(.data)
    .data                                    0x20000034   Section        4  system_tm4c123.o(.data)
    .data                                    0x20000038   Section        8  heap_1.o(.data)
    xNextFreeByte                            0x20000038   Data           4  heap_1.o(.data)
    pucAlignedHeap                           0x2000003c   Data           4  heap_1.o(.data)
    .data                                    0x20000040   Section       24  port.o(.data)
    uxCriticalNesting                        0x20000040   Data           4  port.o(.data)
    ulTimerCountsForOneTick                  0x20000044   Data           4  port.o(.data)
    xMaximumPossibleSuppressedTicks          0x20000048   Data           4  port.o(.data)
    ulStoppedTimerCompensation               0x2000004c   Data           4  port.o(.data)
    ucMaxSysCallPriority                     0x20000050   Data           1  port.o(.data)
    ulMaxPRIGROUPValue                       0x20000054   Data           4  port.o(.data)
    .data                                    0x20000058   Section       60  tasks.o(.data)
    pxDelayedTaskList                        0x2000005c   Data           4  tasks.o(.data)
    pxOverflowDelayedTaskList                0x20000060   Data           4  tasks.o(.data)
    uxDeletedTasksWaitingCleanUp             0x20000064   Data           4  tasks.o(.data)
    uxCurrentNumberOfTasks                   0x20000068   Data           4  tasks.o(.data)
    xTickCount                               0x2000006c   Data           4  tasks.o(.data)
    uxTopReadyPriority                       0x20000070   Data           4  tasks.o(.data)
    xSchedulerRunning                        0x20000074   Data           4  tasks.o(.data)
    xPendedTicks                             0x20000078   Data           4  tasks.o(.data)
    xYieldPending                            0x2000007c   Data           4  tasks.o(.data)
    xNumOfOverflows                          0x20000080   Data           4  tasks.o(.data)
    uxTaskNumber                             0x20000084   Data           4  tasks.o(.data)
    xNextTaskUnblockTime                     0x20000088   Data           4  tasks.o(.data)
    xIdleTaskHandle                          0x2000008c   Data           4  tasks.o(.data)
    uxSchedulerSuspended                     0x20000090   Data           4  tasks.o(.data)
    .data                                    0x20000094   Section       20  timers.o(.data)
    pxCurrentTimerList                       0x20000094   Data           4  timers.o(.data)
    pxOverflowTimerList                      0x20000098   Data           4  timers.o(.data)
    xTimerQueue                              0x2000009c   Data           4  timers.o(.data)
    xTimerTaskHandle                         0x200000a0   Data           4  timers.o(.data)
    xLastTime                                0x200000a4   Data           4  timers.o(.data)
    vtable                                   0x20000400   Section      620  interrupt.o(vtable)
    g_pfnRAMVectors                          0x20000400   Data         620  interrupt.o(vtable)
    .bss                                     0x2000066c   Section      100  uart_file.o(.bss)
    .bss                                     0x200006d0   Section       40  my_tasks.o(.bss)
    .bss                                     0x200006f8   Section    10024  heap_1.o(.bss)
    ucHeap                                   0x200006f8   Data       10024  heap_1.o(.bss)
    .bss                                     0x20002e20   Section      200  tasks.o(.bss)
    pxReadyTasksLists                        0x20002e20   Data         100  tasks.o(.bss)
    xDelayedTaskList1                        0x20002e84   Data          20  tasks.o(.bss)
    xDelayedTaskList2                        0x20002e98   Data          20  tasks.o(.bss)
    xPendingReadyList                        0x20002eac   Data          20  tasks.o(.bss)
    xTasksWaitingTermination                 0x20002ec0   Data          20  tasks.o(.bss)
    xSuspendedTaskList                       0x20002ed4   Data          20  tasks.o(.bss)
    .bss                                     0x20002ee8   Section       40  timers.o(.bss)
    xActiveTimerList1                        0x20002ee8   Data          20  timers.o(.bss)
    xActiveTimerList2                        0x20002efc   Data          20  timers.o(.bss)
    STACK                                    0x20002f10   Section      512  startup_tm4c123.o(STACK)

    Global Symbols

    Symbol Name                              Value     Ov Type        Size  Object(Section)

    BuildAttributes$$THM_ISAv4$E$P$D$K$B$S$7EM$VFPi3$EXTD16$VFPS$VFMA$PE$A:L22UL41UL21$X:L11$S22US41US21$IEEE1$IW$USESV6$~STKCKD$USESV7$~SHL$OTIME$EBA8$MICROLIB$REQ8$PRES8$EABIv2 0x00000000   Number         0  anon$$obj.o ABSOLUTE
    __ARM_use_no_argv                        0x00000000   Number         0  main.o ABSOLUTE
    __Vectors                                0x00000000   Data           4  startup_tm4c123.o(RESET)
    __cpp_initialize__aeabi_                  - Undefined Weak Reference
    __cxa_finalize                            - Undefined Weak Reference
    _clock_init                               - Undefined Weak Reference
    _microlib_exit                            - Undefined Weak Reference
    __Vectors_End                            0x0000026c   Data           0  startup_tm4c123.o(RESET)
    __Vectors_Size                           0x0000026c   Number         0  startup_tm4c123.o ABSOLUTE
    __main                                   0x0000026d   Thumb Code     0  entry.o(.ARM.Collect$$$$00000000)
    _main_stk                                0x0000026d   Thumb Code     0  entry2.o(.ARM.Collect$$$$00000001)
    _main_scatterload                        0x00000271   Thumb Code     0  entry5.o(.ARM.Collect$$$$00000004)
    __main_after_scatterload                 0x00000275   Thumb Code     0  entry5.o(.ARM.Collect$$$$00000004)
    _main_clock                              0x00000275   Thumb Code     0  entry7b.o(.ARM.Collect$$$$00000008)
    _main_cpp_init                           0x00000275   Thumb Code     0  entry8b.o(.ARM.Collect$$$$0000000A)
    _main_init                               0x00000275   Thumb Code     0  entry9a.o(.ARM.Collect$$$$0000000B)
    __rt_final_cpp                           0x0000027d   Thumb Code     0  entry10a.o(.ARM.Collect$$$$0000000D)
    __rt_final_exit                          0x0000027d   Thumb Code     0  entry11a.o(.ARM.Collect$$$$0000000F)
    SVC_Handler                              0x00000281   Thumb Code    28  port.o(.emb_text)
    __asm___6_port_c_39a90d8d__prvStartFirstTask 0x000002a1   Thumb Code    36  port.o(.emb_text)
    __asm___6_port_c_39a90d8d__prvEnableVFP  0x000002c9   Thumb Code    16  port.o(.emb_text)
    PendSV_Handler                           0x000002dd   Thumb Code    88  port.o(.emb_text)
    vPortGetIPSR                             0x00000339   Thumb Code     6  port.o(.emb_text)
    SysCtlDelay                              0x00000341   Thumb Code     6  sysctl.o(.emb_text)
    CPUcpsid                                 0x00000349   Thumb Code     8  cpu.o(.emb_text)
    CPUprimask                               0x00000351   Thumb Code     6  cpu.o(.emb_text)
    CPUcpsie                                 0x00000357   Thumb Code     8  cpu.o(.emb_text)
    CPUwfi                                   0x0000035f   Thumb Code     4  cpu.o(.emb_text)
    CPUbasepriSet                            0x00000363   Thumb Code     6  cpu.o(.emb_text)
    CPUbasepriGet                            0x00000369   Thumb Code     6  cpu.o(.emb_text)
    Reset_Handler                            0x00000371   Thumb Code     8  startup_tm4c123.o(.text)
    NMI_Handler                              0x00000379   Thumb Code     2  startup_tm4c123.o(.text)
    HardFault_Handler                        0x0000037b   Thumb Code     2  startup_tm4c123.o(.text)
    MemManage_Handler                        0x0000037d   Thumb Code     2  startup_tm4c123.o(.text)
    BusFault_Handler                         0x0000037f   Thumb Code     2  startup_tm4c123.o(.text)
    UsageFault_Handler                       0x00000381   Thumb Code     2  startup_tm4c123.o(.text)
    DebugMon_Handler                         0x00000385   Thumb Code     2  startup_tm4c123.o(.text)
    GPIOA_Handler                            0x0000038b   Thumb Code     2  startup_tm4c123.o(.text)
    GPIOB_Handler                            0x0000038d   Thumb Code     2  startup_tm4c123.o(.text)
    GPIOC_Handler                            0x0000038f   Thumb Code     2  startup_tm4c123.o(.text)
    GPIOD_Handler                            0x00000391   Thumb Code     2  startup_tm4c123.o(.text)
    GPIOE_Handler                            0x00000393   Thumb Code     2  startup_tm4c123.o(.text)
    UART1_Handler                            0x00000397   Thumb Code     2  startup_tm4c123.o(.text)
    SSI0_Handler                             0x00000399   Thumb Code     2  startup_tm4c123.o(.text)
    I2C0_Handler                             0x0000039b   Thumb Code     2  startup_tm4c123.o(.text)
    PMW0_FAULT_Handler                       0x0000039d   Thumb Code     2  startup_tm4c123.o(.text)
    PWM0_0_Handler                           0x0000039f   Thumb Code     2  startup_tm4c123.o(.text)
    PWM0_1_Handler                           0x000003a1   Thumb Code     2  startup_tm4c123.o(.text)
    PWM0_2_Handler                           0x000003a3   Thumb Code     2  startup_tm4c123.o(.text)
    QEI0_Handler                             0x000003a5   Thumb Code     2  startup_tm4c123.o(.text)
    ADC0SS0_Handler                          0x000003a7   Thumb Code     2  startup_tm4c123.o(.text)
    ADC0SS1_Handler                          0x000003a9   Thumb Code     2  startup_tm4c123.o(.text)
    ADC0SS2_Handler                          0x000003ab   Thumb Code     2  startup_tm4c123.o(.text)
    ADC0SS3_Handler                          0x000003ad   Thumb Code     2  startup_tm4c123.o(.text)
    WDT0_Handler                             0x000003af   Thumb Code     2  startup_tm4c123.o(.text)
    TIMER0A_Handler                          0x000003b1   Thumb Code     2  startup_tm4c123.o(.text)
    TIMER0B_Handler                          0x000003b3   Thumb Code     2  startup_tm4c123.o(.text)
    TIMER1A_Handler                          0x000003b5   Thumb Code     2  startup_tm4c123.o(.text)
    TIMER1B_Handler                          0x000003b7   Thumb Code     2  startup_tm4c123.o(.text)
    TIMER2A_Handler                          0x000003b9   Thumb Code     2  startup_tm4c123.o(.text)
    TIMER2B_Handler                          0x000003bb   Thumb Code     2  startup_tm4c123.o(.text)
    COMP0_Handler                            0x000003bd   Thumb Code     2  startup_tm4c123.o(.text)
    COMP1_Handler                            0x000003bf   Thumb Code     2  startup_tm4c123.o(.text)
    COMP2_Handler                            0x000003c1   Thumb Code     2  startup_tm4c123.o(.text)
    SYSCTL_Handler                           0x000003c3   Thumb Code     2  startup_tm4c123.o(.text)
    FLASH_Handler                            0x000003c5   Thumb Code     2  startup_tm4c123.o(.text)
    GPIOG_Handler                            0x000003c9   Thumb Code     2  startup_tm4c123.o(.text)
    GPIOH_Handler                            0x000003cb   Thumb Code     2  startup_tm4c123.o(.text)
    UART2_Handler                            0x000003cd   Thumb Code     2  startup_tm4c123.o(.text)
    SSI1_Handler                             0x000003cf   Thumb Code     2  startup_tm4c123.o(.text)
    TIMER3A_Handler                          0x000003d1   Thumb Code     2  startup_tm4c123.o(.text)
    TIMER3B_Handler                          0x000003d3   Thumb Code     2  startup_tm4c123.o(.text)
    I2C1_Handler                             0x000003d5   Thumb Code     2  startup_tm4c123.o(.text)
    QEI1_Handler                             0x000003d7   Thumb Code     2  startup_tm4c123.o(.text)
    CAN1_Handler                             0x000003db   Thumb Code     2  startup_tm4c123.o(.text)
    CAN2_Handler                             0x000003dd   Thumb Code     2  startup_tm4c123.o(.text)
    HIB_Handler                              0x000003df   Thumb Code     2  startup_tm4c123.o(.text)
    USB0_Handler                             0x000003e1   Thumb Code     2  startup_tm4c123.o(.text)
    PWM0_3_Handler                           0x000003e3   Thumb Code     2  startup_tm4c123.o(.text)
    UDMA_Handler                             0x000003e5   Thumb Code     2  startup_tm4c123.o(.text)
    UDMAERR_Handler                          0x000003e7   Thumb Code     2  startup_tm4c123.o(.text)
    ADC1SS0_Handler                          0x000003e9   Thumb Code     2  startup_tm4c123.o(.text)
    ADC1SS1_Handler                          0x000003eb   Thumb Code     2  startup_tm4c123.o(.text)
    ADC1SS2_Handler                          0x000003ed   Thumb Code     2  startup_tm4c123.o(.text)
    ADC1SS3_Handler                          0x000003ef   Thumb Code     2  startup_tm4c123.o(.text)
    GPIOJ_Handler                            0x000003f1   Thumb Code     2  startup_tm4c123.o(.text)
    GPIOK_Handler                            0x000003f3   Thumb Code     2  startup_tm4c123.o(.text)
    GPIOL_Handler                            0x000003f5   Thumb Code     2  startup_tm4c123.o(.text)
    SSI2_Handler                             0x000003f7   Thumb Code     2  startup_tm4c123.o(.text)
    SSI3_Handler                             0x000003f9   Thumb Code     2  startup_tm4c123.o(.text)
    UART3_Handler                            0x000003fb   Thumb Code     2  startup_tm4c123.o(.text)
    UART4_Handler                            0x000003fd   Thumb Code     2  startup_tm4c123.o(.text)
    UART5_Handler                            0x000003ff   Thumb Code     2  startup_tm4c123.o(.text)
    UART6_Handler                            0x00000401   Thumb Code     2  startup_tm4c123.o(.text)
    UART7_Handler                            0x00000403   Thumb Code     2  startup_tm4c123.o(.text)
    I2C2_Handler                             0x00000405   Thumb Code     2  startup_tm4c123.o(.text)
    I2C3_Handler                             0x00000407   Thumb Code     2  startup_tm4c123.o(.text)
    TIMER4A_Handler                          0x00000409   Thumb Code     2  startup_tm4c123.o(.text)
    TIMER4B_Handler                          0x0000040b   Thumb Code     2  startup_tm4c123.o(.text)
    TIMER5A_Handler                          0x0000040d   Thumb Code     2  startup_tm4c123.o(.text)
    TIMER5B_Handler                          0x0000040f   Thumb Code     2  startup_tm4c123.o(.text)
    WTIMER0A_Handler                         0x00000411   Thumb Code     2  startup_tm4c123.o(.text)
    WTIMER0B_Handler                         0x00000413   Thumb Code     2  startup_tm4c123.o(.text)
    WTIMER1A_Handler                         0x00000415   Thumb Code     2  startup_tm4c123.o(.text)
    WTIMER1B_Handler                         0x00000417   Thumb Code     2  startup_tm4c123.o(.text)
    WTIMER2A_Handler                         0x00000419   Thumb Code     2  startup_tm4c123.o(.text)
    WTIMER2B_Handler                         0x0000041b   Thumb Code     2  startup_tm4c123.o(.text)
    WTIMER3A_Handler                         0x0000041d   Thumb Code     2  startup_tm4c123.o(.text)
    WTIMER3B_Handler                         0x0000041f   Thumb Code     2  startup_tm4c123.o(.text)
    WTIMER4A_Handler                         0x00000421   Thumb Code     2  startup_tm4c123.o(.text)
    WTIMER4B_Handler                         0x00000423   Thumb Code     2  startup_tm4c123.o(.text)
    WTIMER5A_Handler                         0x00000425   Thumb Code     2  startup_tm4c123.o(.text)
    WTIMER5B_Handler                         0x00000427   Thumb Code     2  startup_tm4c123.o(.text)
    FPU_Handler                              0x00000429   Thumb Code     2  startup_tm4c123.o(.text)
    I2C4_Handler                             0x0000042b   Thumb Code     2  startup_tm4c123.o(.text)
    I2C5_Handler                             0x0000042d   Thumb Code     2  startup_tm4c123.o(.text)
    GPIOM_Handler                            0x0000042f   Thumb Code     2  startup_tm4c123.o(.text)
    GPION_Handler                            0x00000431   Thumb Code     2  startup_tm4c123.o(.text)
    QEI2_Handler                             0x00000433   Thumb Code     2  startup_tm4c123.o(.text)
    GPIOP0_Handler                           0x00000435   Thumb Code     2  startup_tm4c123.o(.text)
    GPIOP1_Handler                           0x00000437   Thumb Code     2  startup_tm4c123.o(.text)
    GPIOP2_Handler                           0x00000439   Thumb Code     2  startup_tm4c123.o(.text)
    GPIOP3_Handler                           0x0000043b   Thumb Code     2  startup_tm4c123.o(.text)
    GPIOP4_Handler                           0x0000043d   Thumb Code     2  startup_tm4c123.o(.text)
    GPIOP5_Handler                           0x0000043f   Thumb Code     2  startup_tm4c123.o(.text)
    GPIOP6_Handler                           0x00000441   Thumb Code     2  startup_tm4c123.o(.text)
    GPIOP7_Handler                           0x00000443   Thumb Code     2  startup_tm4c123.o(.text)
    GPIOQ0_Handler                           0x00000445   Thumb Code     2  startup_tm4c123.o(.text)
    GPIOQ1_Handler                           0x00000447   Thumb Code     2  startup_tm4c123.o(.text)
    GPIOQ2_Handler                           0x00000449   Thumb Code     2  startup_tm4c123.o(.text)
    GPIOQ3_Handler                           0x0000044b   Thumb Code     2  startup_tm4c123.o(.text)
    GPIOQ4_Handler                           0x0000044d   Thumb Code     2  startup_tm4c123.o(.text)
    GPIOQ5_Handler                           0x0000044f   Thumb Code     2  startup_tm4c123.o(.text)
    GPIOQ6_Handler                           0x00000451   Thumb Code     2  startup_tm4c123.o(.text)
    GPIOQ7_Handler                           0x00000453   Thumb Code     2  startup_tm4c123.o(.text)
    GPIOR_Handler                            0x00000455   Thumb Code     2  startup_tm4c123.o(.text)
    GPIOS_Handler                            0x00000457   Thumb Code     2  startup_tm4c123.o(.text)
    PMW1_0_Handler                           0x00000459   Thumb Code     2  startup_tm4c123.o(.text)
    PWM1_1_Handler                           0x0000045b   Thumb Code     2  startup_tm4c123.o(.text)
    PWM1_2_Handler                           0x0000045d   Thumb Code     2  startup_tm4c123.o(.text)
    PWM1_3_Handler                           0x0000045f   Thumb Code     2  startup_tm4c123.o(.text)
    PWM1_FAULT_Handler                       0x00000461   Thumb Code     2  startup_tm4c123.o(.text)
    __aeabi_memcpy                           0x0000046d   Thumb Code    36  memcpya.o(.text)
    __aeabi_memcpy4                          0x0000046d   Thumb Code     0  memcpya.o(.text)
    __aeabi_memcpy8                          0x0000046d   Thumb Code     0  memcpya.o(.text)
    __aeabi_memset                           0x00000491   Thumb Code    14  memseta.o(.text)
    __aeabi_memset4                          0x00000491   Thumb Code     0  memseta.o(.text)
    __aeabi_memset8                          0x00000491   Thumb Code     0  memseta.o(.text)
    __aeabi_memclr                           0x0000049f   Thumb Code     4  memseta.o(.text)
    __aeabi_memclr4                          0x0000049f   Thumb Code     0  memseta.o(.text)
    __aeabi_memclr8                          0x0000049f   Thumb Code     0  memseta.o(.text)
    _memset$wrapper                          0x000004a3   Thumb Code    18  memseta.o(.text)
    strcmp                                   0x000004b5   Thumb Code    28  strcmp.o(.text)
    __scatterload                            0x000004d1   Thumb Code    28  init.o(.text)
    __scatterload_rt2                        0x000004d1   Thumb Code     0  init.o(.text)
    __decompress                             0x000004f5   Thumb Code     0  __dczerorl2.o(.text)
    __decompress1                            0x000004f5   Thumb Code    86  __dczerorl2.o(.text)
    CAN0_Handler                             0x0000054d   Thumb Code    72  can_rx.o(i.CAN0_Handler)
    CANBitRateSet                            0x000005a5   Thumb Code   108  can.o(i.CANBitRateSet)
    CANEnable                                0x00000615   Thumb Code    10  can.o(i.CANEnable)
    CANInit                                  0x0000061f   Thumb Code    66  can.o(i.CANInit)
    CANIntClear                              0x00000661   Thumb Code    38  can.o(i.CANIntClear)
    CANIntEnable                             0x00000687   Thumb Code     8  can.o(i.CANIntEnable)
    CANIntStatus                             0x0000068f   Thumb Code    32  can.o(i.CANIntStatus)
    CANMessageGet                            0x000006af   Thumb Code   378  can.o(i.CANMessageGet)
    CANMessageSet                            0x00000829   Thumb Code   358  can.o(i.CANMessageSet)
    CANStatusGet                             0x0000098f   Thumb Code    68  can.o(i.CANStatusGet)
    CAN_Int                                  0x000009d5   Thumb Code    96  can_rx.o(i.CAN_Int)
    Dio_init                                 0x00000a5d   Thumb Code  7710  dio_intpin.o(i.Dio_init)
    GPIODirModeSet                           0x00002885   Thumb Code    40  gpio.o(i.GPIODirModeSet)
    GPIOF_Handler                            0x000028ad   Thumb Code   298  switch_interput.o(i.GPIOF_Handler)
    GPIOIntClear                             0x000029fd   Thumb Code     6  gpio.o(i.GPIOIntClear)
    GPIOIntEnable                            0x00002a03   Thumb Code    12  gpio.o(i.GPIOIntEnable)
    GPIOIntRegister                          0x00002a0f   Thumb Code    26  gpio.o(i.GPIOIntRegister)
    GPIOIntStatus                            0x00002a29   Thumb Code    14  gpio.o(i.GPIOIntStatus)
    GPIOIntTypeSet                           0x00002a37   Thumb Code    80  gpio.o(i.GPIOIntTypeSet)
    GPIOPadConfigSet                         0x00002a87   Thumb Code   312  gpio.o(i.GPIOPadConfigSet)
    GPIOPinConfigure                         0x00002bc1   Thumb Code    60  gpio.o(i.GPIOPinConfigure)
    GPIOPinRead                              0x00002c05   Thumb Code     6  gpio.o(i.GPIOPinRead)
    GPIOPinTypeCAN                           0x00002c0b   Thumb Code    28  gpio.o(i.GPIOPinTypeCAN)
    GPIOPinTypeGPIOInput                     0x00002c27   Thumb Code    28  gpio.o(i.GPIOPinTypeGPIOInput)
    GPIOPinTypeUART                          0x00002c43   Thumb Code    28  gpio.o(i.GPIOPinTypeUART)
    InitConsole                              0x00002c61   Thumb Code    78  uart_file.o(i.InitConsole)
    IntEnable                                0x00002cc1   Thumb Code    92  interrupt.o(i.IntEnable)
    IntMasterEnable                          0x00002d25   Thumb Code    14  interrupt.o(i.IntMasterEnable)
    IntRegister                              0x00002d35   Thumb Code    44  interrupt.o(i.IntRegister)
    LAMP                                     0x00002d69   Thumb Code    52  lamp.o(i.LAMP)
    SysCtlClockGet                           0x00002da1   Thumb Code   304  sysctl.o(i.SysCtlClockGet)
    SysCtlClockSet                           0x00002ef5   Thumb Code   270  sysctl.o(i.SysCtlClockSet)
    SysCtlPeripheralEnable                   0x00003015   Thumb Code    36  sysctl.o(i.SysCtlPeripheralEnable)
    SysCtlPeripheralPresent                  0x0000303d   Thumb Code    40  sysctl.o(i.SysCtlPeripheralPresent)
    SysCtlPeripheralReady                    0x00003069   Thumb Code    40  sysctl.o(i.SysCtlPeripheralReady)
    SysTick_Handler                          0x00003095   Thumb Code    46  port.o(i.SysTick_Handler)
    SystemInit                               0x000030c9   Thumb Code   112  system_tm4c123.o(i.SystemInit)
    Task2                                    0x00003161   Thumb Code    28  my_tasks.o(i.Task2)
    Task_UART                                0x00003181   Thumb Code    78  my_tasks.o(i.Task_UART)
    UART0_Handler                            0x000031f1   Thumb Code    32  uart_file.o(i.UART0_Handler)
    UARTCharGet                              0x00003219   Thumb Code    12  uart.o(i.UARTCharGet)
    UARTCharPut                              0x00003225   Thumb Code    12  uart.o(i.UARTCharPut)
    UARTClockSourceSet                       0x00003231   Thumb Code     6  uart.o(i.UARTClockSourceSet)
    UARTConfigSetExpClk                      0x00003237   Thumb Code   110  uart.o(i.UARTConfigSetExpClk)
    UARTEnable                               0x000032a5   Thumb Code    20  uart.o(i.UARTEnable)
    UARTIntClear                             0x000032b9   Thumb Code     4  uart.o(i.UARTIntClear)
    UARTIntEnable                            0x000032bd   Thumb Code     8  uart.o(i.UARTIntEnable)
    UARTIntStatus                            0x000032c5   Thumb Code    10  uart.o(i.UARTIntStatus)
    UARTStdioConfig                          0x000032d1   Thumb Code    68  uartstdio.o(i.UARTStdioConfig)
    UARTgets                                 0x00003321   Thumb Code   126  uartstdio.o(i.UARTgets)
    UARTwrite                                0x000033b1   Thumb Code    46  uartstdio.o(i.UARTwrite)
    Writer                                   0x000033e5   Thumb Code  2768  uart_file.o(i.Writer)
    __scatterload_copy                       0x00003f0d   Thumb Code    14  handlers.o(i.__scatterload_copy)
    __scatterload_null                       0x00003f1b   Thumb Code     2  handlers.o(i.__scatterload_null)
    __scatterload_zeroinit                   0x00003f1d   Thumb Code    14  handlers.o(i.__scatterload_zeroinit)
    can_ID                                   0x00003f2d   Thumb Code    76  can_rx.o(i.can_ID)
    eTaskConfirmSleepModeStatus              0x00003f89   Thumb Code    42  tasks.o(i.eTaskConfirmSleepModeStatus)
    lighting_Green                           0x00003fc5   Thumb Code    14  lighting.o(i.lighting_Green)
    lighting_blue                            0x00003fd3   Thumb Code    14  lighting.o(i.lighting_blue)
    lighting_red                             0x00003fe1   Thumb Code    14  lighting.o(i.lighting_red)
    lighting_white                           0x00003fef   Thumb Code    14  lighting.o(i.lighting_white)
    main                                     0x00003ffd   Thumb Code   108  main.o(i.main)
    portF_init                               0x00004091   Thumb Code   144  switch_interput.o(i.portF_init)
    pvPortMalloc                             0x00004bdd   Thumb Code    98  heap_1.o(i.pvPortMalloc)
    pxPortInitialiseStack                    0x00004c4d   Thumb Code    38  port.o(i.pxPortInitialiseStack)
    state                                    0x00004c79   Thumb Code   564  state_receiver.o(i.state)
    uxListRemove                             0x00004ed1   Thumb Code    40  list.o(i.uxListRemove)
    vListInitialise                          0x00004ef9   Thumb Code    26  list.o(i.vListInitialise)
    vListInitialiseItem                      0x00004f13   Thumb Code     6  list.o(i.vListInitialiseItem)
    vListInsert                              0x00004f19   Thumb Code    52  list.o(i.vListInsert)
    vListInsertEnd                           0x00004f4d   Thumb Code    24  list.o(i.vListInsertEnd)
    vPortEnterCritical                       0x00004f65   Thumb Code    76  port.o(i.vPortEnterCritical)
    vPortExitCritical                        0x00004fb9   Thumb Code    56  port.o(i.vPortExitCritical)
    vPortFree                                0x00004ff5   Thumb Code    34  heap_1.o(i.vPortFree)
    vPortSetupTimerInterrupt                 0x00005019   Thumb Code    86  port.o(i.vPortSetupTimerInterrupt)
    vPortSuppressTicksAndSleep               0x00005081   Thumb Code   320  port.o(i.vPortSuppressTicksAndSleep)
    vPortValidateInterruptPriority           0x000051cd   Thumb Code   106  port.o(i.vPortValidateInterruptPriority)
    vQueueWaitForMessageRestricted           0x00005245   Thumb Code    74  queue.o(i.vQueueWaitForMessageRestricted)
    vTaskDelay                               0x00005291   Thumb Code    82  tasks.o(i.vTaskDelay)
    vTaskInternalSetTimeOutState             0x000052ed   Thumb Code    14  tasks.o(i.vTaskInternalSetTimeOutState)
    vTaskMissedYield                         0x00005305   Thumb Code     8  tasks.o(i.vTaskMissedYield)
    vTaskPlaceOnEventList                    0x00005311   Thumb Code    52  tasks.o(i.vTaskPlaceOnEventList)
    vTaskPlaceOnEventListRestricted          0x00005349   Thumb Code    60  tasks.o(i.vTaskPlaceOnEventListRestricted)
    vTaskResume                              0x00005389   Thumb Code   128  tasks.o(i.vTaskResume)
    vTaskStartScheduler                      0x00005419   Thumb Code   120  tasks.o(i.vTaskStartScheduler)
    vTaskStepTick                            0x000054ad   Thumb Code    56  tasks.o(i.vTaskStepTick)
    vTaskSuspend                             0x000054ed   Thumb Code   210  tasks.o(i.vTaskSuspend)
    vTaskSuspendAll                          0x000055e1   Thumb Code    12  tasks.o(i.vTaskSuspendAll)
    vTaskSwitchContext                       0x000055f1   Thumb Code   118  tasks.o(i.vTaskSwitchContext)
    xPortStartScheduler                      0x0000567d   Thumb Code   330  port.o(i.xPortStartScheduler)
    xQueueGenericCreate                      0x000057e5   Thumb Code    84  queue.o(i.xQueueGenericCreate)
    xQueueGenericReset                       0x00005839   Thumb Code   146  queue.o(i.xQueueGenericReset)
    xQueueGenericSend                        0x000058d1   Thumb Code   466  queue.o(i.xQueueGenericSend)
    xQueueGenericSendFromISR                 0x00005aa9   Thumb Code   274  queue.o(i.xQueueGenericSendFromISR)
    xQueueReceive                            0x00005bbd   Thumb Code   356  queue.o(i.xQueueReceive)
    xTaskCheckForTimeOut                     0x00005d25   Thumb Code   156  tasks.o(i.xTaskCheckForTimeOut)
    xTaskCreate                              0x00005dcd   Thumb Code    96  tasks.o(i.xTaskCreate)
    xTaskGetSchedulerState                   0x00005e2d   Thumb Code    24  tasks.o(i.xTaskGetSchedulerState)
    xTaskGetTickCount                        0x00005e4d   Thumb Code     6  tasks.o(i.xTaskGetTickCount)
    xTaskIncrementTick                       0x00005e59   Thumb Code   282  tasks.o(i.xTaskIncrementTick)
    xTaskPriorityDisinherit                  0x00005fa1   Thumb Code   188  tasks.o(i.xTaskPriorityDisinherit)
    xTaskRemoveFromEventList                 0x00006069   Thumb Code   132  tasks.o(i.xTaskRemoveFromEventList)
    xTaskResumeAll                           0x00006105   Thumb Code   224  tasks.o(i.xTaskResumeAll)
    xTimerCreateTimerTask                    0x00006209   Thumb Code    64  timers.o(i.xTimerCreateTimerTask)
    xTimerGenericCommand                     0x0000625d   Thumb Code   128  timers.o(i.xTimerGenericCommand)
    Region$$Table$$Base                      0x000068b8   Number         0  anon$$obj.o(Region$$Table)
    Region$$Table$$Limit                     0x000068d8   Number         0  anon$$obj.o(Region$$Table)
    mytask_handle                            0x20000000   Data           4  main.o(.data)
    mytask_handle_3                          0x20000004   Data           4  main.o(.data)
    mytask_handle_Reset                      0x20000008   Data           4  main.o(.data)
    global                                   0x2000000c   Data           4  my_tasks.o(.data)
    pui8MsgData                              0x20000010   Data           8  my_tasks.o(.data)
    ui32MsgData_TX                           0x20000018   Data           4  my_tasks.o(.data)
    pui8MsgData_TX                           0x2000001c   Data           4  my_tasks.o(.data)
    g_bRXFlag                                0x20000020   Data           1  my_tasks.o(.data)
    g_bErrFlag                               0x20000021   Data           1  my_tasks.o(.data)
    g_ui32MsgCount                           0x20000024   Data           4  my_tasks.o(.data)
    UARTGetFlag                              0x20000028   Data           1  my_tasks.o(.data)
    SystemCoreClock                          0x20000034   Data           4  system_tm4c123.o(.data)
    pxCurrentTCB                             0x20000058   Data           4  tasks.o(.data)
    ID_Input                                 0x2000066c   Data         100  uart_file.o(.bss)
    sCANMessage                              0x200006d0   Data          20  my_tasks.o(.bss)
    sCANMessage_TX                           0x200006e4   Data          20  my_tasks.o(.bss)
    __initial_sp                             0x20003110   Data           0  startup_tm4c123.o(STACK)



==============================================================================

Memory Map of the image

  Image Entry point : 0x00000371

  Load Region LR_IROM1 (Base: 0x00000000, Size: 0x00006f44, Max: 0x00040000, ABSOLUTE, COMPRESSED[0x000068f0])

    Execution Region ER_IROM1 (Exec base: 0x00000000, Load base: 0x00000000, Size: 0x000068d8, Max: 0x00040000, ABSOLUTE)

    Exec Addr    Load Addr    Size         Type   Attr      Idx    E Section Name        Object

    0x00000000   0x00000000   0x0000026c   Data   RO          453    RESET               startup_tm4c123.o
    0x0000026c   0x0000026c   0x00000000   Code   RO         2771  * .ARM.Collect$$$$00000000  mc_w.l(entry.o)
    0x0000026c   0x0000026c   0x00000004   Code   RO         2784    .ARM.Collect$$$$00000001  mc_w.l(entry2.o)
    0x00000270   0x00000270   0x00000004   Code   RO         2787    .ARM.Collect$$$$00000004  mc_w.l(entry5.o)
    0x00000274   0x00000274   0x00000000   Code   RO         2789    .ARM.Collect$$$$00000008  mc_w.l(entry7b.o)
    0x00000274   0x00000274   0x00000000   Code   RO         2791    .ARM.Collect$$$$0000000A  mc_w.l(entry8b.o)
    0x00000274   0x00000274   0x00000008   Code   RO         2792    .ARM.Collect$$$$0000000B  mc_w.l(entry9a.o)
    0x0000027c   0x0000027c   0x00000000   Code   RO         2794    .ARM.Collect$$$$0000000D  mc_w.l(entry10a.o)
    0x0000027c   0x0000027c   0x00000000   Code   RO         2796    .ARM.Collect$$$$0000000F  mc_w.l(entry11a.o)
    0x0000027c   0x0000027c   0x00000004   Code   RO         2785    .ARM.Collect$$$$00002712  mc_w.l(entry2.o)
    0x00000280   0x00000280   0x000000be   Code   RO          633    .emb_text           port.o
    0x0000033e   0x0000033e   0x00000002   PAD
    0x00000340   0x00000340   0x00000006   Code   RO         2118    .emb_text           driverlib.lib(sysctl.o)
    0x00000346   0x00000346   0x00000002   PAD
    0x00000348   0x00000348   0x00000026   Code   RO         2761    .emb_text           driverlib.lib(cpu.o)
    0x0000036e   0x0000036e   0x00000002   PAD
    0x00000370   0x00000370   0x000000fc   Code   RO          454  * .text               startup_tm4c123.o
    0x0000046c   0x0000046c   0x00000024   Code   RO         2774    .text               mc_w.l(memcpya.o)
    0x00000490   0x00000490   0x00000024   Code   RO         2776    .text               mc_w.l(memseta.o)
    0x000004b4   0x000004b4   0x0000001c   Code   RO         2780    .text               mc_w.l(strcmp.o)
    0x000004d0   0x000004d0   0x00000024   Code   RO         2798    .text               mc_w.l(init.o)
    0x000004f4   0x000004f4   0x00000056   Code   RO         2808    .text               mc_w.l(__dczerorl2.o)
    0x0000054a   0x0000054a   0x00000002   PAD
    0x0000054c   0x0000054c   0x00000058   Code   RO          125    i.CAN0_Handler      can_rx.o
    0x000005a4   0x000005a4   0x00000070   Code   RO         1543    i.CANBitRateSet     driverlib.lib(can.o)
    0x00000614   0x00000614   0x0000000a   Code   RO         1547    i.CANEnable         driverlib.lib(can.o)
    0x0000061e   0x0000061e   0x00000042   Code   RO         1549    i.CANInit           driverlib.lib(can.o)
    0x00000660   0x00000660   0x00000026   Code   RO         1550    i.CANIntClear       driverlib.lib(can.o)
    0x00000686   0x00000686   0x00000008   Code   RO         1552    i.CANIntEnable      driverlib.lib(can.o)
    0x0000068e   0x0000068e   0x00000020   Code   RO         1554    i.CANIntStatus      driverlib.lib(can.o)
    0x000006ae   0x000006ae   0x0000017a   Code   RO         1557    i.CANMessageGet     driverlib.lib(can.o)
    0x00000828   0x00000828   0x00000166   Code   RO         1558    i.CANMessageSet     driverlib.lib(can.o)
    0x0000098e   0x0000098e   0x00000044   Code   RO         1561    i.CANStatusGet      driverlib.lib(can.o)
    0x000009d2   0x000009d2   0x00000002   PAD
    0x000009d4   0x000009d4   0x00000088   Code   RO          126    i.CAN_Int           can_rx.o
    0x00000a5c   0x00000a5c   0x00001e28   Code   RO          189    i.Dio_init          dio_intpin.o
    0x00002884   0x00002884   0x00000028   Code   RO         1703    i.GPIODirModeSet    driverlib.lib(gpio.o)
    0x000028ac   0x000028ac   0x00000150   Code   RO          285    i.GPIOF_Handler     switch_interput.o
    0x000029fc   0x000029fc   0x00000006   Code   RO         1704    i.GPIOIntClear      driverlib.lib(gpio.o)
    0x00002a02   0x00002a02   0x0000000c   Code   RO         1706    i.GPIOIntEnable     driverlib.lib(gpio.o)
    0x00002a0e   0x00002a0e   0x0000001a   Code   RO         1707    i.GPIOIntRegister   driverlib.lib(gpio.o)
    0x00002a28   0x00002a28   0x0000000e   Code   RO         1709    i.GPIOIntStatus     driverlib.lib(gpio.o)
    0x00002a36   0x00002a36   0x00000050   Code   RO         1711    i.GPIOIntTypeSet    driverlib.lib(gpio.o)
    0x00002a86   0x00002a86   0x00000138   Code   RO         1715    i.GPIOPadConfigSet  driverlib.lib(gpio.o)
    0x00002bbe   0x00002bbe   0x00000002   PAD
    0x00002bc0   0x00002bc0   0x00000044   Code   RO         1716    i.GPIOPinConfigure  driverlib.lib(gpio.o)
    0x00002c04   0x00002c04   0x00000006   Code   RO         1717    i.GPIOPinRead       driverlib.lib(gpio.o)
    0x00002c0a   0x00002c0a   0x0000001c   Code   RO         1719    i.GPIOPinTypeCAN    driverlib.lib(gpio.o)
    0x00002c26   0x00002c26   0x0000001c   Code   RO         1726    i.GPIOPinTypeGPIOInput  driverlib.lib(gpio.o)
    0x00002c42   0x00002c42   0x0000001c   Code   RO         1739    i.GPIOPinTypeUART   driverlib.lib(gpio.o)
    0x00002c5e   0x00002c5e   0x00000002   PAD
    0x00002c60   0x00002c60   0x00000060   Code   RO          312    i.InitConsole       uart_file.o
    0x00002cc0   0x00002cc0   0x00000064   Code   RO         2006    i.IntEnable         driverlib.lib(interrupt.o)
    0x00002d24   0x00002d24   0x0000000e   Code   RO         2009    i.IntMasterEnable   driverlib.lib(interrupt.o)
    0x00002d32   0x00002d32   0x00000002   PAD
    0x00002d34   0x00002d34   0x00000034   Code   RO         2018    i.IntRegister       driverlib.lib(interrupt.o)
    0x00002d68   0x00002d68   0x00000038   Code   RO          207    i.LAMP              lamp.o
    0x00002da0   0x00002da0   0x00000154   Code   RO         2121    i.SysCtlClockGet    driverlib.lib(sysctl.o)
    0x00002ef4   0x00002ef4   0x00000120   Code   RO         2123    i.SysCtlClockSet    driverlib.lib(sysctl.o)
    0x00003014   0x00003014   0x00000028   Code   RO         2152    i.SysCtlPeripheralEnable  driverlib.lib(sysctl.o)
    0x0000303c   0x0000303c   0x0000002c   Code   RO         2155    i.SysCtlPeripheralPresent  driverlib.lib(sysctl.o)
    0x00003068   0x00003068   0x0000002c   Code   RO         2156    i.SysCtlPeripheralReady  driverlib.lib(sysctl.o)
    0x00003094   0x00003094   0x00000034   Code   RO          634    i.SysTick_Handler   port.o
    0x000030c8   0x000030c8   0x00000098   Code   RO          463    i.SystemInit        system_tm4c123.o
    0x00003160   0x00003160   0x00000020   Code   RO          343    i.Task2             my_tasks.o
    0x00003180   0x00003180   0x00000070   Code   RO          344    i.Task_UART         my_tasks.o
    0x000031f0   0x000031f0   0x00000028   Code   RO          313    i.UART0_Handler     uart_file.o
    0x00003218   0x00003218   0x0000000c   Code   RO         2472    i.UARTCharGet       driverlib.lib(uart.o)
    0x00003224   0x00003224   0x0000000c   Code   RO         2474    i.UARTCharPut       driverlib.lib(uart.o)
    0x00003230   0x00003230   0x00000006   Code   RO         2478    i.UARTClockSourceSet  driverlib.lib(uart.o)
    0x00003236   0x00003236   0x0000006e   Code   RO         2480    i.UARTConfigSetExpClk  driverlib.lib(uart.o)
    0x000032a4   0x000032a4   0x00000014   Code   RO         2485    i.UARTEnable        driverlib.lib(uart.o)
    0x000032b8   0x000032b8   0x00000004   Code   RO         2493    i.UARTIntClear      driverlib.lib(uart.o)
    0x000032bc   0x000032bc   0x00000008   Code   RO         2495    i.UARTIntEnable     driverlib.lib(uart.o)
    0x000032c4   0x000032c4   0x0000000a   Code   RO         2497    i.UARTIntStatus     driverlib.lib(uart.o)
    0x000032ce   0x000032ce   0x00000002   PAD
    0x000032d0   0x000032d0   0x00000050   Code   RO          372    i.UARTStdioConfig   uartstdio.o
    0x00003320   0x00003320   0x00000090   Code   RO          374    i.UARTgets          uartstdio.o
    0x000033b0   0x000033b0   0x00000034   Code   RO          377    i.UARTwrite         uartstdio.o
    0x000033e4   0x000033e4   0x00000ad8   Code   RO          314    i.Writer            uart_file.o
    0x00003ebc   0x00003ebc   0x00000050   Code   RO         1746    i._GPIOIntNumberGet  driverlib.lib(gpio.o)
    0x00003f0c   0x00003f0c   0x0000000e   Code   RO         2802    i.__scatterload_copy  mc_w.l(handlers.o)
    0x00003f1a   0x00003f1a   0x00000002   Code   RO         2803    i.__scatterload_null  mc_w.l(handlers.o)
    0x00003f1c   0x00003f1c   0x0000000e   Code   RO         2804    i.__scatterload_zeroinit  mc_w.l(handlers.o)
    0x00003f2a   0x00003f2a   0x00000002   PAD
    0x00003f2c   0x00003f2c   0x0000005c   Code   RO          127    i.can_ID            can_rx.o
    0x00003f88   0x00003f88   0x0000003c   Code   RO          968    i.eTaskConfirmSleepModeStatus  tasks.o
    0x00003fc4   0x00003fc4   0x0000000e   Code   RO          219    i.lighting_Green    lighting.o
    0x00003fd2   0x00003fd2   0x0000000e   Code   RO          220    i.lighting_blue     lighting.o
    0x00003fe0   0x00003fe0   0x0000000e   Code   RO          222    i.lighting_red      lighting.o
    0x00003fee   0x00003fee   0x0000000e   Code   RO          223    i.lighting_white    lighting.o
    0x00003ffc   0x00003ffc   0x00000094   Code   RO            1    i.main              main.o
    0x00004090   0x00004090   0x000000a8   Code   RO          286    i.portF_init        switch_interput.o
    0x00004138   0x00004138   0x000000a4   Code   RO          971    i.prvAddCurrentTaskToDelayedList  tasks.o
    0x000041dc   0x000041dc   0x000000b8   Code   RO          972    i.prvAddNewTaskToReadyList  tasks.o
    0x00004294   0x00004294   0x0000004c   Code   RO         1386    i.prvCheckForValidListAndQueue  timers.o
    0x000042e0   0x000042e0   0x00000048   Code   RO          973    i.prvCheckTasksWaitingTermination  tasks.o
    0x00004328   0x00004328   0x0000002a   Code   RO          716    i.prvCopyDataFromQueue  queue.o
    0x00004352   0x00004352   0x0000007e   Code   RO          717    i.prvCopyDataToQueue  queue.o
    0x000043d0   0x000043d0   0x00000012   Code   RO          974    i.prvDeleteTCB      tasks.o
    0x000043e2   0x000043e2   0x00000002   PAD
    0x000043e4   0x000043e4   0x0000004c   Code   RO          975    i.prvGetExpectedIdleTime  tasks.o
    0x00004430   0x00004430   0x00000028   Code   RO         1387    i.prvGetNextExpireTime  timers.o
    0x00004458   0x00004458   0x0000007c   Code   RO          976    i.prvIdleTask       tasks.o
    0x000044d4   0x000044d4   0x0000002e   Code   RO          720    i.prvInitialiseNewQueue  queue.o
    0x00004502   0x00004502   0x000000c2   Code   RO          977    i.prvInitialiseNewTask  tasks.o
    0x000045c4   0x000045c4   0x00000068   Code   RO          978    i.prvInitialiseTaskLists  tasks.o
    0x0000462c   0x0000462c   0x00000058   Code   RO         1389    i.prvInsertTimerInActiveList  timers.o
    0x00004684   0x00004684   0x0000001a   Code   RO          721    i.prvIsQueueEmpty   queue.o
    0x0000469e   0x0000469e   0x0000001e   Code   RO          722    i.prvIsQueueFull    queue.o
    0x000046bc   0x000046bc   0x0000008a   Code   RO          723    i.prvNotifyQueueSetContainer  queue.o
    0x00004746   0x00004746   0x00000002   PAD
    0x00004748   0x00004748   0x00000074   Code   RO         1390    i.prvProcessExpiredTimer  timers.o
    0x000047bc   0x000047bc   0x00000164   Code   RO         1391    i.prvProcessReceivedCommands  timers.o
    0x00004920   0x00004920   0x00000074   Code   RO         1392    i.prvProcessTimerOrBlockTask  timers.o
    0x00004994   0x00004994   0x00000034   Code   RO          980    i.prvResetNextTaskUnblockTime  tasks.o
    0x000049c8   0x000049c8   0x0000002c   Code   RO         1393    i.prvSampleTimeNow  timers.o
    0x000049f4   0x000049f4   0x000000a4   Code   RO         1394    i.prvSwitchTimerLists  timers.o
    0x00004a98   0x00004a98   0x00000040   Code   RO          635    i.prvTaskExitError  port.o
    0x00004ad8   0x00004ad8   0x00000058   Code   RO          983    i.prvTaskIsTaskSuspended  tasks.o
    0x00004b30   0x00004b30   0x0000001a   Code   RO         1395    i.prvTimerTask      timers.o
    0x00004b4a   0x00004b4a   0x00000090   Code   RO          724    i.prvUnlockQueue    queue.o
    0x00004bda   0x00004bda   0x00000002   PAD
    0x00004bdc   0x00004bdc   0x00000070   Code   RO          588    i.pvPortMalloc      heap_1.o
    0x00004c4c   0x00004c4c   0x0000002c   Code   RO          636    i.pxPortInitialiseStack  port.o
    0x00004c78   0x00004c78   0x00000258   Code   RO          255    i.state             state_receiver.o
    0x00004ed0   0x00004ed0   0x00000028   Code   RO          537    i.uxListRemove      list.o
    0x00004ef8   0x00004ef8   0x0000001a   Code   RO          538    i.vListInitialise   list.o
    0x00004f12   0x00004f12   0x00000006   Code   RO          539    i.vListInitialiseItem  list.o
    0x00004f18   0x00004f18   0x00000034   Code   RO          540    i.vListInsert       list.o
    0x00004f4c   0x00004f4c   0x00000018   Code   RO          541    i.vListInsertEnd    list.o
    0x00004f64   0x00004f64   0x00000054   Code   RO          638    i.vPortEnterCritical  port.o
    0x00004fb8   0x00004fb8   0x0000003c   Code   RO          639    i.vPortExitCritical  port.o
    0x00004ff4   0x00004ff4   0x00000022   Code   RO          589    i.vPortFree         heap_1.o
    0x00005016   0x00005016   0x00000002   PAD
    0x00005018   0x00005018   0x00000068   Code   RO          640    i.vPortSetupTimerInterrupt  port.o
    0x00005080   0x00005080   0x0000014c   Code   RO          641    i.vPortSuppressTicksAndSleep  port.o
    0x000051cc   0x000051cc   0x00000078   Code   RO          642    i.vPortValidateInterruptPriority  port.o
    0x00005244   0x00005244   0x0000004a   Code   RO          732    i.vQueueWaitForMessageRestricted  queue.o
    0x0000528e   0x0000528e   0x00000002   PAD
    0x00005290   0x00005290   0x0000005c   Code   RO          995    i.vTaskDelay        tasks.o
    0x000052ec   0x000052ec   0x00000018   Code   RO         1000    i.vTaskInternalSetTimeOutState  tasks.o
    0x00005304   0x00005304   0x0000000c   Code   RO         1001    i.vTaskMissedYield  tasks.o
    0x00005310   0x00005310   0x00000038   Code   RO         1003    i.vTaskPlaceOnEventList  tasks.o
    0x00005348   0x00005348   0x00000040   Code   RO         1004    i.vTaskPlaceOnEventListRestricted  tasks.o
    0x00005388   0x00005388   0x00000090   Code   RO         1009    i.vTaskResume       tasks.o
    0x00005418   0x00005418   0x00000094   Code   RO         1012    i.vTaskStartScheduler  tasks.o
    0x000054ac   0x000054ac   0x00000040   Code   RO         1013    i.vTaskStepTick     tasks.o
    0x000054ec   0x000054ec   0x000000f4   Code   RO         1014    i.vTaskSuspend      tasks.o
    0x000055e0   0x000055e0   0x00000010   Code   RO         1015    i.vTaskSuspendAll   tasks.o
    0x000055f0   0x000055f0   0x0000008c   Code   RO         1016    i.vTaskSwitchContext  tasks.o
    0x0000567c   0x0000567c   0x00000168   Code   RO          643    i.xPortStartScheduler  port.o
    0x000057e4   0x000057e4   0x00000054   Code   RO          737    i.xQueueGenericCreate  queue.o
    0x00005838   0x00005838   0x00000098   Code   RO          738    i.xQueueGenericReset  queue.o
    0x000058d0   0x000058d0   0x000001d8   Code   RO          739    i.xQueueGenericSend  queue.o
    0x00005aa8   0x00005aa8   0x00000112   Code   RO          740    i.xQueueGenericSendFromISR  queue.o
    0x00005bba   0x00005bba   0x00000002   PAD
    0x00005bbc   0x00005bbc   0x00000168   Code   RO          749    i.xQueueReceive     queue.o
    0x00005d24   0x00005d24   0x000000a8   Code   RO         1019    i.xTaskCheckForTimeOut  tasks.o
    0x00005dcc   0x00005dcc   0x00000060   Code   RO         1020    i.xTaskCreate       tasks.o
    0x00005e2c   0x00005e2c   0x00000020   Code   RO         1026    i.xTaskGetSchedulerState  tasks.o
    0x00005e4c   0x00005e4c   0x0000000c   Code   RO         1027    i.xTaskGetTickCount  tasks.o
    0x00005e58   0x00005e58   0x00000148   Code   RO         1029    i.xTaskIncrementTick  tasks.o
    0x00005fa0   0x00005fa0   0x000000c8   Code   RO         1032    i.xTaskPriorityDisinherit  tasks.o
    0x00006068   0x00006068   0x0000009c   Code   RO         1034    i.xTaskRemoveFromEventList  tasks.o
    0x00006104   0x00006104   0x00000104   Code   RO         1035    i.xTaskResumeAll    tasks.o
    0x00006208   0x00006208   0x00000054   Code   RO         1403    i.xTimerCreateTimerTask  timers.o
    0x0000625c   0x0000625c   0x00000084   Code   RO         1404    i.xTimerGenericCommand  timers.o
    0x000062e0   0x000062e0   0x0000001c   Data   RO          378    .constdata          uartstdio.o
    0x000062fc   0x000062fc   0x00000020   Data   RO         1562    .constdata          driverlib.lib(can.o)
    0x0000631c   0x0000631c   0x00000228   Data   RO         1747    .constdata          driverlib.lib(gpio.o)
    0x00006544   0x00006544   0x0000010c   Data   RO         2022    .constdata          driverlib.lib(interrupt.o)
    0x00006650   0x00006650   0x00000254   Data   RO         2174    .constdata          driverlib.lib(sysctl.o)
    0x000068a4   0x000068a4   0x00000011   Data   RO          379    .conststring        uartstdio.o
    0x000068b5   0x000068b5   0x00000003   PAD
    0x000068b8   0x000068b8   0x00000020   Data   RO         2800    Region$$Table       anon$$obj.o


    Execution Region RW_IRAM1 (Exec base: 0x20000000, Load base: 0x000068d8, Size: 0x00003110, Max: 0x00008000, ABSOLUTE, COMPRESSED[0x00000018])

    Exec Addr    Load Addr    Size         Type   Attr      Idx    E Section Name        Object

    0x20000000   COMPRESSED   0x0000000c   Data   RW            2    .data               main.o
    0x2000000c   COMPRESSED   0x0000001d   Data   RW          346    .data               my_tasks.o
    0x20000029   COMPRESSED   0x00000003   PAD
    0x2000002c   COMPRESSED   0x00000005   Data   RW          380    .data               uartstdio.o
    0x20000031   COMPRESSED   0x00000003   PAD
    0x20000034   COMPRESSED   0x00000004   Data   RW          465    .data               system_tm4c123.o
    0x20000038   COMPRESSED   0x00000008   Data   RW          593    .data               heap_1.o
    0x20000040   COMPRESSED   0x00000018   Data   RW          644    .data               port.o
    0x20000058   COMPRESSED   0x0000003c   Data   RW         1038    .data               tasks.o
    0x20000094   COMPRESSED   0x00000014   Data   RW         1412    .data               timers.o
    0x200000a8   COMPRESSED   0x00000358   PAD
    0x20000400   COMPRESSED   0x0000026c   Data   RW         2023    vtable              driverlib.lib(interrupt.o)
    0x2000066c        -       0x00000064   Zero   RW          315    .bss                uart_file.o
    0x200006d0        -       0x00000028   Zero   RW          345    .bss                my_tasks.o
    0x200006f8        -       0x00002728   Zero   RW          592    .bss                heap_1.o
    0x20002e20        -       0x000000c8   Zero   RW         1037    .bss                tasks.o
    0x20002ee8        -       0x00000028   Zero   RW         1411    .bss                timers.o
    0x20002f10        -       0x00000200   Zero   RW          451    STACK               startup_tm4c123.o


==============================================================================

Image component sizes


      Code (inc. data)   RO Data    RW Data    ZI Data      Debug   Object Name

       316         72          0          0          0       2522   can_rx.o
      7720        142          0          0          0       3895   dio_intpin.o
       146         14          0          8      10024      10887   heap_1.o
        56          4          0          0          0        551   lamp.o
        56          0          0          0          0       2021   lighting.o
       148          0          0          0          0       5174   list.o
       148         40          0         12          0      20555   main.o
       144         38          0         29         40       1886   my_tasks.o
      1410        118          0         24          0      13614   port.o
      1968         16          0          0          0      25575   queue.o
       252         10        620          0        512       5436   startup_tm4c123.o
       600         36          0          0          0       1872   state_receiver.o
       504         62          0          0          0       1353   switch_interput.o
       152         40          0          4          0        791   system_tm4c123.o
      3392        464          0         60        200      31405   tasks.o
      1242        106          0         20         40      13415   timers.o
      2912        448          0          0        100       3476   uart_file.o
       276         36         45          5          0       3049   uartstdio.o

    ----------------------------------------------------------------------
     21456       1646        700       1024      10916     147477   Object Totals
         0          0         32          0          0          0   (incl. Generated)
        14          0          3        862          0          0   (incl. Padding)

    ----------------------------------------------------------------------

      Code (inc. data)   RO Data    RW Data    ZI Data      Debug   Library Member Name

      1070         10         32          0          0      12793   can.o
        38          0          0          0          0        572   cpu.o
       728         26        552          0          0       8337   gpio.o
       166         16        268        620          0       2668   interrupt.o
       762         66        596          0          0       5449   sysctl.o
       182          0          0          0          0       4971   uart.o
        86          0          0          0          0          0   __dczerorl2.o
         0          0          0          0          0          0   entry.o
         0          0          0          0          0          0   entry10a.o
         0          0          0          0          0          0   entry11a.o
         8          4          0          0          0          0   entry2.o
         4          0          0          0          0          0   entry5.o
         0          0          0          0          0          0   entry7b.o
         0          0          0          0          0          0   entry8b.o
         8          4          0          0          0          0   entry9a.o
        30          0          0          0          0          0   handlers.o
        36          8          0          0          0         68   init.o
        36          0          0          0          0         68   memcpya.o
        36          0          0          0          0        108   memseta.o
        28          0          0          0          0         76   strcmp.o

    ----------------------------------------------------------------------
      3236        134       1448        620          0      35110   Library Totals
        18          0          0          0          0          0   (incl. Padding)

    ----------------------------------------------------------------------

      Code (inc. data)   RO Data    RW Data    ZI Data      Debug   Library Name

      2946        118       1448        620          0      34790   driverlib.lib
       272         16          0          0          0        320   mc_w.l

    ----------------------------------------------------------------------
      3236        134       1448        620          0      35110   Library Totals

    ----------------------------------------------------------------------

==============================================================================


      Code (inc. data)   RO Data    RW Data    ZI Data      Debug   

     24692       1780       2148       1644      10916     170167   Grand Totals
     24692       1780       2148         24      10916     170167   ELF Image Totals (compressed)
     24692       1780       2148         24          0          0   ROM Totals

==============================================================================

    Total RO  Size (Code + RO Data)                26840 (  26.21kB)
    Total RW  Size (RW Data + ZI Data)             12560 (  12.27kB)
    Total ROM Size (Code + RO Data + RW Data)      26864 (  26.23kB)

==============================================================================

